Archive member included to satisfy reference by file (symbol)

D:/PROGRAMS_INSTALLATION/STM32CubeIDE_1.14.1/STM32CubeIDE/plugins/com.st.stm32cube.ide.mcu.externaltools.gnu-tools-for-stm32.11.3.rel1.win32_1.1.100.202309141235/tools/bin/../lib/gcc/arm-none-eabi/11.3.1/../../../../arm-none-eabi/lib/thumb/v7e-m+fp/hard\libc_nano.a(libc_a-atoi.o)
                              ./Core/Src/main.o (atoi)
D:/PROGRAMS_INSTALLATION/STM32CubeIDE_1.14.1/STM32CubeIDE/plugins/com.st.stm32cube.ide.mcu.externaltools.gnu-tools-for-stm32.11.3.rel1.win32_1.1.100.202309141235/tools/bin/../lib/gcc/arm-none-eabi/11.3.1/../../../../arm-none-eabi/lib/thumb/v7e-m+fp/hard\libc_nano.a(libc_a-exit.o)
                              D:/PROGRAMS_INSTALLATION/STM32CubeIDE_1.14.1/STM32CubeIDE/plugins/com.st.stm32cube.ide.mcu.externaltools.gnu-tools-for-stm32.11.3.rel1.win32_1.1.100.202309141235/tools/bin/../lib/gcc/arm-none-eabi/11.3.1/../../../../arm-none-eabi/lib/thumb/v7e-m+fp/hard/crt0.o (exit)
D:/PROGRAMS_INSTALLATION/STM32CubeIDE_1.14.1/STM32CubeIDE/plugins/com.st.stm32cube.ide.mcu.externaltools.gnu-tools-for-stm32.11.3.rel1.win32_1.1.100.202309141235/tools/bin/../lib/gcc/arm-none-eabi/11.3.1/../../../../arm-none-eabi/lib/thumb/v7e-m+fp/hard\libc_nano.a(libc_a-strtol.o)
                              D:/PROGRAMS_INSTALLATION/STM32CubeIDE_1.14.1/STM32CubeIDE/plugins/com.st.stm32cube.ide.mcu.externaltools.gnu-tools-for-stm32.11.3.rel1.win32_1.1.100.202309141235/tools/bin/../lib/gcc/arm-none-eabi/11.3.1/../../../../arm-none-eabi/lib/thumb/v7e-m+fp/hard\libc_nano.a(libc_a-atoi.o) (_strtol_r)
D:/PROGRAMS_INSTALLATION/STM32CubeIDE_1.14.1/STM32CubeIDE/plugins/com.st.stm32cube.ide.mcu.externaltools.gnu-tools-for-stm32.11.3.rel1.win32_1.1.100.202309141235/tools/bin/../lib/gcc/arm-none-eabi/11.3.1/../../../../arm-none-eabi/lib/thumb/v7e-m+fp/hard\libc_nano.a(libc_a-ctype_.o)
                              D:/PROGRAMS_INSTALLATION/STM32CubeIDE_1.14.1/STM32CubeIDE/plugins/com.st.stm32cube.ide.mcu.externaltools.gnu-tools-for-stm32.11.3.rel1.win32_1.1.100.202309141235/tools/bin/../lib/gcc/arm-none-eabi/11.3.1/../../../../arm-none-eabi/lib/thumb/v7e-m+fp/hard\libc_nano.a(libc_a-strtol.o) (_ctype_)
D:/PROGRAMS_INSTALLATION/STM32CubeIDE_1.14.1/STM32CubeIDE/plugins/com.st.stm32cube.ide.mcu.externaltools.gnu-tools-for-stm32.11.3.rel1.win32_1.1.100.202309141235/tools/bin/../lib/gcc/arm-none-eabi/11.3.1/../../../../arm-none-eabi/lib/thumb/v7e-m+fp/hard\libc_nano.a(libc_a-findfp.o)
                              D:/PROGRAMS_INSTALLATION/STM32CubeIDE_1.14.1/STM32CubeIDE/plugins/com.st.stm32cube.ide.mcu.externaltools.gnu-tools-for-stm32.11.3.rel1.win32_1.1.100.202309141235/tools/bin/../lib/gcc/arm-none-eabi/11.3.1/../../../../arm-none-eabi/lib/thumb/v7e-m+fp/hard\libc_nano.a(libc_a-exit.o) (__stdio_exit_handler)
D:/PROGRAMS_INSTALLATION/STM32CubeIDE_1.14.1/STM32CubeIDE/plugins/com.st.stm32cube.ide.mcu.externaltools.gnu-tools-for-stm32.11.3.rel1.win32_1.1.100.202309141235/tools/bin/../lib/gcc/arm-none-eabi/11.3.1/../../../../arm-none-eabi/lib/thumb/v7e-m+fp/hard\libc_nano.a(libc_a-fwalk.o)
                              D:/PROGRAMS_INSTALLATION/STM32CubeIDE_1.14.1/STM32CubeIDE/plugins/com.st.stm32cube.ide.mcu.externaltools.gnu-tools-for-stm32.11.3.rel1.win32_1.1.100.202309141235/tools/bin/../lib/gcc/arm-none-eabi/11.3.1/../../../../arm-none-eabi/lib/thumb/v7e-m+fp/hard\libc_nano.a(libc_a-findfp.o) (_fwalk_sglue)
D:/PROGRAMS_INSTALLATION/STM32CubeIDE_1.14.1/STM32CubeIDE/plugins/com.st.stm32cube.ide.mcu.externaltools.gnu-tools-for-stm32.11.3.rel1.win32_1.1.100.202309141235/tools/bin/../lib/gcc/arm-none-eabi/11.3.1/../../../../arm-none-eabi/lib/thumb/v7e-m+fp/hard\libc_nano.a(libc_a-sprintf.o)
                              ./Middlewares/Third_Party/FreeRTOS/Source/tasks.o (sprintf)
D:/PROGRAMS_INSTALLATION/STM32CubeIDE_1.14.1/STM32CubeIDE/plugins/com.st.stm32cube.ide.mcu.externaltools.gnu-tools-for-stm32.11.3.rel1.win32_1.1.100.202309141235/tools/bin/../lib/gcc/arm-none-eabi/11.3.1/../../../../arm-none-eabi/lib/thumb/v7e-m+fp/hard\libc_nano.a(libc_a-stdio.o)
                              D:/PROGRAMS_INSTALLATION/STM32CubeIDE_1.14.1/STM32CubeIDE/plugins/com.st.stm32cube.ide.mcu.externaltools.gnu-tools-for-stm32.11.3.rel1.win32_1.1.100.202309141235/tools/bin/../lib/gcc/arm-none-eabi/11.3.1/../../../../arm-none-eabi/lib/thumb/v7e-m+fp/hard\libc_nano.a(libc_a-findfp.o) (__sread)
D:/PROGRAMS_INSTALLATION/STM32CubeIDE_1.14.1/STM32CubeIDE/plugins/com.st.stm32cube.ide.mcu.externaltools.gnu-tools-for-stm32.11.3.rel1.win32_1.1.100.202309141235/tools/bin/../lib/gcc/arm-none-eabi/11.3.1/../../../../arm-none-eabi/lib/thumb/v7e-m+fp/hard\libc_nano.a(libc_a-memset.o)
                              D:/PROGRAMS_INSTALLATION/STM32CubeIDE_1.14.1/STM32CubeIDE/plugins/com.st.stm32cube.ide.mcu.externaltools.gnu-tools-for-stm32.11.3.rel1.win32_1.1.100.202309141235/tools/bin/../lib/gcc/arm-none-eabi/11.3.1/../../../../arm-none-eabi/lib/thumb/v7e-m+fp/hard/crt0.o (memset)
[...]
Memory Configuration

Name             Origin             Length             Attributes
RAM              0x0000000020000000 0x0000000000020000 xrw
FLASH            0x0000000008000000 0x0000000000080000 xr
*default*        0x0000000000000000 0xffffffffffffffff

Linker script and memory map

LOAD D:/PROGRAMS_INSTALLATION/STM32CubeIDE_1.14.1/STM32CubeIDE/plugins/com.st.stm32cube.ide.mcu.externaltools.gnu-tools-for-stm32.11.3.rel1.win32_1.1.100.202309141235/tools/bin/../lib/gcc/arm-none-eabi/11.3.1/thumb/v7e-m+fp/hard/crti.o
LOAD D:/PROGRAMS_INSTALLATION/STM32CubeIDE_1.14.1/STM32CubeIDE/plugins/com.st.stm32cube.ide.mcu.externaltools.gnu-tools-for-stm32.11.3.rel1.win32_1.1.100.202309141235/tools/bin/../lib/gcc/arm-none-eabi/11.3.1/thumb/v7e-m+fp/hard/crtbegin.o
LOAD D:/PROGRAMS_INSTALLATION/STM32CubeIDE_1.14.1/STM32CubeIDE/plugins/com.st.stm32cube.ide.mcu.externaltools.gnu-tools-for-stm32.11.3.rel1.win32_1.1.100.202309141235/tools/bin/../lib/gcc/arm-none-eabi/11.3.1/../../../../arm-none-eabi/lib/thumb/v7e-m+fp/hard/crt0.o
LOAD ./Core/Src/freertos.o
LOAD ./Core/Src/main.o
LOAD ./Core/Src/stm32f4xx_hal_msp.o
LOAD ./Core/Src/stm32f4xx_hal_timebase_tim.o
LOAD ./Core/Src/stm32f4xx_it.o
LOAD ./Core/Src/syscalls.o
LOAD ./Core/Src/sysmem.o
LOAD ./Core/Src/system_stm32f4xx.o
LOAD ./Core/Startup/startup_stm32f411ceux.o
LOAD ./Drivers/ECUAL/NRF24/NRF.o
LOAD ./Drivers/STM32F4xx_HAL_Driver/Src/stm32f4xx_hal.o
LOAD ./Drivers/STM32F4xx_HAL_Driver/Src/stm32f4xx_hal_cortex.o
LOAD ./Drivers/STM32F4xx_HAL_Driver/Src/stm32f4xx_hal_dma.o
LOAD ./Drivers/STM32F4xx_HAL_Driver/Src/stm32f4xx_hal_dma_ex.o
LOAD ./Drivers/STM32F4xx_HAL_Driver/Src/stm32f4xx_hal_exti.o
LOAD ./Drivers/STM32F4xx_HAL_Driver/Src/stm32f4xx_hal_flash.o
LOAD ./Drivers/STM32F4xx_HAL_Driver/Src/stm32f4xx_hal_flash_ex.o
LOAD ./Drivers/STM32F4xx_HAL_Driver/Src/stm32f4xx_hal_flash_ramfunc.o
LOAD ./Drivers/STM32F4xx_HAL_Driver/Src/stm32f4xx_hal_gpio.o
LOAD ./Drivers/STM32F4xx_HAL_Driver/Src/stm32f4xx_hal_pwr.o
LOAD ./Drivers/STM32F4xx_HAL_Driver/Src/stm32f4xx_hal_pwr_ex.o
LOAD ./Drivers/STM32F4xx_HAL_Driver/Src/stm32f4xx_hal_rcc.o
LOAD ./Drivers/STM32F4xx_HAL_Driver/Src/stm32f4xx_hal_rcc_ex.o
LOAD ./Drivers/STM32F4xx_HAL_Driver/Src/stm32f4xx_hal_spi.o
LOAD ./Drivers/STM32F4xx_HAL_Driver/Src/stm32f4xx_hal_tim.o
LOAD ./Drivers/STM32F4xx_HAL_Driver/Src/stm32f4xx_hal_tim_ex.o
LOAD ./Drivers/STM32F4xx_HAL_Driver/Src/stm32f4xx_hal_uart.o
LOAD ./Middlewares/Third_Party/FreeRTOS/Source/CMSIS_RTOS_V2/cmsis_os2.o
LOAD ./Middlewares/Third_Party/FreeRTOS/Source/croutine.o
LOAD ./Middlewares/Third_Party/FreeRTOS/Source/event_groups.o
LOAD ./Middlewares/Third_Party/FreeRTOS/Source/list.o
LOAD ./Middlewares/Third_Party/FreeRTOS/Source/queue.o
LOAD ./Middlewares/Third_Party/FreeRTOS/Source/stream_buffer.o
LOAD ./Middlewares/Third_Party/FreeRTOS/Source/tasks.o
LOAD ./Middlewares/Third_Party/FreeRTOS/Source/timers.o
LOAD ./Middlewares/Third_Party/FreeRTOS/Source/portable/GCC/ARM_CM4F/port.o
LOAD ./Middlewares/Third_Party/FreeRTOS/Source/portable/MemMang/heap_4.o
START GROUP
LOAD D:/PROGRAMS_INSTALLATION/STM32CubeIDE_1.14.1/STM32CubeIDE/plugins/com.st.stm32cube.ide.mcu.externaltools.gnu-tools-for-stm32.11.3.rel1.win32_1.1.100.202309141235/tools/bin/../lib/gcc/arm-none-eabi/11.3.1/../../../../arm-none-eabi/lib/thumb/v7e-m+fp/hard\libc_nano.a
LOAD D:/PROGRAMS_INSTALLATION/STM32CubeIDE_1.14.1/STM32CubeIDE/plugins/com.st.stm32cube.ide.mcu.externaltools.gnu-tools-for-stm32.11.3.rel1.win32_1.1.100.202309141235/tools/bin/../lib/gcc/arm-none-eabi/11.3.1/../../../../arm-none-eabi/lib/thumb/v7e-m+fp/hard\libm.a
END GROUP
START GROUP
LOAD D:/PROGRAMS_INSTALLATION/STM32CubeIDE_1.14.1/STM32CubeIDE/plugins/com.st.stm32cube.ide.mcu.externaltools.gnu-tools-for-stm32.11.3.rel1.win32_1.1.100.202309141235/tools/bin/../lib/gcc/arm-none-eabi/11.3.1/thumb/v7e-m+fp/hard\libgcc.a
LOAD D:/PROGRAMS_INSTALLATION/STM32CubeIDE_1.14.1/STM32CubeIDE/plugins/com.st.stm32cube.ide.mcu.externaltools.gnu-tools-for-stm32.11.3.rel1.win32_1.1.100.202309141235/tools/bin/../lib/gcc/arm-none-eabi/11.3.1/../../../../arm-none-eabi/lib/thumb/v7e-m+fp/hard\libc_nano.a
END GROUP
START GROUP
LOAD D:/PROGRAMS_INSTALLATION/STM32CubeIDE_1.14.1/STM32CubeIDE/plugins/com.st.stm32cube.ide.mcu.externaltools.gnu-tools-for-stm32.11.3.rel1.win32_1.1.100.202309141235/tools/bin/../lib/gcc/arm-none-eabi/11.3.1/thumb/v7e-m+fp/hard\libgcc.a
LOAD D:/PROGRAMS_INSTALLATION/STM32CubeIDE_1.14.1/STM32CubeIDE/plugins/com.st.stm32cube.ide.mcu.externaltools.gnu-tools-for-stm32.11.3.rel1.win32_1.1.100.202309141235/tools/bin/../lib/gcc/arm-none-eabi/11.3.1/../../../../arm-none-eabi/lib/thumb/v7e-m+fp/hard\libc_nano.a
LOAD D:/PROGRAMS_INSTALLATION/STM32CubeIDE_1.14.1/STM32CubeIDE/plugins/com.st.stm32cube.ide.mcu.externaltools.gnu-tools-for-stm32.11.3.rel1.win32_1.1.100.202309141235/tools/bin/../lib/gcc/arm-none-eabi/11.3.1/../../../../arm-none-eabi/lib/thumb/v7e-m+fp/hard\libnosys.a
END GROUP
START GROUP
LOAD D:/PROGRAMS_INSTALLATION/STM32CubeIDE_1.14.1/STM32CubeIDE/plugins/com.st.stm32cube.ide.mcu.externaltools.gnu-tools-for-stm32.11.3.rel1.win32_1.1.100.202309141235/tools/bin/../lib/gcc/arm-none-eabi/11.3.1/thumb/v7e-m+fp/hard\libgcc.a
LOAD D:/PROGRAMS_INSTALLATION/STM32CubeIDE_1.14.1/STM32CubeIDE/plugins/com.st.stm32cube.ide.mcu.externaltools.gnu-tools-for-stm32.11.3.rel1.win32_1.1.100.202309141235/tools/bin/../lib/gcc/arm-none-eabi/11.3.1/../../../../arm-none-eabi/lib/thumb/v7e-m+fp/hard\libc_nano.a
LOAD D:/PROGRAMS_INSTALLATION/STM32CubeIDE_1.14.1/STM32CubeIDE/plugins/com.st.stm32cube.ide.mcu.externaltools.gnu-tools-for-stm32.11.3.rel1.win32_1.1.100.202309141235/tools/bin/../lib/gcc/arm-none-eabi/11.3.1/../../../../arm-none-eabi/lib/thumb/v7e-m+fp/hard\libnosys.a
END GROUP
LOAD D:/PROGRAMS_INSTALLATION/STM32CubeIDE_1.14.1/STM32CubeIDE/plugins/com.st.stm32cube.ide.mcu.externaltools.gnu-tools-for-stm32.11.3.rel1.win32_1.1.100.202309141235/tools/bin/../lib/gcc/arm-none-eabi/11.3.1/thumb/v7e-m+fp/hard/crtend.o
LOAD D:/PROGRAMS_INSTALLATION/STM32CubeIDE_1.14.1/STM32CubeIDE/plugins/com.st.stm32cube.ide.mcu.externaltools.gnu-tools-for-stm32.11.3.rel1.win32_1.1.100.202309141235/tools/bin/../lib/gcc/arm-none-eabi/11.3.1/thumb/v7e-m+fp/hard/crtn.o
                0x0000000020020000                _estack = (ORIGIN (RAM) + LENGTH (RAM))
                0x0000000000000200                _Min_Heap_Size = 0x200
                0x0000000000000400                _Min_Stack_Size = 0x400

.isr_vector     0x0000000008000000      0x198
                0x0000000008000000                . = ALIGN (0x4)
 *(.isr_vector)
 .isr_vector    0x0000000008000000      0x198 ./Core/Startup/startup_stm32f411ceux.o
                0x0000000008000000                g_pfnVectors
                0x0000000008000198                . = ALIGN (0x4)

.text           0x00000000080001a0     0x9b84
                0x00000000080001a0                . = ALIGN (0x4)
 *(.text)
 .text          0x00000000080001a0       0x40 D:/PROGRAMS_INSTALLATION/STM32CubeIDE_1.14.1/STM32CubeIDE/plugins/com.st.stm32cube.ide.mcu.externaltools.gnu-tools-for-stm32.11.3.rel1.win32_1.1.100.202309141235/tools/bin/../lib/gcc/arm-none-eabi/11.3.1/thumb/v7e-m+fp/hard/crtbegin.o
 .text          0x00000000080001e0       0x30 D:/PROGRAMS_INSTALLATION/STM32CubeIDE_1.14.1/STM32CubeIDE/plugins/com.st.stm32cube.ide.mcu.externaltools.gnu-tools-for-stm32.11.3.rel1.win32_1.1.100.202309141235/tools/bin/../lib/gcc/arm-none-eabi/11.3.1/thumb/v7e-m+fp/hard\libgcc.a(_aeabi_uldivmod.o)
                0x00000000080001e0                __aeabi_uldivmod
 .text          0x0000000008000210      0x2c8 D:/PROGRAMS_INSTALLATION/STM32CubeIDE_1.14.1/STM32CubeIDE/plugins/com.st.stm32cube.ide.mcu.externaltools.gnu-tools-for-stm32.11.3.rel1.win32_1.1.100.202309141235/tools/bin/../lib/gcc/arm-none-eabi/11.3.1/thumb/v7e-m+fp/hard\libgcc.a(_udivmoddi4.o)
                0x0000000008000210                __udivmoddi4
 .text          0x00000000080004d8        0x4 D:/PROGRAMS_INSTALLATION/STM32CubeIDE_1.14.1/STM32CubeIDE/plugins/com.st.stm32cube.ide.mcu.externaltools.gnu-tools-for-stm32.11.3.rel1.win32_1.1.100.202309141235/tools/bin/../lib/gcc/arm-none-eabi/11.3.1/thumb/v7e-m+fp/hard\libgcc.a(_dvmd_tls.o)
                0x00000000080004d8                __aeabi_idiv0
                0x00000000080004d8                __aeabi_ldiv0
 *(.text*)
 .text.configureTimerForRunTimeStats
                0x00000000080004dc        0xe ./Core/Src/freertos.o
                0x00000000080004dc                configureTimerForRunTimeStats
 .text.getRunTimeCounterValue
                0x00000000080004ea       0x10 ./Core/Src/freertos.o
                0x00000000080004ea                getRunTimeCounterValue
 .text.vApplicationIdleHook
                0x00000000080004fa        0xe ./Core/Src/freertos.o
                0x00000000080004fa                vApplicationIdleHook
 .text.main     0x0000000008000508      0x16c ./Core/Src/main.o
                0x0000000008000508                main
 .text.SystemClock_Config
                0x0000000008000674       0xd0 ./Core/Src/main.o
                0x0000000008000674                SystemClock_Config
 .text.MX_SPI1_Init
                0x0000000008000744       0x6c ./Core/Src/main.o
 .text.MX_TIM3_Init
                0x00000000080007b0       0xa0 ./Core/Src/main.o
 .text.MX_USART1_UART_Init
                0x0000000008000850       0x54 ./Core/Src/main.o
 .text.MX_DMA_Init
                0x00000000080008a4       0x40 ./Core/Src/main.o
 .text.MX_GPIO_Init
                0x00000000080008e4       0xb0 ./Core/Src/main.o
 .text.HAL_GPIO_EXTI_Callback
                0x0000000008000994       0x16 ./Core/Src/main.o
                0x0000000008000994                HAL_GPIO_EXTI_Callback
 *fill*         0x00000000080009aa        0x2 
 .text.HAL_UART_RxCpltCallback
                0x00000000080009ac       0x20 ./Core/Src/main.o
                0x00000000080009ac                HAL_UART_RxCpltCallback
 .text._CalcAvgDistance
                0x00000000080009cc       0xd8 ./Core/Src/main.o
                0x00000000080009cc                _CalcAvgDistance
 .text.StartDefaultTask
                0x0000000008000aa4       0x10 ./Core/Src/main.o
                0x0000000008000aa4                StartDefaultTask
 .text.Init_Task
                0x0000000008000ab4       0xb0 ./Core/Src/main.o
                0x0000000008000ab4                Init_Task
 .text.Distance_Calc
                0x0000000008000b64       0x74 ./Core/Src/main.o
                0x0000000008000b64                Distance_Calc
 .text.Localization
                0x0000000008000bd8       0xac ./Core/Src/main.o
                0x0000000008000bd8                Localization
 .text.Check_Algorithm
                0x0000000008000c84       0x70 ./Core/Src/main.o
                0x0000000008000c84                Check_Algorithm
 .text.BSW_Algorithm
                0x0000000008000cf4       0xc0 ./Core/Src/main.o
                0x0000000008000cf4                BSW_Algorithm
 .text.DPW_Algorithm
                0x0000000008000db4       0xc4 ./Core/Src/main.o
                0x0000000008000db4                DPW_Algorithm
 .text.Wireless_Receiving
                0x0000000008000e78      0x20c ./Core/Src/main.o
                0x0000000008000e78                Wireless_Receiving
 .text.FCW_Algorithm
                0x0000000008001084       0x20 ./Core/Src/main.o
                0x0000000008001084                FCW_Algorithm
 .text.EEBL_Algorithm
                0x00000000080010a4       0x20 ./Core/Src/main.o
                0x00000000080010a4                EEBL_Algorithm
 .text.HAL_TIM_PeriodElapsedCallback
                0x00000000080010c4       0x24 ./Core/Src/main.o
                0x00000000080010c4                HAL_TIM_PeriodElapsedCallback
 .text.Error_Handler
                0x00000000080010e8        0xa ./Core/Src/main.o
                0x00000000080010e8                Error_Handler
 *fill*         0x00000000080010f2        0x2 
 .text.HAL_MspInit
                0x00000000080010f4       0x58 ./Core/Src/stm32f4xx_hal_msp.o
                0x00000000080010f4                HAL_MspInit
 .text.HAL_SPI_MspInit
                0x000000000800114c       0x90 ./Core/Src/stm32f4xx_hal_msp.o
                0x000000000800114c                HAL_SPI_MspInit
 .text.HAL_TIM_Base_MspInit
                0x00000000080011dc       0x50 ./Core/Src/stm32f4xx_hal_msp.o
                0x00000000080011dc                HAL_TIM_Base_MspInit
 .text.HAL_UART_MspInit
                0x000000000800122c      0x108 ./Core/Src/stm32f4xx_hal_msp.o
                0x000000000800122c                HAL_UART_MspInit
 .text.HAL_InitTick
                0x0000000008001334       0xf8 ./Core/Src/stm32f4xx_hal_timebase_tim.o
                0x0000000008001334                HAL_InitTick
 .text.NMI_Handler
                0x000000000800142c        0x6 ./Core/Src/stm32f4xx_it.o
                0x000000000800142c                NMI_Handler
 .text.HardFault_Handler
                0x0000000008001432        0x6 ./Core/Src/stm32f4xx_it.o
                0x0000000008001432                HardFault_Handler
 .text.MemManage_Handler
                0x0000000008001438        0x6 ./Core/Src/stm32f4xx_it.o
                0x0000000008001438                MemManage_Handler
 .text.BusFault_Handler
                0x000000000800143e        0x6 ./Core/Src/stm32f4xx_it.o
                0x000000000800143e                BusFault_Handler
 .text.UsageFault_Handler
                0x0000000008001444        0x6 ./Core/Src/stm32f4xx_it.o
                0x0000000008001444                UsageFault_Handler
 .text.DebugMon_Handler
                0x000000000800144a        0xe ./Core/Src/stm32f4xx_it.o
                0x000000000800144a                DebugMon_Handler
 .text.EXTI2_IRQHandler
                0x0000000008001458        0xe ./Core/Src/stm32f4xx_it.o
                0x0000000008001458                EXTI2_IRQHandler
 *fill*         0x0000000008001466        0x2 
 .text.TIM3_IRQHandler
                0x0000000008001468       0x14 ./Core/Src/stm32f4xx_it.o
                0x0000000008001468                TIM3_IRQHandler
 .text.TIM4_IRQHandler
                0x000000000800147c       0x14 ./Core/Src/stm32f4xx_it.o
                0x000000000800147c                TIM4_IRQHandler
 .text.USART1_IRQHandler
                0x0000000008001490       0x14 ./Core/Src/stm32f4xx_it.o
                0x0000000008001490                USART1_IRQHandler
 .text.DMA2_Stream2_IRQHandler
                0x00000000080014a4       0x14 ./Core/Src/stm32f4xx_it.o
                0x00000000080014a4                DMA2_Stream2_IRQHandler
 .text.SystemInit
                0x00000000080014b8       0x24 ./Core/Src/system_stm32f4xx.o
                0x00000000080014b8                SystemInit
 .text.Reset_Handler
                0x00000000080014dc       0x50 ./Core/Startup/startup_stm32f411ceux.o
                0x00000000080014dc                Reset_Handler
 .text.Default_Handler
                0x000000000800152c        0x2 ./Core/Startup/startup_stm32f411ceux.o
                0x000000000800152c                RTC_Alarm_IRQHandler
                0x000000000800152c                SPI4_IRQHandler
                0x000000000800152c                TIM1_CC_IRQHandler
                0x000000000800152c                DMA2_Stream5_IRQHandler
                0x000000000800152c                DMA1_Stream5_IRQHandler
                0x000000000800152c                PVD_IRQHandler
                0x000000000800152c                SDIO_IRQHandler
                0x000000000800152c                TAMP_STAMP_IRQHandler
                0x000000000800152c                EXTI3_IRQHandler
                0x000000000800152c                TIM1_UP_TIM10_IRQHandler
                0x000000000800152c                I2C3_ER_IRQHandler
                0x000000000800152c                EXTI0_IRQHandler
                0x000000000800152c                I2C2_EV_IRQHandler
                0x000000000800152c                DMA1_Stream2_IRQHandler
                0x000000000800152c                FPU_IRQHandler
                0x000000000800152c                SPI1_IRQHandler
                0x000000000800152c                TIM1_BRK_TIM9_IRQHandler
                0x000000000800152c                DMA2_Stream3_IRQHandler
                0x000000000800152c                USART6_IRQHandler
                0x000000000800152c                DMA2_Stream0_IRQHandler
                0x000000000800152c                I2C1_EV_IRQHandler
                0x000000000800152c                DMA1_Stream6_IRQHandler
                0x000000000800152c                DMA1_Stream1_IRQHandler
                0x000000000800152c                RCC_IRQHandler
                0x000000000800152c                Default_Handler
                0x000000000800152c                EXTI15_10_IRQHandler
                0x000000000800152c                ADC_IRQHandler
                0x000000000800152c                DMA1_Stream7_IRQHandler
                0x000000000800152c                SPI5_IRQHandler
                0x000000000800152c                TIM5_IRQHandler
                0x000000000800152c                DMA2_Stream7_IRQHandler
                0x000000000800152c                I2C3_EV_IRQHandler
                0x000000000800152c                EXTI9_5_IRQHandler
                0x000000000800152c                RTC_WKUP_IRQHandler
                0x000000000800152c                SPI2_IRQHandler
                0x000000000800152c                DMA1_Stream0_IRQHandler
                0x000000000800152c                EXTI4_IRQHandler
                0x000000000800152c                WWDG_IRQHandler
                0x000000000800152c                TIM2_IRQHandler
                0x000000000800152c                OTG_FS_WKUP_IRQHandler
                0x000000000800152c                TIM1_TRG_COM_TIM11_IRQHandler
                0x000000000800152c                EXTI1_IRQHandler
                0x000000000800152c                USART2_IRQHandler
                0x000000000800152c                I2C2_ER_IRQHandler
                0x000000000800152c                DMA2_Stream1_IRQHandler
                0x000000000800152c                FLASH_IRQHandler
                0x000000000800152c                DMA2_Stream4_IRQHandler
                0x000000000800152c                OTG_FS_IRQHandler
                0x000000000800152c                SPI3_IRQHandler
                0x000000000800152c                DMA1_Stream4_IRQHandler
                0x000000000800152c                I2C1_ER_IRQHandler
                0x000000000800152c                DMA2_Stream6_IRQHandler
                0x000000000800152c                DMA1_Stream3_IRQHandler
 *fill*         0x000000000800152e        0x2 
 .text.NRF24_DelayMicroSeconds
                0x0000000008001530       0x44 ./Drivers/ECUAL/NRF24/NRF.o
                0x0000000008001530                NRF24_DelayMicroSeconds
 .text.NRF24_csn
                0x0000000008001574       0x40 ./Drivers/ECUAL/NRF24/NRF.o
                0x0000000008001574                NRF24_csn
 .text.NRF24_ce
                0x00000000080015b4       0x40 ./Drivers/ECUAL/NRF24/NRF.o
                0x00000000080015b4                NRF24_ce
 .text.NRF24_read_register
                0x00000000080015f4       0x50 ./Drivers/ECUAL/NRF24/NRF.o
                0x00000000080015f4                NRF24_read_register
 .text.NRF24_read_registerN
                0x0000000008001644       0x50 ./Drivers/ECUAL/NRF24/NRF.o
                0x0000000008001644                NRF24_read_registerN
 .text.NRF24_write_register
                0x0000000008001694       0x44 ./Drivers/ECUAL/NRF24/NRF.o
                0x0000000008001694                NRF24_write_register
 .text.NRF24_write_registerN
                0x00000000080016d8       0x50 ./Drivers/ECUAL/NRF24/NRF.o
                0x00000000080016d8                NRF24_write_registerN
 .text.NRF24_write_payload
                0x0000000008001728       0x44 ./Drivers/ECUAL/NRF24/NRF.o
                0x0000000008001728                NRF24_write_payload
 .text.NRF24_read_payload
                0x000000000800176c       0x60 ./Drivers/ECUAL/NRF24/NRF.o
                0x000000000800176c                NRF24_read_payload
 .text.NRF24_flush_tx
                0x00000000080017cc       0x10 ./Drivers/ECUAL/NRF24/NRF.o
                0x00000000080017cc                NRF24_flush_tx
 .text.NRF24_flush_rx
                0x00000000080017dc       0x10 ./Drivers/ECUAL/NRF24/NRF.o
                0x00000000080017dc                NRF24_flush_rx
 .text.NRF24_get_status
                0x00000000080017ec       0x1a ./Drivers/ECUAL/NRF24/NRF.o
                0x00000000080017ec                NRF24_get_status
 *fill*         0x0000000008001806        0x2 
 .text.NRF24_begin
                0x0000000008001808      0x1b8 ./Drivers/ECUAL/NRF24/NRF.o
                0x0000000008001808                NRF24_begin
 .text.NRF24_startListening
                0x00000000080019c0       0x4c ./Drivers/ECUAL/NRF24/NRF.o
                0x00000000080019c0                NRF24_startListening
 .text.NRF24_stopListening
                0x0000000008001a0c       0x16 ./Drivers/ECUAL/NRF24/NRF.o
                0x0000000008001a0c                NRF24_stopListening
 *fill*         0x0000000008001a22        0x2 
 .text.NRF24_write
                0x0000000008001a24       0x98 ./Drivers/ECUAL/NRF24/NRF.o
                0x0000000008001a24                NRF24_write
 .text.NRF24_available
                0x0000000008001abc       0x10 ./Drivers/ECUAL/NRF24/NRF.o
                0x0000000008001abc                NRF24_available
 .text.NRF24_read
                0x0000000008001acc       0x40 ./Drivers/ECUAL/NRF24/NRF.o
                0x0000000008001acc                NRF24_read
 .text.NRF24_openWritingPipe
                0x0000000008001b0c       0x48 ./Drivers/ECUAL/NRF24/NRF.o
                0x0000000008001b0c                NRF24_openWritingPipe
 .text.NRF24_openReadingPipe
                0x0000000008001b54       0x9c ./Drivers/ECUAL/NRF24/NRF.o
                0x0000000008001b54                NRF24_openReadingPipe
 .text.NRF24_setRetries
                0x0000000008001bf0       0x36 ./Drivers/ECUAL/NRF24/NRF.o
                0x0000000008001bf0                NRF24_setRetries
 .text.NRF24_setChannel
                0x0000000008001c26       0x2a ./Drivers/ECUAL/NRF24/NRF.o
                0x0000000008001c26                NRF24_setChannel
 .text.NRF24_setPayloadSize
                0x0000000008001c50       0x30 ./Drivers/ECUAL/NRF24/NRF.o
                0x0000000008001c50                NRF24_setPayloadSize
 .text.NRF24_getPayloadSize
                0x0000000008001c80       0x18 ./Drivers/ECUAL/NRF24/NRF.o
                0x0000000008001c80                NRF24_getPayloadSize
 .text.NRF24_getDynamicPayloadSize
                0x0000000008001c98       0x10 ./Drivers/ECUAL/NRF24/NRF.o
                0x0000000008001c98                NRF24_getDynamicPayloadSize
 .text.NRF24_enableAckPayload
                0x0000000008001ca8       0x5a ./Drivers/ECUAL/NRF24/NRF.o
                0x0000000008001ca8                NRF24_enableAckPayload
 *fill*         0x0000000008001d02        0x2 
 .text.NRF24_enableDynamicPayloads
                0x0000000008001d04       0x64 ./Drivers/ECUAL/NRF24/NRF.o
                0x0000000008001d04                NRF24_enableDynamicPayloads
 .text.NRF24_disableDynamicPayloads
                0x0000000008001d68       0x30 ./Drivers/ECUAL/NRF24/NRF.o
                0x0000000008001d68                NRF24_disableDynamicPayloads
 .text.NRF24_setAutoAck
                0x0000000008001d98       0x2a ./Drivers/ECUAL/NRF24/NRF.o
                0x0000000008001d98                NRF24_setAutoAck
 .text.NRF24_setPALevel
                0x0000000008001dc2       0x72 ./Drivers/ECUAL/NRF24/NRF.o
                0x0000000008001dc2                NRF24_setPALevel
 .text.NRF24_setDataRate
                0x0000000008001e34       0x8c ./Drivers/ECUAL/NRF24/NRF.o
                0x0000000008001e34                NRF24_setDataRate
 .text.NRF24_setCRCLength
                0x0000000008001ec0       0x50 ./Drivers/ECUAL/NRF24/NRF.o
                0x0000000008001ec0                NRF24_setCRCLength
 .text.NRF24_ActivateRXInterrupt
                0x0000000008001f10       0x2a ./Drivers/ECUAL/NRF24/NRF.o
                0x0000000008001f10                NRF24_ActivateRXInterrupt
 .text.NRF24_powerDown
                0x0000000008001f3a       0x1e ./Drivers/ECUAL/NRF24/NRF.o
                0x0000000008001f3a                NRF24_powerDown
 .text.NRF24_availablePipe
                0x0000000008001f58       0x60 ./Drivers/ECUAL/NRF24/NRF.o
                0x0000000008001f58                NRF24_availablePipe
 .text.NRF24_startWrite
                0x0000000008001fb8       0x5e ./Drivers/ECUAL/NRF24/NRF.o
                0x0000000008001fb8                NRF24_startWrite
 .text.NRF24_writeAckPayload
                0x0000000008002016       0x54 ./Drivers/ECUAL/NRF24/NRF.o
                0x0000000008002016                NRF24_writeAckPayload
 .text.NRF24_whatHappened
                0x000000000800206a       0x66 ./Drivers/ECUAL/NRF24/NRF.o
                0x000000000800206a                NRF24_whatHappened
 .text.NRF24_resetStatus
                0x00000000080020d0       0x10 ./Drivers/ECUAL/NRF24/NRF.o
                0x00000000080020d0                NRF24_resetStatus
 .text.NRF24_ACTIVATE_cmd
                0x00000000080020e0       0x34 ./Drivers/ECUAL/NRF24/NRF.o
                0x00000000080020e0                NRF24_ACTIVATE_cmd
 .text.HAL_Init
                0x0000000008002114       0x44 ./Drivers/STM32F4xx_HAL_Driver/Src/stm32f4xx_hal.o
                0x0000000008002114                HAL_Init
 .text.HAL_IncTick
                0x0000000008002158       0x28 ./Drivers/STM32F4xx_HAL_Driver/Src/stm32f4xx_hal.o
                0x0000000008002158                HAL_IncTick
 .text.HAL_GetTick
                0x0000000008002180       0x18 ./Drivers/STM32F4xx_HAL_Driver/Src/stm32f4xx_hal.o
                0x0000000008002180                HAL_GetTick
 .text.HAL_Delay
                0x0000000008002198       0x48 ./Drivers/STM32F4xx_HAL_Driver/Src/stm32f4xx_hal.o
                0x0000000008002198                HAL_Delay
 .text.__NVIC_SetPriorityGrouping
                0x00000000080021e0       0x48 ./Drivers/STM32F4xx_HAL_Driver/Src/stm32f4xx_hal_cortex.o
 .text.__NVIC_GetPriorityGrouping
                0x0000000008002228       0x1c ./Drivers/STM32F4xx_HAL_Driver/Src/stm32f4xx_hal_cortex.o
 .text.__NVIC_EnableIRQ
                0x0000000008002244       0x3c ./Drivers/STM32F4xx_HAL_Driver/Src/stm32f4xx_hal_cortex.o
 .text.__NVIC_SetPriority
                0x0000000008002280       0x54 ./Drivers/STM32F4xx_HAL_Driver/Src/stm32f4xx_hal_cortex.o
 .text.NVIC_EncodePriority
                0x00000000080022d4       0x66 ./Drivers/STM32F4xx_HAL_Driver/Src/stm32f4xx_hal_cortex.o
 .text.HAL_NVIC_SetPriorityGrouping
                0x000000000800233a       0x16 ./Drivers/STM32F4xx_HAL_Driver/Src/stm32f4xx_hal_cortex.o
                0x000000000800233a                HAL_NVIC_SetPriorityGrouping
 .text.HAL_NVIC_SetPriority
                0x0000000008002350       0x38 ./Drivers/STM32F4xx_HAL_Driver/Src/stm32f4xx_hal_cortex.o
                0x0000000008002350                HAL_NVIC_SetPriority
 .text.HAL_NVIC_EnableIRQ
                0x0000000008002388       0x1c ./Drivers/STM32F4xx_HAL_Driver/Src/stm32f4xx_hal_cortex.o
                0x0000000008002388                HAL_NVIC_EnableIRQ
 .text.HAL_DMA_Init
                0x00000000080023a4      0x15c ./Drivers/STM32F4xx_HAL_Driver/Src/stm32f4xx_hal_dma.o
                0x00000000080023a4                HAL_DMA_Init
 .text.HAL_DMA_Start_IT
                0x0000000008002500       0xb0 ./Drivers/STM32F4xx_HAL_Driver/Src/stm32f4xx_hal_dma.o
                0x0000000008002500                HAL_DMA_Start_IT
 .text.HAL_DMA_Abort
                0x00000000080025b0       0xe0 ./Drivers/STM32F4xx_HAL_Driver/Src/stm32f4xx_hal_dma.o
                0x00000000080025b0                HAL_DMA_Abort
 .text.HAL_DMA_Abort_IT
                0x0000000008002690       0x44 ./Drivers/STM32F4xx_HAL_Driver/Src/stm32f4xx_hal_dma.o
                0x0000000008002690                HAL_DMA_Abort_IT
 .text.HAL_DMA_IRQHandler
                0x00000000080026d4      0x314 ./Drivers/STM32F4xx_HAL_Driver/Src/stm32f4xx_hal_dma.o
                0x00000000080026d4                HAL_DMA_IRQHandler
 .text.DMA_SetConfig
                0x00000000080029e8       0x5c ./Drivers/STM32F4xx_HAL_Driver/Src/stm32f4xx_hal_dma.o
 .text.DMA_CalcBaseAndBitshift
                0x0000000008002a44       0x6c ./Drivers/STM32F4xx_HAL_Driver/Src/stm32f4xx_hal_dma.o
 .text.DMA_CheckFifoParam
                0x0000000008002ab0       0xf8 ./Drivers/STM32F4xx_HAL_Driver/Src/stm32f4xx_hal_dma.o
 .text.HAL_GPIO_Init
                0x0000000008002ba8      0x308 ./Drivers/STM32F4xx_HAL_Driver/Src/stm32f4xx_hal_gpio.o
                0x0000000008002ba8                HAL_GPIO_Init
 .text.HAL_GPIO_WritePin
                0x0000000008002eb0       0x32 ./Drivers/STM32F4xx_HAL_Driver/Src/stm32f4xx_hal_gpio.o
                0x0000000008002eb0                HAL_GPIO_WritePin
 *fill*         0x0000000008002ee2        0x2 
 .text.HAL_GPIO_EXTI_IRQHandler
                0x0000000008002ee4       0x30 ./Drivers/STM32F4xx_HAL_Driver/Src/stm32f4xx_hal_gpio.o
                0x0000000008002ee4                HAL_GPIO_EXTI_IRQHandler
 .text.HAL_RCC_OscConfig
                0x0000000008002f14      0x4f0 ./Drivers/STM32F4xx_HAL_Driver/Src/stm32f4xx_hal_rcc.o
                0x0000000008002f14                HAL_RCC_OscConfig
 .text.HAL_RCC_ClockConfig
                0x0000000008003404      0x1cc ./Drivers/STM32F4xx_HAL_Driver/Src/stm32f4xx_hal_rcc.o
                0x0000000008003404                HAL_RCC_ClockConfig
 .text.HAL_RCC_GetSysClockFreq
                0x00000000080035d0      0x18c ./Drivers/STM32F4xx_HAL_Driver/Src/stm32f4xx_hal_rcc.o
                0x00000000080035d0                HAL_RCC_GetSysClockFreq
 .text.HAL_RCC_GetHCLKFreq
                0x000000000800375c       0x18 ./Drivers/STM32F4xx_HAL_Driver/Src/stm32f4xx_hal_rcc.o
                0x000000000800375c                HAL_RCC_GetHCLKFreq
 .text.HAL_RCC_GetPCLK1Freq
                0x0000000008003774       0x28 ./Drivers/STM32F4xx_HAL_Driver/Src/stm32f4xx_hal_rcc.o
                0x0000000008003774                HAL_RCC_GetPCLK1Freq
 .text.HAL_RCC_GetPCLK2Freq
                0x000000000800379c       0x28 ./Drivers/STM32F4xx_HAL_Driver/Src/stm32f4xx_hal_rcc.o
                0x000000000800379c                HAL_RCC_GetPCLK2Freq
 .text.HAL_RCC_GetClockConfig
                0x00000000080037c4       0x64 ./Drivers/STM32F4xx_HAL_Driver/Src/stm32f4xx_hal_rcc.o
                0x00000000080037c4                HAL_RCC_GetClockConfig
 .text.HAL_SPI_Init
                0x0000000008003828      0x112 ./Drivers/STM32F4xx_HAL_Driver/Src/stm32f4xx_hal_spi.o
                0x0000000008003828                HAL_SPI_Init
 .text.HAL_SPI_Transmit
                0x000000000800393a      0x286 ./Drivers/STM32F4xx_HAL_Driver/Src/stm32f4xx_hal_spi.o
                0x000000000800393a                HAL_SPI_Transmit
 .text.HAL_SPI_Receive
                0x0000000008003bc0      0x230 ./Drivers/STM32F4xx_HAL_Driver/Src/stm32f4xx_hal_spi.o
                0x0000000008003bc0                HAL_SPI_Receive
 .text.HAL_SPI_TransmitReceive
                0x0000000008003df0      0x360 ./Drivers/STM32F4xx_HAL_Driver/Src/stm32f4xx_hal_spi.o
                0x0000000008003df0                HAL_SPI_TransmitReceive
 .text.SPI_WaitFlagStateUntilTimeout
                0x0000000008004150      0x110 ./Drivers/STM32F4xx_HAL_Driver/Src/stm32f4xx_hal_spi.o
 .text.SPI_EndRxTransaction
                0x0000000008004260       0xca ./Drivers/STM32F4xx_HAL_Driver/Src/stm32f4xx_hal_spi.o
 *fill*         0x000000000800432a        0x2 
 .text.SPI_EndRxTxTransaction
                0x000000000800432c       0xa8 ./Drivers/STM32F4xx_HAL_Driver/Src/stm32f4xx_hal_spi.o
 .text.HAL_TIM_Base_Init
                0x00000000080043d4       0x9e ./Drivers/STM32F4xx_HAL_Driver/Src/stm32f4xx_hal_tim.o
                0x00000000080043d4                HAL_TIM_Base_Init
 *fill*         0x0000000008004472        0x2 
 .text.HAL_TIM_Base_Start_IT
                0x0000000008004474       0xc4 ./Drivers/STM32F4xx_HAL_Driver/Src/stm32f4xx_hal_tim.o
                0x0000000008004474                HAL_TIM_Base_Start_IT
 .text.HAL_TIM_IRQHandler
                0x0000000008004538      0x1e0 ./Drivers/STM32F4xx_HAL_Driver/Src/stm32f4xx_hal_tim.o
                0x0000000008004538                HAL_TIM_IRQHandler
 .text.HAL_TIM_SlaveConfigSynchro
                0x0000000008004718       0x84 ./Drivers/STM32F4xx_HAL_Driver/Src/stm32f4xx_hal_tim.o
                0x0000000008004718                HAL_TIM_SlaveConfigSynchro
 .text.HAL_TIM_OC_DelayElapsedCallback
                0x000000000800479c       0x14 ./Drivers/STM32F4xx_HAL_Driver/Src/stm32f4xx_hal_tim.o
                0x000000000800479c                HAL_TIM_OC_DelayElapsedCallback
 .text.HAL_TIM_IC_CaptureCallback
                0x00000000080047b0       0x14 ./Drivers/STM32F4xx_HAL_Driver/Src/stm32f4xx_hal_tim.o
                0x00000000080047b0                HAL_TIM_IC_CaptureCallback
 .text.HAL_TIM_PWM_PulseFinishedCallback
                0x00000000080047c4       0x14 ./Drivers/STM32F4xx_HAL_Driver/Src/stm32f4xx_hal_tim.o
                0x00000000080047c4                HAL_TIM_PWM_PulseFinishedCallback
 .text.HAL_TIM_TriggerCallback
                0x00000000080047d8       0x14 ./Drivers/STM32F4xx_HAL_Driver/Src/stm32f4xx_hal_tim.o
                0x00000000080047d8                HAL_TIM_TriggerCallback
 .text.TIM_Base_SetConfig
                0x00000000080047ec      0x118 ./Drivers/STM32F4xx_HAL_Driver/Src/stm32f4xx_hal_tim.o
                0x00000000080047ec                TIM_Base_SetConfig
 .text.TIM_SlaveTimer_SetConfig
                0x0000000008004904      0x122 ./Drivers/STM32F4xx_HAL_Driver/Src/stm32f4xx_hal_tim.o
 .text.TIM_TI1_ConfigInputStage
                0x0000000008004a26       0x5e ./Drivers/STM32F4xx_HAL_Driver/Src/stm32f4xx_hal_tim.o
 .text.TIM_TI2_ConfigInputStage
                0x0000000008004a84       0x60 ./Drivers/STM32F4xx_HAL_Driver/Src/stm32f4xx_hal_tim.o
 .text.TIM_ETR_SetConfig
                0x0000000008004ae4       0x40 ./Drivers/STM32F4xx_HAL_Driver/Src/stm32f4xx_hal_tim.o
                0x0000000008004ae4                TIM_ETR_SetConfig
 .text.HAL_TIMEx_MasterConfigSynchronization
                0x0000000008004b24       0xdc ./Drivers/STM32F4xx_HAL_Driver/Src/stm32f4xx_hal_tim_ex.o
                0x0000000008004b24                HAL_TIMEx_MasterConfigSynchronization
 .text.HAL_TIMEx_CommutCallback
                0x0000000008004c00       0x14 ./Drivers/STM32F4xx_HAL_Driver/Src/stm32f4xx_hal_tim_ex.o
                0x0000000008004c00                HAL_TIMEx_CommutCallback
 .text.HAL_TIMEx_BreakCallback
                0x0000000008004c14       0x14 ./Drivers/STM32F4xx_HAL_Driver/Src/stm32f4xx_hal_tim_ex.o
                0x0000000008004c14                HAL_TIMEx_BreakCallback
 .text.HAL_UART_Init
                0x0000000008004c28       0xa0 ./Drivers/STM32F4xx_HAL_Driver/Src/stm32f4xx_hal_uart.o
                0x0000000008004c28                HAL_UART_Init
 .text.HAL_UART_Receive_DMA
                0x0000000008004cc8       0x4a ./Drivers/STM32F4xx_HAL_Driver/Src/stm32f4xx_hal_uart.o
                0x0000000008004cc8                HAL_UART_Receive_DMA
 *fill*         0x0000000008004d12        0x2 
 .text.HAL_UART_IRQHandler
                0x0000000008004d14      0x524 ./Drivers/STM32F4xx_HAL_Driver/Src/stm32f4xx_hal_uart.o
                0x0000000008004d14                HAL_UART_IRQHandler
 .text.HAL_UART_TxCpltCallback
                0x0000000008005238       0x14 ./Drivers/STM32F4xx_HAL_Driver/Src/stm32f4xx_hal_uart.o
                0x0000000008005238                HAL_UART_TxCpltCallback
 .text.HAL_UART_RxHalfCpltCallback
                0x000000000800524c       0x14 ./Drivers/STM32F4xx_HAL_Driver/Src/stm32f4xx_hal_uart.o
                0x000000000800524c                HAL_UART_RxHalfCpltCallback
 .text.HAL_UART_ErrorCallback
                0x0000000008005260       0x14 ./Drivers/STM32F4xx_HAL_Driver/Src/stm32f4xx_hal_uart.o
                0x0000000008005260                HAL_UART_ErrorCallback
 .text.HAL_UARTEx_RxEventCallback
                0x0000000008005274       0x18 ./Drivers/STM32F4xx_HAL_Driver/Src/stm32f4xx_hal_uart.o
                0x0000000008005274                HAL_UARTEx_RxEventCallback
 .text.UART_DMAReceiveCplt
                0x000000000800528c      0x12c ./Drivers/STM32F4xx_HAL_Driver/Src/stm32f4xx_hal_uart.o
 .text.UART_DMARxHalfCplt
                0x00000000080053b8       0x3c ./Drivers/STM32F4xx_HAL_Driver/Src/stm32f4xx_hal_uart.o
 .text.UART_DMAError
                0x00000000080053f4       0x94 ./Drivers/STM32F4xx_HAL_Driver/Src/stm32f4xx_hal_uart.o
 .text.UART_Start_Receive_DMA
                0x0000000008005488      0x134 ./Drivers/STM32F4xx_HAL_Driver/Src/stm32f4xx_hal_uart.o
                0x0000000008005488                UART_Start_Receive_DMA
 .text.UART_EndTxTransfer
                0x00000000080055bc       0x50 ./Drivers/STM32F4xx_HAL_Driver/Src/stm32f4xx_hal_uart.o
 .text.UART_EndRxTransfer
                0x000000000800560c       0xc6 ./Drivers/STM32F4xx_HAL_Driver/Src/stm32f4xx_hal_uart.o
 .text.UART_DMAAbortOnError
                0x00000000080056d2       0x28 ./Drivers/STM32F4xx_HAL_Driver/Src/stm32f4xx_hal_uart.o
 .text.UART_Transmit_IT
                0x00000000080056fa       0xa0 ./Drivers/STM32F4xx_HAL_Driver/Src/stm32f4xx_hal_uart.o
 .text.UART_EndTransmit_IT
                0x000000000800579a       0x30 ./Drivers/STM32F4xx_HAL_Driver/Src/stm32f4xx_hal_uart.o
 .text.UART_Receive_IT
                0x00000000080057ca      0x17c ./Drivers/STM32F4xx_HAL_Driver/Src/stm32f4xx_hal_uart.o
 *fill*         0x0000000008005946        0x2 
 .text.UART_SetConfig
                0x0000000008005948      0x4e8 ./Drivers/STM32F4xx_HAL_Driver/Src/stm32f4xx_hal_uart.o
 .text.__NVIC_SetPriority
                0x0000000008005e30       0x54 ./Middlewares/Third_Party/FreeRTOS/Source/CMSIS_RTOS_V2/cmsis_os2.o
 .text.SysTick_Handler
                0x0000000008005e84       0x20 ./Middlewares/Third_Party/FreeRTOS/Source/CMSIS_RTOS_V2/cmsis_os2.o
                0x0000000008005e84                SysTick_Handler
 .text.SVC_Setup
                0x0000000008005ea4       0x12 ./Middlewares/Third_Party/FreeRTOS/Source/CMSIS_RTOS_V2/cmsis_os2.o
 *fill*         0x0000000008005eb6        0x2 
 .text.osKernelInitialize
                0x0000000008005eb8       0x48 ./Middlewares/Third_Party/FreeRTOS/Source/CMSIS_RTOS_V2/cmsis_os2.o
                0x0000000008005eb8                osKernelInitialize
 .text.osKernelStart
                0x0000000008005f00       0x4c ./Middlewares/Third_Party/FreeRTOS/Source/CMSIS_RTOS_V2/cmsis_os2.o
                0x0000000008005f00                osKernelStart
 .text.osThreadNew
                0x0000000008005f4c      0x124 ./Middlewares/Third_Party/FreeRTOS/Source/CMSIS_RTOS_V2/cmsis_os2.o
                0x0000000008005f4c                osThreadNew
 .text.osThreadTerminate
                0x0000000008006070       0x5a ./Middlewares/Third_Party/FreeRTOS/Source/CMSIS_RTOS_V2/cmsis_os2.o
                0x0000000008006070                osThreadTerminate
 .text.osDelay  0x00000000080060ca       0x36 ./Middlewares/Third_Party/FreeRTOS/Source/CMSIS_RTOS_V2/cmsis_os2.o
                0x00000000080060ca                osDelay
 .text.osEventFlagsNew
                0x0000000008006100       0x7e ./Middlewares/Third_Party/FreeRTOS/Source/CMSIS_RTOS_V2/cmsis_os2.o
                0x0000000008006100                osEventFlagsNew
 *fill*         0x000000000800617e        0x2 
 .text.osEventFlagsSet
                0x0000000008006180       0x88 ./Middlewares/Third_Party/FreeRTOS/Source/CMSIS_RTOS_V2/cmsis_os2.o
                0x0000000008006180                osEventFlagsSet
 .text.osEventFlagsWait
                0x0000000008006208       0xcc ./Middlewares/Third_Party/FreeRTOS/Source/CMSIS_RTOS_V2/cmsis_os2.o
                0x0000000008006208                osEventFlagsWait
 .text.osMutexNew
                0x00000000080062d4      0x10c ./Middlewares/Third_Party/FreeRTOS/Source/CMSIS_RTOS_V2/cmsis_os2.o
                0x00000000080062d4                osMutexNew
 .text.osMutexAcquire
                0x00000000080063e0       0x96 ./Middlewares/Third_Party/FreeRTOS/Source/CMSIS_RTOS_V2/cmsis_os2.o
                0x00000000080063e0                osMutexAcquire
 .text.osMutexRelease
                0x0000000008006476       0x7a ./Middlewares/Third_Party/FreeRTOS/Source/CMSIS_RTOS_V2/cmsis_os2.o
                0x0000000008006476                osMutexRelease
 .text.vApplicationGetIdleTaskMemory
                0x00000000080064f0       0x34 ./Middlewares/Third_Party/FreeRTOS/Source/CMSIS_RTOS_V2/cmsis_os2.o
                0x00000000080064f0                vApplicationGetIdleTaskMemory
 .text.vApplicationGetTimerTaskMemory
                0x0000000008006524       0x34 ./Middlewares/Third_Party/FreeRTOS/Source/CMSIS_RTOS_V2/cmsis_os2.o
                0x0000000008006524                vApplicationGetTimerTaskMemory
 .text.xEventGroupCreateStatic
                0x0000000008006558       0x6e ./Middlewares/Third_Party/FreeRTOS/Source/event_groups.o
                0x0000000008006558                xEventGroupCreateStatic
 .text.xEventGroupCreate
                0x00000000080065c6       0x34 ./Middlewares/Third_Party/FreeRTOS/Source/event_groups.o
                0x00000000080065c6                xEventGroupCreate
 *fill*         0x00000000080065fa        0x2 
 .text.xEventGroupWaitBits
                0x00000000080065fc      0x19c ./Middlewares/Third_Party/FreeRTOS/Source/event_groups.o
                0x00000000080065fc                xEventGroupWaitBits
 .text.xEventGroupSetBits
                0x0000000008006798      0x116 ./Middlewares/Third_Party/FreeRTOS/Source/event_groups.o
                0x0000000008006798                xEventGroupSetBits
 .text.vEventGroupSetBitsCallback
                0x00000000080068ae       0x1a ./Middlewares/Third_Party/FreeRTOS/Source/event_groups.o
                0x00000000080068ae                vEventGroupSetBitsCallback
 .text.prvTestWaitCondition
                0x00000000080068c8       0x44 ./Middlewares/Third_Party/FreeRTOS/Source/event_groups.o
 .text.xEventGroupSetBitsFromISR
                0x000000000800690c       0x28 ./Middlewares/Third_Party/FreeRTOS/Source/event_groups.o
                0x000000000800690c                xEventGroupSetBitsFromISR
 .text.vListInitialise
                0x0000000008006934       0x40 ./Middlewares/Third_Party/FreeRTOS/Source/list.o
                0x0000000008006934                vListInitialise
 .text.vListInitialiseItem
                0x0000000008006974       0x1a ./Middlewares/Third_Party/FreeRTOS/Source/list.o
                0x0000000008006974                vListInitialiseItem
 .text.vListInsertEnd
                0x000000000800698e       0x48 ./Middlewares/Third_Party/FreeRTOS/Source/list.o
                0x000000000800698e                vListInsertEnd
 .text.vListInsert
                0x00000000080069d6       0x72 ./Middlewares/Third_Party/FreeRTOS/Source/list.o
                0x00000000080069d6                vListInsert
 .text.uxListRemove
                0x0000000008006a48       0x54 ./Middlewares/Third_Party/FreeRTOS/Source/list.o
                0x0000000008006a48                uxListRemove
 .text.xQueueGenericReset
                0x0000000008006a9c       0xd0 ./Middlewares/Third_Party/FreeRTOS/Source/queue.o
                0x0000000008006a9c                xQueueGenericReset
 .text.xQueueGenericCreateStatic
                0x0000000008006b6c       0xf0 ./Middlewares/Third_Party/FreeRTOS/Source/queue.o
                0x0000000008006b6c                xQueueGenericCreateStatic
 .text.xQueueGenericCreate
                0x0000000008006c5c       0x74 ./Middlewares/Third_Party/FreeRTOS/Source/queue.o
                0x0000000008006c5c                xQueueGenericCreate
 .text.prvInitialiseNewQueue
                0x0000000008006cd0       0x46 ./Middlewares/Third_Party/FreeRTOS/Source/queue.o
 .text.prvInitialiseMutex
                0x0000000008006d16       0x34 ./Middlewares/Third_Party/FreeRTOS/Source/queue.o
 .text.xQueueCreateMutex
                0x0000000008006d4a       0x30 ./Middlewares/Third_Party/FreeRTOS/Source/queue.o
                0x0000000008006d4a                xQueueCreateMutex
 .text.xQueueCreateMutexStatic
                0x0000000008006d7a       0x36 ./Middlewares/Third_Party/FreeRTOS/Source/queue.o
                0x0000000008006d7a                xQueueCreateMutexStatic
 .text.xQueueGiveMutexRecursive
                0x0000000008006db0       0x68 ./Middlewares/Third_Party/FreeRTOS/Source/queue.o
                0x0000000008006db0                xQueueGiveMutexRecursive
 .text.xQueueTakeMutexRecursive
                0x0000000008006e18       0x6c ./Middlewares/Third_Party/FreeRTOS/Source/queue.o
                0x0000000008006e18                xQueueTakeMutexRecursive
 .text.xQueueGenericSend
                0x0000000008006e84      0x1fc ./Middlewares/Third_Party/FreeRTOS/Source/queue.o
                0x0000000008006e84                xQueueGenericSend
 .text.xQueueGenericSendFromISR
                0x0000000008007080      0x136 ./Middlewares/Third_Party/FreeRTOS/Source/queue.o
                0x0000000008007080                xQueueGenericSendFromISR
 *fill*         0x00000000080071b6        0x2 
 .text.xQueueReceive
                0x00000000080071b8      0x1c0 ./Middlewares/Third_Party/FreeRTOS/Source/queue.o
                0x00000000080071b8                xQueueReceive
 .text.xQueueSemaphoreTake
                0x0000000008007378      0x218 ./Middlewares/Third_Party/FreeRTOS/Source/queue.o
                0x0000000008007378                xQueueSemaphoreTake
 .text.prvGetDisinheritPriorityAfterTimeout
                0x0000000008007590       0x30 ./Middlewares/Third_Party/FreeRTOS/Source/queue.o
 .text.prvCopyDataToQueue
                0x00000000080075c0       0xd4 ./Middlewares/Third_Party/FreeRTOS/Source/queue.o
 .text.prvCopyDataFromQueue
                0x0000000008007694       0x4c ./Middlewares/Third_Party/FreeRTOS/Source/queue.o
 .text.prvUnlockQueue
                0x00000000080076e0       0xa4 ./Middlewares/Third_Party/FreeRTOS/Source/queue.o
 .text.prvIsQueueEmpty
                0x0000000008007784       0x2c ./Middlewares/Third_Party/FreeRTOS/Source/queue.o
 .text.prvIsQueueFull
                0x00000000080077b0       0x30 ./Middlewares/Third_Party/FreeRTOS/Source/queue.o
 .text.vQueueAddToRegistry
                0x00000000080077e0       0x54 ./Middlewares/Third_Party/FreeRTOS/Source/queue.o
                0x00000000080077e0                vQueueAddToRegistry
 .text.vQueueWaitForMessageRestricted
                0x0000000008007834       0x68 ./Middlewares/Third_Party/FreeRTOS/Source/queue.o
                0x0000000008007834                vQueueWaitForMessageRestricted
 .text.xTaskCreateStatic
                0x000000000800789c       0xba ./Middlewares/Third_Party/FreeRTOS/Source/tasks.o
                0x000000000800789c                xTaskCreateStatic
 .text.xTaskCreate
                0x0000000008007956       0x8a ./Middlewares/Third_Party/FreeRTOS/Source/tasks.o
                0x0000000008007956                xTaskCreate
 .text.prvInitialiseNewTask
                0x00000000080079e0      0x12a ./Middlewares/Third_Party/FreeRTOS/Source/tasks.o
 *fill*         0x0000000008007b0a        0x2 
 .text.prvAddNewTaskToReadyList
                0x0000000008007b0c       0xe0 ./Middlewares/Third_Party/FreeRTOS/Source/tasks.o
 .text.vTaskDelete
                0x0000000008007bec       0xe4 ./Middlewares/Third_Party/FreeRTOS/Source/tasks.o
                0x0000000008007bec                vTaskDelete
 .text.vTaskDelay
                0x0000000008007cd0       0x68 ./Middlewares/Third_Party/FreeRTOS/Source/tasks.o
                0x0000000008007cd0                vTaskDelay
 .text.eTaskGetState
                0x0000000008007d38       0xcc ./Middlewares/Third_Party/FreeRTOS/Source/tasks.o
                0x0000000008007d38                eTaskGetState
 .text.vTaskStartScheduler
                0x0000000008007e04       0xd0 ./Middlewares/Third_Party/FreeRTOS/Source/tasks.o
                0x0000000008007e04                vTaskStartScheduler
 .text.vTaskSuspendAll
                0x0000000008007ed4       0x1c ./Middlewares/Third_Party/FreeRTOS/Source/tasks.o
                0x0000000008007ed4                vTaskSuspendAll
 .text.xTaskResumeAll
                0x0000000008007ef0      0x13c ./Middlewares/Third_Party/FreeRTOS/Source/tasks.o
                0x0000000008007ef0                xTaskResumeAll
 .text.xTaskGetTickCount
                0x000000000800802c       0x20 ./Middlewares/Third_Party/FreeRTOS/Source/tasks.o
                0x000000000800802c                xTaskGetTickCount
 .text.xTaskIncrementTick
                0x000000000800804c      0x174 ./Middlewares/Third_Party/FreeRTOS/Source/tasks.o
                0x000000000800804c                xTaskIncrementTick
 .text.vTaskSwitchContext
                0x00000000080081c0       0xf0 ./Middlewares/Third_Party/FreeRTOS/Source/tasks.o
                0x00000000080081c0                vTaskSwitchContext
 .text.vTaskPlaceOnEventList
                0x00000000080082b0       0x48 ./Middlewares/Third_Party/FreeRTOS/Source/tasks.o
                0x00000000080082b0                vTaskPlaceOnEventList
 .text.vTaskPlaceOnUnorderedEventList
                0x00000000080082f8       0x78 ./Middlewares/Third_Party/FreeRTOS/Source/tasks.o
                0x00000000080082f8                vTaskPlaceOnUnorderedEventList
 .text.vTaskPlaceOnEventListRestricted
                0x0000000008008370       0x58 ./Middlewares/Third_Party/FreeRTOS/Source/tasks.o
                0x0000000008008370                vTaskPlaceOnEventListRestricted
 .text.xTaskRemoveFromEventList
                0x00000000080083c8       0xc8 ./Middlewares/Third_Party/FreeRTOS/Source/tasks.o
                0x00000000080083c8                xTaskRemoveFromEventList
 .text.vTaskRemoveFromUnorderedEventList
                0x0000000008008490       0xc4 ./Middlewares/Third_Party/FreeRTOS/Source/tasks.o
                0x0000000008008490                vTaskRemoveFromUnorderedEventList
 .text.vTaskInternalSetTimeOutState
                0x0000000008008554       0x2c ./Middlewares/Third_Party/FreeRTOS/Source/tasks.o
                0x0000000008008554                vTaskInternalSetTimeOutState
 .text.xTaskCheckForTimeOut
                0x0000000008008580       0xc4 ./Middlewares/Third_Party/FreeRTOS/Source/tasks.o
                0x0000000008008580                xTaskCheckForTimeOut
 .text.vTaskMissedYield
                0x0000000008008644       0x18 ./Middlewares/Third_Party/FreeRTOS/Source/tasks.o
                0x0000000008008644                vTaskMissedYield
 .text.prvIdleTask
                0x000000000800865c       0x34 ./Middlewares/Third_Party/FreeRTOS/Source/tasks.o
 .text.prvInitialiseTaskLists
                0x0000000008008690       0x80 ./Middlewares/Third_Party/FreeRTOS/Source/tasks.o
 .text.prvCheckTasksWaitingTermination
                0x0000000008008710       0x5c ./Middlewares/Third_Party/FreeRTOS/Source/tasks.o
 .text.prvDeleteTCB
                0x000000000800876c       0x5e ./Middlewares/Third_Party/FreeRTOS/Source/tasks.o
 *fill*         0x00000000080087ca        0x2 
 .text.prvResetNextTaskUnblockTime
                0x00000000080087cc       0x40 ./Middlewares/Third_Party/FreeRTOS/Source/tasks.o
 .text.xTaskGetCurrentTaskHandle
                0x000000000800880c       0x20 ./Middlewares/Third_Party/FreeRTOS/Source/tasks.o
                0x000000000800880c                xTaskGetCurrentTaskHandle
 .text.xTaskGetSchedulerState
                0x000000000800882c       0x3c ./Middlewares/Third_Party/FreeRTOS/Source/tasks.o
                0x000000000800882c                xTaskGetSchedulerState
 .text.xTaskPriorityInherit
                0x0000000008008868       0xd0 ./Middlewares/Third_Party/FreeRTOS/Source/tasks.o
                0x0000000008008868                xTaskPriorityInherit
 .text.xTaskPriorityDisinherit
                0x0000000008008938       0xdc ./Middlewares/Third_Party/FreeRTOS/Source/tasks.o
                0x0000000008008938                xTaskPriorityDisinherit
 .text.vTaskPriorityDisinheritAfterTimeout
                0x0000000008008a14      0x104 ./Middlewares/Third_Party/FreeRTOS/Source/tasks.o
                0x0000000008008a14                vTaskPriorityDisinheritAfterTimeout
 .text.uxTaskResetEventItemValue
                0x0000000008008b18       0x30 ./Middlewares/Third_Party/FreeRTOS/Source/tasks.o
                0x0000000008008b18                uxTaskResetEventItemValue
 .text.pvTaskIncrementMutexHeldCount
                0x0000000008008b48       0x28 ./Middlewares/Third_Party/FreeRTOS/Source/tasks.o
                0x0000000008008b48                pvTaskIncrementMutexHeldCount
 .text.prvAddCurrentTaskToDelayedList
                0x0000000008008b70       0xa8 ./Middlewares/Third_Party/FreeRTOS/Source/tasks.o
 .text.xTimerCreateTimerTask
                0x0000000008008c18       0x90 ./Middlewares/Third_Party/FreeRTOS/Source/timers.o
                0x0000000008008c18                xTimerCreateTimerTask
 .text.xTimerGenericCommand
                0x0000000008008ca8       0x9c ./Middlewares/Third_Party/FreeRTOS/Source/timers.o
                0x0000000008008ca8                xTimerGenericCommand
 .text.prvProcessExpiredTimer
                0x0000000008008d44       0x98 ./Middlewares/Third_Party/FreeRTOS/Source/timers.o
 .text.prvTimerTask
                0x0000000008008ddc       0x24 ./Middlewares/Third_Party/FreeRTOS/Source/timers.o
 .text.prvProcessTimerOrBlockTask
                0x0000000008008e00       0x9c ./Middlewares/Third_Party/FreeRTOS/Source/timers.o
 .text.prvGetNextExpireTime
                0x0000000008008e9c       0x48 ./Middlewares/Third_Party/FreeRTOS/Source/timers.o
 .text.prvSampleTimeNow
                0x0000000008008ee4       0x40 ./Middlewares/Third_Party/FreeRTOS/Source/timers.o
 .text.prvInsertTimerInActiveList
                0x0000000008008f24       0x84 ./Middlewares/Third_Party/FreeRTOS/Source/timers.o
 .text.prvProcessReceivedCommands
                0x0000000008008fa8      0x1c4 ./Middlewares/Third_Party/FreeRTOS/Source/timers.o
 .text.prvSwitchTimerLists
                0x000000000800916c       0xc8 ./Middlewares/Third_Party/FreeRTOS/Source/timers.o
 .text.prvCheckForValidListAndQueue
                0x0000000008009234       0x80 ./Middlewares/Third_Party/FreeRTOS/Source/timers.o
 .text.xTimerPendFunctionCallFromISR
                0x00000000080092b4       0x40 ./Middlewares/Third_Party/FreeRTOS/Source/timers.o
                0x00000000080092b4                xTimerPendFunctionCallFromISR
 .text.pxPortInitialiseStack
                0x00000000080092f4       0x68 ./Middlewares/Third_Party/FreeRTOS/Source/portable/GCC/ARM_CM4F/port.o
                0x00000000080092f4                pxPortInitialiseStack
 .text.prvTaskExitError
                0x000000000800935c       0x58 ./Middlewares/Third_Party/FreeRTOS/Source/portable/GCC/ARM_CM4F/port.o
 *fill*         0x00000000080093b4        0xc 
 .text.SVC_Handler
                0x00000000080093c0       0x28 ./Middlewares/Third_Party/FreeRTOS/Source/portable/GCC/ARM_CM4F/port.o
                0x00000000080093c0                SVC_Handler
 .text.prvPortStartFirstTask
                0x00000000080093e8       0x28 ./Middlewares/Third_Party/FreeRTOS/Source/portable/GCC/ARM_CM4F/port.o
 .text.xPortStartScheduler
                0x0000000008009410      0x144 ./Middlewares/Third_Party/FreeRTOS/Source/portable/GCC/ARM_CM4F/port.o
                0x0000000008009410                xPortStartScheduler
 .text.vPortEnterCritical
                0x0000000008009554       0x60 ./Middlewares/Third_Party/FreeRTOS/Source/portable/GCC/ARM_CM4F/port.o
                0x0000000008009554                vPortEnterCritical
 .text.vPortExitCritical
                0x00000000080095b4       0x54 ./Middlewares/Third_Party/FreeRTOS/Source/portable/GCC/ARM_CM4F/port.o
                0x00000000080095b4                vPortExitCritical
 *fill*         0x0000000008009608        0x8 
 .text.PendSV_Handler
                0x0000000008009610       0x68 ./Middlewares/Third_Party/FreeRTOS/Source/portable/GCC/ARM_CM4F/port.o
                0x0000000008009610                PendSV_Handler
 .text.xPortSysTickHandler
                0x0000000008009678       0x44 ./Middlewares/Third_Party/FreeRTOS/Source/portable/GCC/ARM_CM4F/port.o
                0x0000000008009678                xPortSysTickHandler
 .text.vPortSetupTimerInterrupt
                0x00000000080096bc       0x48 ./Middlewares/Third_Party/FreeRTOS/Source/portable/GCC/ARM_CM4F/port.o
                0x00000000080096bc                vPortSetupTimerInterrupt
 .text.vPortEnableVFP
                0x0000000008009704       0x14 ./Middlewares/Third_Party/FreeRTOS/Source/portable/GCC/ARM_CM4F/port.o
 .text.vPortValidateInterruptPriority
                0x0000000008009718       0x80 ./Middlewares/Third_Party/FreeRTOS/Source/portable/GCC/ARM_CM4F/port.o
                0x0000000008009718                vPortValidateInterruptPriority
 .text.pvPortMalloc
                0x0000000008009798      0x198 ./Middlewares/Third_Party/FreeRTOS/Source/portable/MemMang/heap_4.o
                0x0000000008009798                pvPortMalloc
 .text.vPortFree
                0x0000000008009930       0xc4 ./Middlewares/Third_Party/FreeRTOS/Source/portable/MemMang/heap_4.o
                0x0000000008009930                vPortFree
 .text.prvHeapInit
                0x00000000080099f4       0xc4 ./Middlewares/Third_Party/FreeRTOS/Source/portable/MemMang/heap_4.o
 .text.prvInsertBlockIntoFreeList
                0x0000000008009ab8       0xb4 ./Middlewares/Third_Party/FreeRTOS/Source/portable/MemMang/heap_4.o
 .text.atoi     0x0000000008009b6c        0x8 D:/PROGRAMS_INSTALLATION/STM32CubeIDE_1.14.1/STM32CubeIDE/plugins/com.st.stm32cube.ide.mcu.externaltools.gnu-tools-for-stm32.11.3.rel1.win32_1.1.100.202309141235/tools/bin/../lib/gcc/arm-none-eabi/11.3.1/../../../../arm-none-eabi/lib/thumb/v7e-m+fp/hard\libc_nano.a(libc_a-atoi.o)
                0x0000000008009b6c                atoi
 .text._strtol_l.constprop.0
                0x0000000008009b74      0x104 D:/PROGRAMS_INSTALLATION/STM32CubeIDE_1.14.1/STM32CubeIDE/plugins/com.st.stm32cube.ide.mcu.externaltools.gnu-tools-for-stm32.11.3.rel1.win32_1.1.100.202309141235/tools/bin/../lib/gcc/arm-none-eabi/11.3.1/../../../../arm-none-eabi/lib/thumb/v7e-m+fp/hard\libc_nano.a(libc_a-strtol.o)
 .text.strtol   0x0000000008009c78       0x14 D:/PROGRAMS_INSTALLATION/STM32CubeIDE_1.14.1/STM32CubeIDE/plugins/com.st.stm32cube.ide.mcu.externaltools.gnu-tools-for-stm32.11.3.rel1.win32_1.1.100.202309141235/tools/bin/../lib/gcc/arm-none-eabi/11.3.1/../../../../arm-none-eabi/lib/thumb/v7e-m+fp/hard\libc_nano.a(libc_a-strtol.o)
                0x0000000008009c78                strtol
 .text.memset   0x0000000008009c8c       0x10 D:/PROGRAMS_INSTALLATION/STM32CubeIDE_1.14.1/STM32CubeIDE/plugins/com.st.stm32cube.ide.mcu.externaltools.gnu-tools-for-stm32.11.3.rel1.win32_1.1.100.202309141235/tools/bin/../lib/gcc/arm-none-eabi/11.3.1/../../../../arm-none-eabi/lib/thumb/v7e-m+fp/hard\libc_nano.a(libc_a-memset.o)
                0x0000000008009c8c                memset
 .text.__errno  0x0000000008009c9c        0xc D:/PROGRAMS_INSTALLATION/STM32CubeIDE_1.14.1/STM32CubeIDE/plugins/com.st.stm32cube.ide.mcu.externaltools.gnu-tools-for-stm32.11.3.rel1.win32_1.1.100.202309141235/tools/bin/../lib/gcc/arm-none-eabi/11.3.1/../../../../arm-none-eabi/lib/thumb/v7e-m+fp/hard\libc_nano.a(libc_a-errno.o)
                0x0000000008009c9c                __errno
 .text.__libc_init_array
                0x0000000008009ca8       0x48 D:/PROGRAMS_INSTALLATION/STM32CubeIDE_1.14.1/STM32CubeIDE/plugins/com.st.stm32cube.ide.mcu.externaltools.gnu-tools-for-stm32.11.3.rel1.win32_1.1.100.202309141235/tools/bin/../lib/gcc/arm-none-eabi/11.3.1/../../../../arm-none-eabi/lib/thumb/v7e-m+fp/hard\libc_nano.a(libc_a-init.o)
                0x0000000008009ca8                __libc_init_array
 .text.memcpy   0x0000000008009cf0       0x1c D:/PROGRAMS_INSTALLATION/STM32CubeIDE_1.14.1/STM32CubeIDE/plugins/com.st.stm32cube.ide.mcu.externaltools.gnu-tools-for-stm32.11.3.rel1.win32_1.1.100.202309141235/tools/bin/../lib/gcc/arm-none-eabi/11.3.1/../../../../arm-none-eabi/lib/thumb/v7e-m+fp/hard\libc_nano.a(libc_a-memcpy-stub.o)
                0x0000000008009cf0                memcpy
 *(.glue_7)
 .glue_7        0x0000000008009d0c        0x0 linker stubs
 *(.glue_7t)
 .glue_7t       0x0000000008009d0c        0x0 linker stubs
 *(.eh_frame)
 .eh_frame      0x0000000008009d0c        0x0 D:/PROGRAMS_INSTALLATION/STM32CubeIDE_1.14.1/STM32CubeIDE/plugins/com.st.stm32cube.ide.mcu.externaltools.gnu-tools-for-stm32.11.3.rel1.win32_1.1.100.202309141235/tools/bin/../lib/gcc/arm-none-eabi/11.3.1/thumb/v7e-m+fp/hard/crtbegin.o
 *(.init)
 .init          0x0000000008009d0c        0x4 D:/PROGRAMS_INSTALLATION/STM32CubeIDE_1.14.1/STM32CubeIDE/plugins/com.st.stm32cube.ide.mcu.externaltools.gnu-tools-for-stm32.11.3.rel1.win32_1.1.100.202309141235/tools/bin/../lib/gcc/arm-none-eabi/11.3.1/thumb/v7e-m+fp/hard/crti.o
                0x0000000008009d0c                _init
 .init          0x0000000008009d10        0x8 D:/PROGRAMS_INSTALLATION/STM32CubeIDE_1.14.1/STM32CubeIDE/plugins/com.st.stm32cube.ide.mcu.externaltools.gnu-tools-for-stm32.11.3.rel1.win32_1.1.100.202309141235/tools/bin/../lib/gcc/arm-none-eabi/11.3.1/thumb/v7e-m+fp/hard/crtn.o
 *(.fini)
 .fini          0x0000000008009d18        0x4 D:/PROGRAMS_INSTALLATION/STM32CubeIDE_1.14.1/STM32CubeIDE/plugins/com.st.stm32cube.ide.mcu.externaltools.gnu-tools-for-stm32.11.3.rel1.win32_1.1.100.202309141235/tools/bin/../lib/gcc/arm-none-eabi/11.3.1/thumb/v7e-m+fp/hard/crti.o
                0x0000000008009d18                _fini
 .fini          0x0000000008009d1c        0x8 D:/PROGRAMS_INSTALLATION/STM32CubeIDE_1.14.1/STM32CubeIDE/plugins/com.st.stm32cube.ide.mcu.externaltools.gnu-tools-for-stm32.11.3.rel1.win32_1.1.100.202309141235/tools/bin/../lib/gcc/arm-none-eabi/11.3.1/thumb/v7e-m+fp/hard/crtn.o
                0x0000000008009d24                . = ALIGN (0x4)
                0x0000000008009d24                _etext = .

.vfp11_veneer   0x0000000008009d24        0x0
 .vfp11_veneer  0x0000000008009d24        0x0 linker stubs

.v4_bx          0x0000000008009d24        0x0
 .v4_bx         0x0000000008009d24        0x0 linker stubs

.iplt           0x0000000008009d24        0x0
 .iplt          0x0000000008009d24        0x0 D:/PROGRAMS_INSTALLATION/STM32CubeIDE_1.14.1/STM32CubeIDE/plugins/com.st.stm32cube.ide.mcu.externaltools.gnu-tools-for-stm32.11.3.rel1.win32_1.1.100.202309141235/tools/bin/../lib/gcc/arm-none-eabi/11.3.1/thumb/v7e-m+fp/hard/crtbegin.o

.rodata         0x0000000008009d24      0x390
                0x0000000008009d24                . = ALIGN (0x4)
 *(.rodata)
 .rodata        0x0000000008009d24       0x93 ./Core/Src/main.o
 *fill*         0x0000000008009db7        0x1 
 .rodata        0x0000000008009db8       0x30 ./Middlewares/Third_Party/FreeRTOS/Source/tasks.o
 .rodata        0x0000000008009de8        0xd ./Middlewares/Third_Party/FreeRTOS/Source/timers.o
 *(.rodata*)
 *fill*         0x0000000008009df5        0x3 
 .rodata.defaultTask_attributes
                0x0000000008009df8       0x24 ./Core/Src/main.o
                0x0000000008009df8                defaultTask_attributes
 .rodata.Startup_Task_attributes
                0x0000000008009e1c       0x24 ./Core/Src/main.o
                0x0000000008009e1c                Startup_Task_attributes
 .rodata.Calc_Dis_attributes
                0x0000000008009e40       0x24 ./Core/Src/main.o
                0x0000000008009e40                Calc_Dis_attributes
 .rodata.Local_Task_attributes
                0x0000000008009e64       0x24 ./Core/Src/main.o
                0x0000000008009e64                Local_Task_attributes
 .rodata.Check_Algo_attributes
                0x0000000008009e88       0x24 ./Core/Src/main.o
                0x0000000008009e88                Check_Algo_attributes
 .rodata.BSW_Algo_attributes
                0x0000000008009eac       0x24 ./Core/Src/main.o
                0x0000000008009eac                BSW_Algo_attributes
 .rodata.DPW_Algo_attributes
                0x0000000008009ed0       0x24 ./Core/Src/main.o
                0x0000000008009ed0                DPW_Algo_attributes
 .rodata.Receiveing_attributes
                0x0000000008009ef4       0x24 ./Core/Src/main.o
                0x0000000008009ef4                Receiveing_attributes
 .rodata.FCW_Algo_attributes
                0x0000000008009f18       0x24 ./Core/Src/main.o
                0x0000000008009f18                FCW_Algo_attributes
 .rodata.EEBL_Algo_attributes
                0x0000000008009f3c       0x24 ./Core/Src/main.o
                0x0000000008009f3c                EEBL_Algo_attributes
 .rodata.NRF_Mutex_attributes
                0x0000000008009f60       0x10 ./Core/Src/main.o
                0x0000000008009f60                NRF_Mutex_attributes
 .rodata.EventGroup_attributes
                0x0000000008009f70       0x10 ./Core/Src/main.o
                0x0000000008009f70                EventGroup_attributes
 .rodata.AHBPrescTable
                0x0000000008009f80       0x10 ./Core/Src/system_stm32f4xx.o
                0x0000000008009f80                AHBPrescTable
 .rodata.APBPrescTable
                0x0000000008009f90        0x8 ./Core/Src/system_stm32f4xx.o
                0x0000000008009f90                APBPrescTable
 .rodata.NRF24_ADDR_REGS
                0x0000000008009f98        0x7 ./Drivers/ECUAL/NRF24/NRF.o
 *fill*         0x0000000008009f9f        0x1 
 .rodata.RF24_RX_PW_PIPE
                0x0000000008009fa0        0x6 ./Drivers/ECUAL/NRF24/NRF.o
 *fill*         0x0000000008009fa6        0x2 
 .rodata.flagBitshiftOffset.0
                0x0000000008009fa8        0x8 ./Drivers/STM32F4xx_HAL_Driver/Src/stm32f4xx_hal_dma.o
 .rodata._ctype_
                0x0000000008009fb0      0x101 D:/PROGRAMS_INSTALLATION/STM32CubeIDE_1.14.1/STM32CubeIDE/plugins/com.st.stm32cube.ide.mcu.externaltools.gnu-tools-for-stm32.11.3.rel1.win32_1.1.100.202309141235/tools/bin/../lib/gcc/arm-none-eabi/11.3.1/../../../../arm-none-eabi/lib/thumb/v7e-m+fp/hard\libc_nano.a(libc_a-ctype_.o)
                0x0000000008009fb0                _ctype_
                0x000000000800a0b4                . = ALIGN (0x4)
 *fill*         0x000000000800a0b1        0x3 

.ARM.extab      0x000000000800a0b4        0x0
                0x000000000800a0b4                . = ALIGN (0x4)
 *(.ARM.extab* .gnu.linkonce.armextab.*)
                0x000000000800a0b4                . = ALIGN (0x4)

.ARM            0x000000000800a0b4        0x8
                0x000000000800a0b4                . = ALIGN (0x4)
                0x000000000800a0b4                __exidx_start = .
 *(.ARM.exidx*)
 .ARM.exidx     0x000000000800a0b4        0x8 D:/PROGRAMS_INSTALLATION/STM32CubeIDE_1.14.1/STM32CubeIDE/plugins/com.st.stm32cube.ide.mcu.externaltools.gnu-tools-for-stm32.11.3.rel1.win32_1.1.100.202309141235/tools/bin/../lib/gcc/arm-none-eabi/11.3.1/thumb/v7e-m+fp/hard\libgcc.a(_udivmoddi4.o)
                0x000000000800a0bc                __exidx_end = .
                0x000000000800a0bc                . = ALIGN (0x4)

.rel.dyn        0x000000000800a0bc        0x0
 .rel.iplt      0x000000000800a0bc        0x0 D:/PROGRAMS_INSTALLATION/STM32CubeIDE_1.14.1/STM32CubeIDE/plugins/com.st.stm32cube.ide.mcu.externaltools.gnu-tools-for-stm32.11.3.rel1.win32_1.1.100.202309141235/tools/bin/../lib/gcc/arm-none-eabi/11.3.1/thumb/v7e-m+fp/hard/crtbegin.o

.preinit_array  0x000000000800a0bc        0x0
                0x000000000800a0bc                . = ALIGN (0x4)
                0x000000000800a0bc                PROVIDE (__preinit_array_start = .)
 *(.preinit_array*)
                0x000000000800a0bc                PROVIDE (__preinit_array_end = .)
                0x000000000800a0bc                . = ALIGN (0x4)

.init_array     0x000000000800a0bc        0x4
                0x000000000800a0bc                . = ALIGN (0x4)
                0x000000000800a0bc                PROVIDE (__init_array_start = .)
 *(SORT_BY_NAME(.init_array.*))
 *(.init_array*)
 .init_array    0x000000000800a0bc        0x4 D:/PROGRAMS_INSTALLATION/STM32CubeIDE_1.14.1/STM32CubeIDE/plugins/com.st.stm32cube.ide.mcu.externaltools.gnu-tools-for-stm32.11.3.rel1.win32_1.1.100.202309141235/tools/bin/../lib/gcc/arm-none-eabi/11.3.1/thumb/v7e-m+fp/hard/crtbegin.o
                0x000000000800a0c0                PROVIDE (__init_array_end = .)
                0x000000000800a0c0                . = ALIGN (0x4)

.fini_array     0x000000000800a0c0        0x4
                0x000000000800a0c0                . = ALIGN (0x4)
                [!provide]                        PROVIDE (__fini_array_start = .)
 *(SORT_BY_NAME(.fini_array.*))
 *(.fini_array*)
 .fini_array    0x000000000800a0c0        0x4 D:/PROGRAMS_INSTALLATION/STM32CubeIDE_1.14.1/STM32CubeIDE/plugins/com.st.stm32cube.ide.mcu.externaltools.gnu-tools-for-stm32.11.3.rel1.win32_1.1.100.202309141235/tools/bin/../lib/gcc/arm-none-eabi/11.3.1/thumb/v7e-m+fp/hard/crtbegin.o
                [!provide]                        PROVIDE (__fini_array_end = .)
                0x000000000800a0c4                . = ALIGN (0x4)
                0x000000000800a0c4                _sidata = LOADADDR (.data)

.data           0x0000000020000000       0x88 load address 0x000000000800a0c4
                0x0000000020000000                . = ALIGN (0x4)
                0x0000000020000000                _sdata = .
 *(.data)
 *(.data*)
 .data.RxpipeAddrs
                0x0000000020000000        0x8 ./Core/Src/main.o
                0x0000000020000000                RxpipeAddrs
 .data.AckPayload
                0x0000000020000008       0x20 ./Core/Src/main.o
                0x0000000020000008                AckPayload
 .data.SystemCoreClock
                0x0000000020000028        0x4 ./Core/Src/system_stm32f4xx.o
                0x0000000020000028                SystemCoreClock
 .data.uwTickPrio
                0x000000002000002c        0x4 ./Drivers/STM32F4xx_HAL_Driver/Src/stm32f4xx_hal.o
                0x000000002000002c                uwTickPrio
 .data.uwTickFreq
                0x0000000020000030        0x1 ./Drivers/STM32F4xx_HAL_Driver/Src/stm32f4xx_hal.o
                0x0000000020000030                uwTickFreq
 *fill*         0x0000000020000031        0x3 
 .data.uxCriticalNesting
                0x0000000020000034        0x4 ./Middlewares/Third_Party/FreeRTOS/Source/portable/GCC/ARM_CM4F/port.o
 .data._impure_data
                0x0000000020000038       0x4c D:/PROGRAMS_INSTALLATION/STM32CubeIDE_1.14.1/STM32CubeIDE/plugins/com.st.stm32cube.ide.mcu.externaltools.gnu-tools-for-stm32.11.3.rel1.win32_1.1.100.202309141235/tools/bin/../lib/gcc/arm-none-eabi/11.3.1/../../../../arm-none-eabi/lib/thumb/v7e-m+fp/hard\libc_nano.a(libc_a-impure.o)
                0x0000000020000038                _impure_data
 .data._impure_ptr
                0x0000000020000084        0x4 D:/PROGRAMS_INSTALLATION/STM32CubeIDE_1.14.1/STM32CubeIDE/plugins/com.st.stm32cube.ide.mcu.externaltools.gnu-tools-for-stm32.11.3.rel1.win32_1.1.100.202309141235/tools/bin/../lib/gcc/arm-none-eabi/11.3.1/../../../../arm-none-eabi/lib/thumb/v7e-m+fp/hard\libc_nano.a(libc_a-impure.o)
                0x0000000020000084                _impure_ptr
 *(.RamFunc)
 *(.RamFunc*)
                0x0000000020000088                . = ALIGN (0x4)
                0x0000000020000088                _edata = .

.igot.plt       0x0000000020000088        0x0 load address 0x000000000800a14c
 .igot.plt      0x0000000020000088        0x0 D:/PROGRAMS_INSTALLATION/STM32CubeIDE_1.14.1/STM32CubeIDE/plugins/com.st.stm32cube.ide.mcu.externaltools.gnu-tools-for-stm32.11.3.rel1.win32_1.1.100.202309141235/tools/bin/../lib/gcc/arm-none-eabi/11.3.1/thumb/v7e-m+fp/hard/crtbegin.o
                0x0000000020000088                . = ALIGN (0x4)

.bss            0x0000000020000088     0x56e4 load address 0x000000000800a14c
                0x0000000020000088                _sbss = .
                0x0000000020000088                __bss_start__ = _sbss
 *(.bss)
 .bss           0x0000000020000088       0x1c D:/PROGRAMS_INSTALLATION/STM32CubeIDE_1.14.1/STM32CubeIDE/plugins/com.st.stm32cube.ide.mcu.externaltools.gnu-tools-for-stm32.11.3.rel1.win32_1.1.100.202309141235/tools/bin/../lib/gcc/arm-none-eabi/11.3.1/thumb/v7e-m+fp/hard/crtbegin.o
 *(.bss*)
 .bss.hspi1     0x00000000200000a4       0x58 ./Core/Src/main.o
                0x00000000200000a4                hspi1
 .bss.htim3     0x00000000200000fc       0x48 ./Core/Src/main.o
                0x00000000200000fc                htim3
 .bss.huart1    0x0000000020000144       0x48 ./Core/Src/main.o
                0x0000000020000144                huart1
 .bss.hdma_usart1_rx
                0x000000002000018c       0x60 ./Core/Src/main.o
                0x000000002000018c                hdma_usart1_rx
 .bss.defaultTaskHandle
                0x00000000200001ec        0x4 ./Core/Src/main.o
                0x00000000200001ec                defaultTaskHandle
 .bss.Startup_TaskHandle
                0x00000000200001f0        0x4 ./Core/Src/main.o
                0x00000000200001f0                Startup_TaskHandle
 .bss.Calc_DisHandle
                0x00000000200001f4        0x4 ./Core/Src/main.o
                0x00000000200001f4                Calc_DisHandle
 .bss.Local_TaskHandle
                0x00000000200001f8        0x4 ./Core/Src/main.o
                0x00000000200001f8                Local_TaskHandle
 .bss.Check_AlgoHandle
                0x00000000200001fc        0x4 ./Core/Src/main.o
                0x00000000200001fc                Check_AlgoHandle
 .bss.BSW_AlgoHandle
                0x0000000020000200        0x4 ./Core/Src/main.o
                0x0000000020000200                BSW_AlgoHandle
 .bss.DPW_AlgoHandle
                0x0000000020000204        0x4 ./Core/Src/main.o
                0x0000000020000204                DPW_AlgoHandle
 .bss.ReceiveingHandle
                0x0000000020000208        0x4 ./Core/Src/main.o
                0x0000000020000208                ReceiveingHandle
 .bss.FCW_AlgoHandle
                0x000000002000020c        0x4 ./Core/Src/main.o
                0x000000002000020c                FCW_AlgoHandle
 .bss.EEBL_AlgoHandle
                0x0000000020000210        0x4 ./Core/Src/main.o
                0x0000000020000210                EEBL_AlgoHandle
 .bss.NRF_MutexHandle
                0x0000000020000214        0x4 ./Core/Src/main.o
                0x0000000020000214                NRF_MutexHandle
 .bss.EventGroupHandle
                0x0000000020000218        0x4 ./Core/Src/main.o
                0x0000000020000218                EventGroupHandle
 .bss.Distances_Buffer_str
                0x000000002000021c      0x708 ./Core/Src/main.o
                0x000000002000021c                Distances_Buffer_str
 .bss.Distances_Buffer
                0x0000000020000924      0x2d0 ./Core/Src/main.o
                0x0000000020000924                Distances_Buffer
 .bss.My_Direction
                0x0000000020000bf4        0x1 ./Core/Src/main.o
                0x0000000020000bf4                My_Direction
 *fill*         0x0000000020000bf5        0x3 
 .bss.Obstcales_Detection
                0x0000000020000bf8        0x4 ./Core/Src/main.o
                0x0000000020000bf8                Obstcales_Detection
 .bss.Front_Car_ID
                0x0000000020000bfc        0x1 ./Core/Src/main.o
                0x0000000020000bfc                Front_Car_ID
 .bss.Back_Car_ID
                0x0000000020000bfd        0x1 ./Core/Src/main.o
                0x0000000020000bfd                Back_Car_ID
 *fill*         0x0000000020000bfe        0x2 
 .bss.Local_AvgDistance.0
                0x0000000020000c00       0x10 ./Core/Src/main.o
 .bss.htim4     0x0000000020000c10       0x48 ./Core/Src/stm32f4xx_hal_timebase_tim.o
                0x0000000020000c10                htim4
 .bss.pipe0_reading_address
                0x0000000020000c58        0x8 ./Drivers/ECUAL/NRF24/NRF.o
 .bss.ack_payload_available
                0x0000000020000c60        0x1 ./Drivers/ECUAL/NRF24/NRF.o
 .bss.ack_payload_length
                0x0000000020000c61        0x1 ./Drivers/ECUAL/NRF24/NRF.o
 .bss.payload_size
                0x0000000020000c62        0x1 ./Drivers/ECUAL/NRF24/NRF.o
 .bss.dynamic_payloads_enabled
                0x0000000020000c63        0x1 ./Drivers/ECUAL/NRF24/NRF.o
 .bss.wide_band
                0x0000000020000c64        0x1 ./Drivers/ECUAL/NRF24/NRF.o
 *fill*         0x0000000020000c65        0x3 
 .bss.nrf24_PORT
                0x0000000020000c68        0x4 ./Drivers/ECUAL/NRF24/NRF.o
 .bss.nrf24_CSN_PIN
                0x0000000020000c6c        0x2 ./Drivers/ECUAL/NRF24/NRF.o
 .bss.nrf24_CE_PIN
                0x0000000020000c6e        0x2 ./Drivers/ECUAL/NRF24/NRF.o
 .bss.nrf24_hspi
                0x0000000020000c70       0x58 ./Drivers/ECUAL/NRF24/NRF.o
 .bss.uwTick    0x0000000020000cc8        0x4 ./Drivers/STM32F4xx_HAL_Driver/Src/stm32f4xx_hal.o
                0x0000000020000cc8                uwTick
 .bss.KernelState
                0x0000000020000ccc        0x4 ./Middlewares/Third_Party/FreeRTOS/Source/CMSIS_RTOS_V2/cmsis_os2.o
 .bss.Idle_TCB.3
                0x0000000020000cd0       0x64 ./Middlewares/Third_Party/FreeRTOS/Source/CMSIS_RTOS_V2/cmsis_os2.o
 .bss.Idle_Stack.2
                0x0000000020000d34      0x200 ./Middlewares/Third_Party/FreeRTOS/Source/CMSIS_RTOS_V2/cmsis_os2.o
 .bss.Timer_TCB.1
                0x0000000020000f34       0x64 ./Middlewares/Third_Party/FreeRTOS/Source/CMSIS_RTOS_V2/cmsis_os2.o
 .bss.Timer_Stack.0
                0x0000000020000f98      0x400 ./Middlewares/Third_Party/FreeRTOS/Source/CMSIS_RTOS_V2/cmsis_os2.o
 .bss.xQueueRegistry
                0x0000000020001398       0x40 ./Middlewares/Third_Party/FreeRTOS/Source/queue.o
                0x0000000020001398                xQueueRegistry
 .bss.pxCurrentTCB
                0x00000000200013d8        0x4 ./Middlewares/Third_Party/FreeRTOS/Source/tasks.o
                0x00000000200013d8                pxCurrentTCB
 .bss.pxReadyTasksLists
                0x00000000200013dc      0x460 ./Middlewares/Third_Party/FreeRTOS/Source/tasks.o
 .bss.xDelayedTaskList1
                0x000000002000183c       0x14 ./Middlewares/Third_Party/FreeRTOS/Source/tasks.o
 .bss.xDelayedTaskList2
                0x0000000020001850       0x14 ./Middlewares/Third_Party/FreeRTOS/Source/tasks.o
 .bss.pxDelayedTaskList
                0x0000000020001864        0x4 ./Middlewares/Third_Party/FreeRTOS/Source/tasks.o
 .bss.pxOverflowDelayedTaskList
                0x0000000020001868        0x4 ./Middlewares/Third_Party/FreeRTOS/Source/tasks.o
 .bss.xPendingReadyList
                0x000000002000186c       0x14 ./Middlewares/Third_Party/FreeRTOS/Source/tasks.o
 .bss.xTasksWaitingTermination
                0x0000000020001880       0x14 ./Middlewares/Third_Party/FreeRTOS/Source/tasks.o
 .bss.uxDeletedTasksWaitingCleanUp
                0x0000000020001894        0x4 ./Middlewares/Third_Party/FreeRTOS/Source/tasks.o
 .bss.xSuspendedTaskList
                0x0000000020001898       0x14 ./Middlewares/Third_Party/FreeRTOS/Source/tasks.o
 .bss.uxCurrentNumberOfTasks
                0x00000000200018ac        0x4 ./Middlewares/Third_Party/FreeRTOS/Source/tasks.o
 .bss.xTickCount
                0x00000000200018b0        0x4 ./Middlewares/Third_Party/FreeRTOS/Source/tasks.o
 .bss.uxTopReadyPriority
                0x00000000200018b4        0x4 ./Middlewares/Third_Party/FreeRTOS/Source/tasks.o
 .bss.xSchedulerRunning
                0x00000000200018b8        0x4 ./Middlewares/Third_Party/FreeRTOS/Source/tasks.o
 .bss.xPendedTicks
                0x00000000200018bc        0x4 ./Middlewares/Third_Party/FreeRTOS/Source/tasks.o
 .bss.xYieldPending
                0x00000000200018c0        0x4 ./Middlewares/Third_Party/FreeRTOS/Source/tasks.o
 .bss.xNumOfOverflows
                0x00000000200018c4        0x4 ./Middlewares/Third_Party/FreeRTOS/Source/tasks.o
 .bss.uxTaskNumber
                0x00000000200018c8        0x4 ./Middlewares/Third_Party/FreeRTOS/Source/tasks.o
 .bss.xNextTaskUnblockTime
                0x00000000200018cc        0x4 ./Middlewares/Third_Party/FreeRTOS/Source/tasks.o
 .bss.xIdleTaskHandle
                0x00000000200018d0        0x4 ./Middlewares/Third_Party/FreeRTOS/Source/tasks.o
 .bss.uxSchedulerSuspended
                0x00000000200018d4        0x4 ./Middlewares/Third_Party/FreeRTOS/Source/tasks.o
 .bss.ulTaskSwitchedInTime
                0x00000000200018d8        0x4 ./Middlewares/Third_Party/FreeRTOS/Source/tasks.o
 .bss.ulTotalRunTime
                0x00000000200018dc        0x4 ./Middlewares/Third_Party/FreeRTOS/Source/tasks.o
 .bss.xActiveTimerList1
                0x00000000200018e0       0x14 ./Middlewares/Third_Party/FreeRTOS/Source/timers.o
 .bss.xActiveTimerList2
                0x00000000200018f4       0x14 ./Middlewares/Third_Party/FreeRTOS/Source/timers.o
 .bss.pxCurrentTimerList
                0x0000000020001908        0x4 ./Middlewares/Third_Party/FreeRTOS/Source/timers.o
 .bss.pxOverflowTimerList
                0x000000002000190c        0x4 ./Middlewares/Third_Party/FreeRTOS/Source/timers.o
 .bss.xTimerQueue
                0x0000000020001910        0x4 ./Middlewares/Third_Party/FreeRTOS/Source/timers.o
 .bss.xTimerTaskHandle
                0x0000000020001914        0x4 ./Middlewares/Third_Party/FreeRTOS/Source/timers.o
 .bss.xLastTime.2
                0x0000000020001918        0x4 ./Middlewares/Third_Party/FreeRTOS/Source/timers.o
 .bss.ucStaticTimerQueueStorage.1
                0x000000002000191c       0xa0 ./Middlewares/Third_Party/FreeRTOS/Source/timers.o
 .bss.xStaticTimerQueue.0
                0x00000000200019bc       0x50 ./Middlewares/Third_Party/FreeRTOS/Source/timers.o
 .bss.ucMaxSysCallPriority
                0x0000000020001a0c        0x1 ./Middlewares/Third_Party/FreeRTOS/Source/portable/GCC/ARM_CM4F/port.o
 *fill*         0x0000000020001a0d        0x3 
 .bss.ulMaxPRIGROUPValue
                0x0000000020001a10        0x4 ./Middlewares/Third_Party/FreeRTOS/Source/portable/GCC/ARM_CM4F/port.o
 .bss.ucHeap    0x0000000020001a14     0x3c00 ./Middlewares/Third_Party/FreeRTOS/Source/portable/MemMang/heap_4.o
 .bss.xStart    0x0000000020005614        0x8 ./Middlewares/Third_Party/FreeRTOS/Source/portable/MemMang/heap_4.o
 .bss.pxEnd     0x000000002000561c        0x4 ./Middlewares/Third_Party/FreeRTOS/Source/portable/MemMang/heap_4.o
 .bss.xFreeBytesRemaining
                0x0000000020005620        0x4 ./Middlewares/Third_Party/FreeRTOS/Source/portable/MemMang/heap_4.o
 .bss.xMinimumEverFreeBytesRemaining
                0x0000000020005624        0x4 ./Middlewares/Third_Party/FreeRTOS/Source/portable/MemMang/heap_4.o
 .bss.xNumberOfSuccessfulAllocations
                0x0000000020005628        0x4 ./Middlewares/Third_Party/FreeRTOS/Source/portable/MemMang/heap_4.o
 .bss.xNumberOfSuccessfulFrees
                0x000000002000562c        0x4 ./Middlewares/Third_Party/FreeRTOS/Source/portable/MemMang/heap_4.o
 .bss.xBlockAllocatedBit
                0x0000000020005630        0x4 ./Middlewares/Third_Party/FreeRTOS/Source/portable/MemMang/heap_4.o
 .bss.__sf      0x0000000020005634      0x138 D:/PROGRAMS_INSTALLATION/STM32CubeIDE_1.14.1/STM32CubeIDE/plugins/com.st.stm32cube.ide.mcu.externaltools.gnu-tools-for-stm32.11.3.rel1.win32_1.1.100.202309141235/tools/bin/../lib/gcc/arm-none-eabi/11.3.1/../../../../arm-none-eabi/lib/thumb/v7e-m+fp/hard\libc_nano.a(libc_a-findfp.o)
                0x0000000020005634                __sf
 *(COMMON)
                0x000000002000576c                . = ALIGN (0x4)
                0x000000002000576c                _ebss = .
                0x000000002000576c                __bss_end__ = _ebss

._user_heap_stack
                0x000000002000576c      0x604 load address 0x000000000800a14c
                0x0000000020005770                . = ALIGN (0x8)
 *fill*         0x000000002000576c        0x4 
                [!provide]                        PROVIDE (end = .)
                0x0000000020005770                PROVIDE (_end = .)
                0x0000000020005970                . = (. + _Min_Heap_Size)
 *fill*         0x0000000020005770      0x200 
                0x0000000020005d70                . = (. + _Min_Stack_Size)
 *fill*         0x0000000020005970      0x400 
                0x0000000020005d70                . = ALIGN (0x8)

/DISCARD/
 libc.a(*)
 libm.a(*)
 libgcc.a(*)

.ARM.attributes
                0x0000000000000000       0x30
 *(.ARM.attributes)
 .ARM.attributes
                0x0000000000000000       0x1e D:/PROGRAMS_INSTALLATION/STM32CubeIDE_1.14.1/STM32CubeIDE/plugins/com.st.stm32cube.ide.mcu.externaltools.gnu-tools-for-stm32.11.3.rel1.win32_1.1.100.202309141235/tools/bin/../lib/gcc/arm-none-eabi/11.3.1/thumb/v7e-m+fp/hard/crti.o
 .ARM.attributes
                0x000000000000001e       0x34 D:/PROGRAMS_INSTALLATION/STM32CubeIDE_1.14.1/STM32CubeIDE/plugins/com.st.stm32cube.ide.mcu.externaltools.gnu-tools-for-stm32.11.3.rel1.win32_1.1.100.202309141235/tools/bin/../lib/gcc/arm-none-eabi/11.3.1/thumb/v7e-m+fp/hard/crtbegin.o
 .ARM.attributes
                0x0000000000000052       0x34 ./Core/Src/freertos.o
 .ARM.attributes
                0x0000000000000086       0x34 ./Core/Src/main.o
 .ARM.attributes
                0x00000000000000ba       0x34 ./Core/Src/stm32f4xx_hal_msp.o
 .ARM.attributes
                0x00000000000000ee       0x34 ./Core/Src/stm32f4xx_hal_timebase_tim.o
 .ARM.attributes
                0x0000000000000122       0x34 ./Core/Src/stm32f4xx_it.o
 .ARM.attributes
                0x0000000000000156       0x34 ./Core/Src/system_stm32f4xx.o
 .ARM.attributes
                0x000000000000018a       0x21 ./Core/Startup/startup_stm32f411ceux.o
 .ARM.attributes
                0x00000000000001ab       0x34 ./Drivers/ECUAL/NRF24/NRF.o
 .ARM.attributes
                0x00000000000001df       0x34 ./Drivers/STM32F4xx_HAL_Driver/Src/stm32f4xx_hal.o
 .ARM.attributes
                0x0000000000000213       0x34 ./Drivers/STM32F4xx_HAL_Driver/Src/stm32f4xx_hal_cortex.o
 .ARM.attributes
                0x0000000000000247       0x34 ./Drivers/STM32F4xx_HAL_Driver/Src/stm32f4xx_hal_dma.o
 .ARM.attributes
                0x000000000000027b       0x34 ./Drivers/STM32F4xx_HAL_Driver/Src/stm32f4xx_hal_gpio.o
 .ARM.attributes
                0x00000000000002af       0x34 ./Drivers/STM32F4xx_HAL_Driver/Src/stm32f4xx_hal_rcc.o
 .ARM.attributes
                0x00000000000002e3       0x34 ./Drivers/STM32F4xx_HAL_Driver/Src/stm32f4xx_hal_spi.o
 .ARM.attributes
                0x0000000000000317       0x34 ./Drivers/STM32F4xx_HAL_Driver/Src/stm32f4xx_hal_tim.o
 .ARM.attributes
                0x000000000000034b       0x34 ./Drivers/STM32F4xx_HAL_Driver/Src/stm32f4xx_hal_tim_ex.o
 .ARM.attributes
                0x000000000000037f       0x34 ./Drivers/STM32F4xx_HAL_Driver/Src/stm32f4xx_hal_uart.o
 .ARM.attributes
                0x00000000000003b3       0x34 ./Middlewares/Third_Party/FreeRTOS/Source/CMSIS_RTOS_V2/cmsis_os2.o
 .ARM.attributes
                0x00000000000003e7       0x34 ./Middlewares/Third_Party/FreeRTOS/Source/event_groups.o
 .ARM.attributes
                0x000000000000041b       0x34 ./Middlewares/Third_Party/FreeRTOS/Source/list.o
 .ARM.attributes
                0x000000000000044f       0x34 ./Middlewares/Third_Party/FreeRTOS/Source/queue.o
 .ARM.attributes
                0x0000000000000483       0x34 ./Middlewares/Third_Party/FreeRTOS/Source/tasks.o
 .ARM.attributes
                0x00000000000004b7       0x34 ./Middlewares/Third_Party/FreeRTOS/Source/timers.o
 .ARM.attributes
                0x00000000000004eb       0x34 ./Middlewares/Third_Party/FreeRTOS/Source/portable/GCC/ARM_CM4F/port.o
 .ARM.attributes
                0x000000000000051f       0x34 ./Middlewares/Third_Party/FreeRTOS/Source/portable/MemMang/heap_4.o
 .ARM.attributes
                0x0000000000000553       0x34 D:/PROGRAMS_INSTALLATION/STM32CubeIDE_1.14.1/STM32CubeIDE/plugins/com.st.stm32cube.ide.mcu.externaltools.gnu-tools-for-stm32.11.3.rel1.win32_1.1.100.202309141235/tools/bin/../lib/gcc/arm-none-eabi/11.3.1/../../../../arm-none-eabi/lib/thumb/v7e-m+fp/hard\libc_nano.a(libc_a-atoi.o)
 .ARM.attributes
                0x0000000000000587       0x34 D:/PROGRAMS_INSTALLATION/STM32CubeIDE_1.14.1/STM32CubeIDE/plugins/com.st.stm32cube.ide.mcu.externaltools.gnu-tools-for-stm32.11.3.rel1.win32_1.1.100.202309141235/tools/bin/../lib/gcc/arm-none-eabi/11.3.1/../../../../arm-none-eabi/lib/thumb/v7e-m+fp/hard\libc_nano.a(libc_a-strtol.o)
 .ARM.attributes
                0x00000000000005bb       0x34 D:/PROGRAMS_INSTALLATION/STM32CubeIDE_1.14.1/STM32CubeIDE/plugins/com.st.stm32cube.ide.mcu.externaltools.gnu-tools-for-stm32.11.3.rel1.win32_1.1.100.202309141235/tools/bin/../lib/gcc/arm-none-eabi/11.3.1/../../../../arm-none-eabi/lib/thumb/v7e-m+fp/hard\libc_nano.a(libc_a-ctype_.o)
 .ARM.attributes
                0x00000000000005ef       0x34 D:/PROGRAMS_INSTALLATION/STM32CubeIDE_1.14.1/STM32CubeIDE/plugins/com.st.stm32cube.ide.mcu.externaltools.gnu-tools-for-stm32.11.3.rel1.win32_1.1.100.202309141235/tools/bin/../lib/gcc/arm-none-eabi/11.3.1/../../../../arm-none-eabi/lib/thumb/v7e-m+fp/hard\libc_nano.a(libc_a-findfp.o)
 .ARM.attributes
                0x0000000000000623       0x34 D:/PROGRAMS_INSTALLATION/STM32CubeIDE_1.14.1/STM32CubeIDE/plugins/com.st.stm32cube.ide.mcu.externaltools.gnu-tools-for-stm32.11.3.rel1.win32_1.1.100.202309141235/tools/bin/../lib/gcc/arm-none-eabi/11.3.1/../../../../arm-none-eabi/lib/thumb/v7e-m+fp/hard\libc_nano.a(libc_a-memset.o)
 .ARM.attributes
                0x0000000000000657       0x34 D:/PROGRAMS_INSTALLATION/STM32CubeIDE_1.14.1/STM32CubeIDE/plugins/com.st.stm32cube.ide.mcu.externaltools.gnu-tools-for-stm32.11.3.rel1.win32_1.1.100.202309141235/tools/bin/../lib/gcc/arm-none-eabi/11.3.1/../../../../arm-none-eabi/lib/thumb/v7e-m+fp/hard\libc_nano.a(libc_a-impure.o)
 .ARM.attributes
                0x000000000000068b       0x34 D:/PROGRAMS_INSTALLATION/STM32CubeIDE_1.14.1/STM32CubeIDE/plugins/com.st.stm32cube.ide.mcu.externaltools.gnu-tools-for-stm32.11.3.rel1.win32_1.1.100.202309141235/tools/bin/../lib/gcc/arm-none-eabi/11.3.1/../../../../arm-none-eabi/lib/thumb/v7e-m+fp/hard\libc_nano.a(libc_a-errno.o)
 .ARM.attributes
                0x00000000000006bf       0x34 D:/PROGRAMS_INSTALLATION/STM32CubeIDE_1.14.1/STM32CubeIDE/plugins/com.st.stm32cube.ide.mcu.externaltools.gnu-tools-for-stm32.11.3.rel1.win32_1.1.100.202309141235/tools/bin/../lib/gcc/arm-none-eabi/11.3.1/../../../../arm-none-eabi/lib/thumb/v7e-m+fp/hard\libc_nano.a(libc_a-init.o)
 .ARM.attributes
                0x00000000000006f3       0x34 D:/PROGRAMS_INSTALLATION/STM32CubeIDE_1.14.1/STM32CubeIDE/plugins/com.st.stm32cube.ide.mcu.externaltools.gnu-tools-for-stm32.11.3.rel1.win32_1.1.100.202309141235/tools/bin/../lib/gcc/arm-none-eabi/11.3.1/../../../../arm-none-eabi/lib/thumb/v7e-m+fp/hard\libc_nano.a(libc_a-memcpy-stub.o)
 .ARM.attributes
                0x0000000000000727       0x1e D:/PROGRAMS_INSTALLATION/STM32CubeIDE_1.14.1/STM32CubeIDE/plugins/com.st.stm32cube.ide.mcu.externaltools.gnu-tools-for-stm32.11.3.rel1.win32_1.1.100.202309141235/tools/bin/../lib/gcc/arm-none-eabi/11.3.1/thumb/v7e-m+fp/hard\libgcc.a(_aeabi_uldivmod.o)
 .ARM.attributes
                0x0000000000000745       0x34 D:/PROGRAMS_INSTALLATION/STM32CubeIDE_1.14.1/STM32CubeIDE/plugins/com.st.stm32cube.ide.mcu.externaltools.gnu-tools-for-stm32.11.3.rel1.win32_1.1.100.202309141235/tools/bin/../lib/gcc/arm-none-eabi/11.3.1/thumb/v7e-m+fp/hard\libgcc.a(_udivmoddi4.o)
 .ARM.attributes
                0x0000000000000779       0x1e D:/PROGRAMS_INSTALLATION/STM32CubeIDE_1.14.1/STM32CubeIDE/plugins/com.st.stm32cube.ide.mcu.externaltools.gnu-tools-for-stm32.11.3.rel1.win32_1.1.100.202309141235/tools/bin/../lib/gcc/arm-none-eabi/11.3.1/thumb/v7e-m+fp/hard\libgcc.a(_dvmd_tls.o)
 .ARM.attributes
                0x0000000000000797       0x1e D:/PROGRAMS_INSTALLATION/STM32CubeIDE_1.14.1/STM32CubeIDE/plugins/com.st.stm32cube.ide.mcu.externaltools.gnu-tools-for-stm32.11.3.rel1.win32_1.1.100.202309141235/tools/bin/../lib/gcc/arm-none-eabi/11.3.1/thumb/v7e-m+fp/hard/crtn.o
OUTPUT(ADAS_BlackPill.elf elf32-littlearm)
LOAD linker stubs
LOAD D:/PROGRAMS_INSTALLATION/STM32CubeIDE_1.14.1/STM32CubeIDE/plugins/com.st.stm32cube.ide.mcu.externaltools.gnu-tools-for-stm32.11.3.rel1.win32_1.1.100.202309141235/tools/bin/../lib/gcc/arm-none-eabi/11.3.1/../../../../arm-none-eabi/lib/thumb/v7e-m+fp/hard\libc.a
LOAD D:/PROGRAMS_INSTALLATION/STM32CubeIDE_1.14.1/STM32CubeIDE/plugins/com.st.stm32cube.ide.mcu.externaltools.gnu-tools-for-stm32.11.3.rel1.win32_1.1.100.202309141235/tools/bin/../lib/gcc/arm-none-eabi/11.3.1/../../../../arm-none-eabi/lib/thumb/v7e-m+fp/hard\libm.a
LOAD D:/PROGRAMS_INSTALLATION/STM32CubeIDE_1.14.1/STM32CubeIDE/plugins/com.st.stm32cube.ide.mcu.externaltools.gnu-tools-for-stm32.11.3.rel1.win32_1.1.100.202309141235/tools/bin/../lib/gcc/arm-none-eabi/11.3.1/thumb/v7e-m+fp/hard\libgcc.a

.comment        0x0000000000000000       0x43
 .comment       0x0000000000000000       0x43 D:/PROGRAMS_INSTALLATION/STM32CubeIDE_1.14.1/STM32CubeIDE/plugins/com.st.stm32cube.ide.mcu.externaltools.gnu-tools-for-stm32.11.3.rel1.win32_1.1.100.202309141235/tools/bin/../lib/gcc/arm-none-eabi/11.3.1/thumb/v7e-m+fp/hard/crtbegin.o
                                         0x44 (size before relaxing)
 .comment       0x0000000000000043       0x44 ./Core/Src/freertos.o
 .comment       0x0000000000000043       0x44 ./Core/Src/main.o