Archive member included to satisfy reference by file (symbol)

C:/ST/STM32CubeIDE_1.11.2/STM32CubeIDE/plugins/com.st.stm32cube.ide.mcu.externaltools.gnu-tools-for-stm32.12.3.rel1.win32_1.0.100.202403111256/tools/bin/../lib/gcc/arm-none-eabi/12.3.1/../../../../arm-none-eabi/lib/thumb/v7e-m+fp/hard\libc_nano.a(libc_a-atoi.o)
                              ./Core/Src/main.o (atoi)
C:/ST/STM32CubeIDE_1.11.2/STM32CubeIDE/plugins/com.st.stm32cube.ide.mcu.externaltools.gnu-tools-for-stm32.12.3.rel1.win32_1.0.100.202403111256/tools/bin/../lib/gcc/arm-none-eabi/12.3.1/../../../../arm-none-eabi/lib/thumb/v7e-m+fp/hard\libc_nano.a(libc_a-exit.o)
                              C:/ST/STM32CubeIDE_1.11.2/STM32CubeIDE/plugins/com.st.stm32cube.ide.mcu.externaltools.gnu-tools-for-stm32.12.3.rel1.win32_1.0.100.202403111256/tools/bin/../lib/gcc/arm-none-eabi/12.3.1/../../../../arm-none-eabi/lib/thumb/v7e-m+fp/hard/crt0.o (exit)
C:/ST/STM32CubeIDE_1.11.2/STM32CubeIDE/plugins/com.st.stm32cube.ide.mcu.externaltools.gnu-tools-for-stm32.12.3.rel1.win32_1.0.100.202403111256/tools/bin/../lib/gcc/arm-none-eabi/12.3.1/../../../../arm-none-eabi/lib/thumb/v7e-m+fp/hard\libc_nano.a(libc_a-strtol.o)
                              C:/ST/STM32CubeIDE_1.11.2/STM32CubeIDE/plugins/com.st.stm32cube.ide.mcu.externaltools.gnu-tools-for-stm32.12.3.rel1.win32_1.0.100.202403111256/tools/bin/../lib/gcc/arm-none-eabi/12.3.1/../../../../arm-none-eabi/lib/thumb/v7e-m+fp/hard\libc_nano.a(libc_a-atoi.o) (_strtol_r)
C:/ST/STM32CubeIDE_1.11.2/STM32CubeIDE/plugins/com.st.stm32cube.ide.mcu.externaltools.gnu-tools-for-stm32.12.3.rel1.win32_1.0.100.202403111256/tools/bin/../lib/gcc/arm-none-eabi/12.3.1/../../../../arm-none-eabi/lib/thumb/v7e-m+fp/hard\libc_nano.a(libc_a-ctype_.o)
                              C:/ST/STM32CubeIDE_1.11.2/STM32CubeIDE/plugins/com.st.stm32cube.ide.mcu.externaltools.gnu-tools-for-stm32.12.3.rel1.win32_1.0.100.202403111256/tools/bin/../lib/gcc/arm-none-eabi/12.3.1/../../../../arm-none-eabi/lib/thumb/v7e-m+fp/hard\libc_nano.a(libc_a-strtol.o) (_ctype_)
C:/ST/STM32CubeIDE_1.11.2/STM32CubeIDE/plugins/com.st.stm32cube.ide.mcu.externaltools.gnu-tools-for-stm32.12.3.rel1.win32_1.0.100.202403111256/tools/bin/../lib/gcc/arm-none-eabi/12.3.1/../../../../arm-none-eabi/lib/thumb/v7e-m+fp/hard\libc_nano.a(libc_a-findfp.o)
                              C:/ST/STM32CubeIDE_1.11.2/STM32CubeIDE/plugins/com.st.stm32cube.ide.mcu.externaltools.gnu-tools-for-stm32.12.3.rel1.win32_1.0.100.202403111256/tools/bin/../lib/gcc/arm-none-eabi/12.3.1/../../../../arm-none-eabi/lib/thumb/v7e-m+fp/hard\libc_nano.a(libc_a-exit.o) (__stdio_exit_handler)
C:/ST/STM32CubeIDE_1.11.2/STM32CubeIDE/plugins/com.st.stm32cube.ide.mcu.externaltools.gnu-tools-for-stm32.12.3.rel1.win32_1.0.100.202403111256/tools/bin/../lib/gcc/arm-none-eabi/12.3.1/../../../../arm-none-eabi/lib/thumb/v7e-m+fp/hard\libc_nano.a(libc_a-fwalk.o)
                              C:/ST/STM32CubeIDE_1.11.2/STM32CubeIDE/plugins/com.st.stm32cube.ide.mcu.externaltools.gnu-tools-for-stm32.12.3.rel1.win32_1.0.100.202403111256/tools/bin/../lib/gcc/arm-none-eabi/12.3.1/../../../../arm-none-eabi/lib/thumb/v7e-m+fp/hard\libc_nano.a(libc_a-findfp.o) (_fwalk_sglue)
C:/ST/STM32CubeIDE_1.11.2/STM32CubeIDE/plugins/com.st.stm32cube.ide.mcu.externaltools.gnu-tools-for-stm32.12.3.rel1.win32_1.0.100.202403111256/tools/bin/../lib/gcc/arm-none-eabi/12.3.1/../../../../arm-none-eabi/lib/thumb/v7e-m+fp/hard\libc_nano.a(libc_a-sprintf.o)
                              ./Middlewares/Third_Party/FreeRTOS/Source/tasks.o (sprintf)
C:/ST/STM32CubeIDE_1.11.2/STM32CubeIDE/plugins/com.st.stm32cube.ide.mcu.externaltools.gnu-tools-for-stm32.12.3.rel1.win32_1.0.100.202403111256/tools/bin/../lib/gcc/arm-none-eabi/12.3.1/../../../../arm-none-eabi/lib/thumb/v7e-m+fp/hard\libc_nano.a(libc_a-stdio.o)
                              C:/ST/STM32CubeIDE_1.11.2/STM32CubeIDE/plugins/com.st.stm32cube.ide.mcu.externaltools.gnu-tools-for-stm32.12.3.rel1.win32_1.0.100.202403111256/tools/bin/../lib/gcc/arm-none-eabi/12.3.1/../../../../arm-none-eabi/lib/thumb/v7e-m+fp/hard\libc_nano.a(libc_a-findfp.o) (__sread)
C:/ST/STM32CubeIDE_1.11.2/STM32CubeIDE/plugins/com.st.stm32cube.ide.mcu.externaltools.gnu-tools-for-stm32.12.3.rel1.win32_1.0.100.202403111256/tools/bin/../lib/gcc/arm-none-eabi/12.3.1/../../../../arm-none-eabi/lib/thumb/v7e-m+fp/hard\libc_nano.a(libc_a-memset.o)
                              C:/ST/STM32CubeIDE_1.11.2/STM32CubeIDE/plugins/com.st.stm32cube.ide.mcu.externaltools.gnu-tools-for-stm32.12.3.rel1.win32_1.0.100.202403111256/tools/bin/../lib/gcc/arm-none-eabi/12.3.1/../../../../arm-none-eabi/lib/thumb/v7e-m+fp/hard/crt0.o (memset)
C:/ST/STM32CubeIDE_1.11.2/STM32CubeIDE/plugins/com.st.stm32cube.ide.mcu.externaltools.gnu-tools-for-stm32.12.3.rel1.win32_1.0.100.202403111256/tools/bin/../lib/gcc/arm-none-eabi/12.3.1/../../../../arm-none-eabi/lib/thumb/v7e-m+fp/hard\libc_nano.a(libc_a-closer.o)
[...]
Memory Configuration

Name             Origin             Length             Attributes
RAM              0x20000000         0x00020000         xrw
FLASH            0x08000000         0x00080000         xr
*default*        0x00000000         0xffffffff

Linker script and memory map

LOAD C:/ST/STM32CubeIDE_1.11.2/STM32CubeIDE/plugins/com.st.stm32cube.ide.mcu.externaltools.gnu-tools-for-stm32.12.3.rel1.win32_1.0.100.202403111256/tools/bin/../lib/gcc/arm-none-eabi/12.3.1/thumb/v7e-m+fp/hard/crti.o
LOAD C:/ST/STM32CubeIDE_1.11.2/STM32CubeIDE/plugins/com.st.stm32cube.ide.mcu.externaltools.gnu-tools-for-stm32.12.3.rel1.win32_1.0.100.202403111256/tools/bin/../lib/gcc/arm-none-eabi/12.3.1/thumb/v7e-m+fp/hard/crtbegin.o
LOAD C:/ST/STM32CubeIDE_1.11.2/STM32CubeIDE/plugins/com.st.stm32cube.ide.mcu.externaltools.gnu-tools-for-stm32.12.3.rel1.win32_1.0.100.202403111256/tools/bin/../lib/gcc/arm-none-eabi/12.3.1/../../../../arm-none-eabi/lib/thumb/v7e-m+fp/hard/crt0.o
LOAD ./Core/Src/freertos.o
LOAD ./Core/Src/main.o
LOAD ./Core/Src/stm32f4xx_hal_msp.o
LOAD ./Core/Src/stm32f4xx_hal_timebase_tim.o
LOAD ./Core/Src/stm32f4xx_it.o
LOAD ./Core/Src/syscalls.o
LOAD ./Core/Src/sysmem.o
LOAD ./Core/Src/system_stm32f4xx.o
LOAD ./Core/Startup/startup_stm32f411ceux.o
LOAD ./Drivers/ECUAL/NRF24/NRF.o
LOAD ./Drivers/STM32F4xx_HAL_Driver/Src/stm32f4xx_hal.o
LOAD ./Drivers/STM32F4xx_HAL_Driver/Src/stm32f4xx_hal_cortex.o
LOAD ./Drivers/STM32F4xx_HAL_Driver/Src/stm32f4xx_hal_dma.o
LOAD ./Drivers/STM32F4xx_HAL_Driver/Src/stm32f4xx_hal_dma_ex.o
LOAD ./Drivers/STM32F4xx_HAL_Driver/Src/stm32f4xx_hal_exti.o
LOAD ./Drivers/STM32F4xx_HAL_Driver/Src/stm32f4xx_hal_flash.o
LOAD ./Drivers/STM32F4xx_HAL_Driver/Src/stm32f4xx_hal_flash_ex.o
LOAD ./Drivers/STM32F4xx_HAL_Driver/Src/stm32f4xx_hal_flash_ramfunc.o
LOAD ./Drivers/STM32F4xx_HAL_Driver/Src/stm32f4xx_hal_gpio.o
LOAD ./Drivers/STM32F4xx_HAL_Driver/Src/stm32f4xx_hal_pwr.o
LOAD ./Drivers/STM32F4xx_HAL_Driver/Src/stm32f4xx_hal_pwr_ex.o
LOAD ./Drivers/STM32F4xx_HAL_Driver/Src/stm32f4xx_hal_rcc.o
LOAD ./Drivers/STM32F4xx_HAL_Driver/Src/stm32f4xx_hal_rcc_ex.o
LOAD ./Drivers/STM32F4xx_HAL_Driver/Src/stm32f4xx_hal_spi.o
LOAD ./Drivers/STM32F4xx_HAL_Driver/Src/stm32f4xx_hal_tim.o
LOAD ./Drivers/STM32F4xx_HAL_Driver/Src/stm32f4xx_hal_tim_ex.o
LOAD ./Drivers/STM32F4xx_HAL_Driver/Src/stm32f4xx_hal_uart.o
LOAD ./Middlewares/Third_Party/FreeRTOS/Source/CMSIS_RTOS_V2/cmsis_os2.o
LOAD ./Middlewares/Third_Party/FreeRTOS/Source/croutine.o
LOAD ./Middlewares/Third_Party/FreeRTOS/Source/event_groups.o
LOAD ./Middlewares/Third_Party/FreeRTOS/Source/list.o
LOAD ./Middlewares/Third_Party/FreeRTOS/Source/queue.o
LOAD ./Middlewares/Third_Party/FreeRTOS/Source/stream_buffer.o
LOAD ./Middlewares/Third_Party/FreeRTOS/Source/tasks.o
LOAD ./Middlewares/Third_Party/FreeRTOS/Source/timers.o
LOAD ./Middlewares/Third_Party/FreeRTOS/Source/portable/GCC/ARM_CM4F/port.o
LOAD ./Middlewares/Third_Party/FreeRTOS/Source/portable/MemMang/heap_4.o
START GROUP
LOAD C:/ST/STM32CubeIDE_1.11.2/STM32CubeIDE/plugins/com.st.stm32cube.ide.mcu.externaltools.gnu-tools-for-stm32.12.3.rel1.win32_1.0.100.202403111256/tools/bin/../lib/gcc/arm-none-eabi/12.3.1/../../../../arm-none-eabi/lib/thumb/v7e-m+fp/hard\libc_nano.a
LOAD C:/ST/STM32CubeIDE_1.11.2/STM32CubeIDE/plugins/com.st.stm32cube.ide.mcu.externaltools.gnu-tools-for-stm32.12.3.rel1.win32_1.0.100.202403111256/tools/bin/../lib/gcc/arm-none-eabi/12.3.1/../../../../arm-none-eabi/lib/thumb/v7e-m+fp/hard\libm.a
END GROUP
START GROUP
LOAD C:/ST/STM32CubeIDE_1.11.2/STM32CubeIDE/plugins/com.st.stm32cube.ide.mcu.externaltools.gnu-tools-for-stm32.12.3.rel1.win32_1.0.100.202403111256/tools/bin/../lib/gcc/arm-none-eabi/12.3.1/thumb/v7e-m+fp/hard\libgcc.a
LOAD C:/ST/STM32CubeIDE_1.11.2/STM32CubeIDE/plugins/com.st.stm32cube.ide.mcu.externaltools.gnu-tools-for-stm32.12.3.rel1.win32_1.0.100.202403111256/tools/bin/../lib/gcc/arm-none-eabi/12.3.1/../../../../arm-none-eabi/lib/thumb/v7e-m+fp/hard\libc_nano.a
END GROUP
START GROUP
LOAD C:/ST/STM32CubeIDE_1.11.2/STM32CubeIDE/plugins/com.st.stm32cube.ide.mcu.externaltools.gnu-tools-for-stm32.12.3.rel1.win32_1.0.100.202403111256/tools/bin/../lib/gcc/arm-none-eabi/12.3.1/thumb/v7e-m+fp/hard\libgcc.a
LOAD C:/ST/STM32CubeIDE_1.11.2/STM32CubeIDE/plugins/com.st.stm32cube.ide.mcu.externaltools.gnu-tools-for-stm32.12.3.rel1.win32_1.0.100.202403111256/tools/bin/../lib/gcc/arm-none-eabi/12.3.1/../../../../arm-none-eabi/lib/thumb/v7e-m+fp/hard\libc_nano.a
LOAD C:/ST/STM32CubeIDE_1.11.2/STM32CubeIDE/plugins/com.st.stm32cube.ide.mcu.externaltools.gnu-tools-for-stm32.12.3.rel1.win32_1.0.100.202403111256/tools/bin/../lib/gcc/arm-none-eabi/12.3.1/../../../../arm-none-eabi/lib/thumb/v7e-m+fp/hard\libnosys.a
END GROUP
START GROUP
LOAD C:/ST/STM32CubeIDE_1.11.2/STM32CubeIDE/plugins/com.st.stm32cube.ide.mcu.externaltools.gnu-tools-for-stm32.12.3.rel1.win32_1.0.100.202403111256/tools/bin/../lib/gcc/arm-none-eabi/12.3.1/thumb/v7e-m+fp/hard\libgcc.a
LOAD C:/ST/STM32CubeIDE_1.11.2/STM32CubeIDE/plugins/com.st.stm32cube.ide.mcu.externaltools.gnu-tools-for-stm32.12.3.rel1.win32_1.0.100.202403111256/tools/bin/../lib/gcc/arm-none-eabi/12.3.1/../../../../arm-none-eabi/lib/thumb/v7e-m+fp/hard\libc_nano.a
LOAD C:/ST/STM32CubeIDE_1.11.2/STM32CubeIDE/plugins/com.st.stm32cube.ide.mcu.externaltools.gnu-tools-for-stm32.12.3.rel1.win32_1.0.100.202403111256/tools/bin/../lib/gcc/arm-none-eabi/12.3.1/../../../../arm-none-eabi/lib/thumb/v7e-m+fp/hard\libnosys.a
END GROUP
LOAD C:/ST/STM32CubeIDE_1.11.2/STM32CubeIDE/plugins/com.st.stm32cube.ide.mcu.externaltools.gnu-tools-for-stm32.12.3.rel1.win32_1.0.100.202403111256/tools/bin/../lib/gcc/arm-none-eabi/12.3.1/thumb/v7e-m+fp/hard/crtend.o
LOAD C:/ST/STM32CubeIDE_1.11.2/STM32CubeIDE/plugins/com.st.stm32cube.ide.mcu.externaltools.gnu-tools-for-stm32.12.3.rel1.win32_1.0.100.202403111256/tools/bin/../lib/gcc/arm-none-eabi/12.3.1/thumb/v7e-m+fp/hard/crtn.o
                0x20020000                        _estack = (ORIGIN (RAM) + LENGTH (RAM))
                0x00000200                        _Min_Heap_Size = 0x200
                0x00000400                        _Min_Stack_Size = 0x400

.isr_vector     0x08000000      0x198
                0x08000000                        . = ALIGN (0x4)
 *(.isr_vector)
 .isr_vector    0x08000000      0x198 ./Core/Startup/startup_stm32f411ceux.o
                0x08000000                g_pfnVectors
                0x08000198                        . = ALIGN (0x4)

.text           0x080001a0     0x9e40
                0x080001a0                        . = ALIGN (0x4)
 *(.text)
 .text          0x080001a0       0x40 C:/ST/STM32CubeIDE_1.11.2/STM32CubeIDE/plugins/com.st.stm32cube.ide.mcu.externaltools.gnu-tools-for-stm32.12.3.rel1.win32_1.0.100.202403111256/tools/bin/../lib/gcc/arm-none-eabi/12.3.1/thumb/v7e-m+fp/hard/crtbegin.o
 .text          0x080001e0       0x30 C:/ST/STM32CubeIDE_1.11.2/STM32CubeIDE/plugins/com.st.stm32cube.ide.mcu.externaltools.gnu-tools-for-stm32.12.3.rel1.win32_1.0.100.202403111256/tools/bin/../lib/gcc/arm-none-eabi/12.3.1/thumb/v7e-m+fp/hard\libgcc.a(_aeabi_uldivmod.o)
                0x080001e0                __aeabi_uldivmod
 .text          0x08000210      0x2bc C:/ST/STM32CubeIDE_1.11.2/STM32CubeIDE/plugins/com.st.stm32cube.ide.mcu.externaltools.gnu-tools-for-stm32.12.3.rel1.win32_1.0.100.202403111256/tools/bin/../lib/gcc/arm-none-eabi/12.3.1/thumb/v7e-m+fp/hard\libgcc.a(_udivmoddi4.o)
                0x08000210                __udivmoddi4
 .text          0x080004cc        0x4 C:/ST/STM32CubeIDE_1.11.2/STM32CubeIDE/plugins/com.st.stm32cube.ide.mcu.externaltools.gnu-tools-for-stm32.12.3.rel1.win32_1.0.100.202403111256/tools/bin/../lib/gcc/arm-none-eabi/12.3.1/thumb/v7e-m+fp/hard\libgcc.a(_dvmd_tls.o)
                0x080004cc                __aeabi_idiv0
                0x080004cc                __aeabi_ldiv0
 *(.text*)
 .text.configureTimerForRunTimeStats
                0x080004d0        0xe ./Core/Src/freertos.o
                0x080004d0                configureTimerForRunTimeStats
 .text.getRunTimeCounterValue
                0x080004de       0x10 ./Core/Src/freertos.o
                0x080004de                getRunTimeCounterValue
 .text.vApplicationIdleHook
                0x080004ee        0xe ./Core/Src/freertos.o
                0x080004ee                vApplicationIdleHook
 .text.main     0x080004fc      0x170 ./Core/Src/main.o
                0x080004fc                main
 .text.SystemClock_Config
                0x0800066c       0xd0 ./Core/Src/main.o
                0x0800066c                SystemClock_Config
 .text.MX_SPI1_Init
                0x0800073c       0x6c ./Core/Src/main.o
 .text.MX_TIM3_Init
                0x080007a8       0xa0 ./Core/Src/main.o
 .text.MX_TIM10_Init
                0x08000848       0x48 ./Core/Src/main.o
 .text.MX_USART1_UART_Init
                0x08000890       0x54 ./Core/Src/main.o
 .text.MX_DMA_Init
                0x080008e4       0x40 ./Core/Src/main.o
 .text.MX_GPIO_Init
                0x08000924       0xb0 ./Core/Src/main.o
 .text.HAL_GPIO_EXTI_Callback
                0x080009d4       0x16 ./Core/Src/main.o
                0x080009d4                HAL_GPIO_EXTI_Callback
 *fill*         0x080009ea        0x2 
 .text.HAL_UART_RxCpltCallback
                0x080009ec       0x20 ./Core/Src/main.o
                0x080009ec                HAL_UART_RxCpltCallback
 .text._CalcAvgDistance
                0x08000a0c       0xd8 ./Core/Src/main.o
                0x08000a0c                _CalcAvgDistance
 .text.StartDefaultTask
                0x08000ae4       0x10 ./Core/Src/main.o
                0x08000ae4                StartDefaultTask
 .text.Init_Task
                0x08000af4       0xb0 ./Core/Src/main.o
                0x08000af4                Init_Task
 .text.Distance_Calc
                0x08000ba4       0x74 ./Core/Src/main.o
                0x08000ba4                Distance_Calc
 .text.Localization
                0x08000c18       0xb0 ./Core/Src/main.o
                0x08000c18                Localization
 .text.Check_Algorithm
                0x08000cc8       0x7c ./Core/Src/main.o
                0x08000cc8                Check_Algorithm
 .text.BSW_Algorithm
                0x08000d44       0xc0 ./Core/Src/main.o
                0x08000d44                BSW_Algorithm
 .text.DPW_Algorithm
                0x08000e04       0xc4 ./Core/Src/main.o
                0x08000e04                DPW_Algorithm
 .text.Wireless_Receiving
                0x08000ec8      0x188 ./Core/Src/main.o
                0x08000ec8                Wireless_Receiving
 .text.FCW_Algorithm
                0x08001050       0x20 ./Core/Src/main.o
                0x08001050                FCW_Algorithm
 .text.EEBL_Algorithm
                0x08001070       0x74 ./Core/Src/main.o
                0x08001070                EEBL_Algorithm
 .text.HAL_TIM_PeriodElapsedCallback
                0x080010e4       0x24 ./Core/Src/main.o
                0x080010e4                HAL_TIM_PeriodElapsedCallback
 .text.Error_Handler
                0x08001108        0xc ./Core/Src/main.o
                0x08001108                Error_Handler
 .text.HAL_MspInit
                0x08001114       0x58 ./Core/Src/stm32f4xx_hal_msp.o
                0x08001114                HAL_MspInit
 .text.HAL_SPI_MspInit
                0x0800116c       0x90 ./Core/Src/stm32f4xx_hal_msp.o
                0x0800116c                HAL_SPI_MspInit
 .text.HAL_TIM_Base_MspInit
                0x080011fc       0x8c ./Core/Src/stm32f4xx_hal_msp.o
                0x080011fc                HAL_TIM_Base_MspInit
 .text.HAL_UART_MspInit
                0x08001288      0x108 ./Core/Src/stm32f4xx_hal_msp.o
                0x08001288                HAL_UART_MspInit
 .text.HAL_InitTick
                0x08001390       0xf8 ./Core/Src/stm32f4xx_hal_timebase_tim.o
                0x08001390                HAL_InitTick
 .text.NMI_Handler
                0x08001488        0x8 ./Core/Src/stm32f4xx_it.o
                0x08001488                NMI_Handler
 .text.HardFault_Handler
                0x08001490        0x8 ./Core/Src/stm32f4xx_it.o
                0x08001490                HardFault_Handler
 .text.MemManage_Handler
                0x08001498        0x8 ./Core/Src/stm32f4xx_it.o
                0x08001498                MemManage_Handler
 .text.BusFault_Handler
                0x080014a0        0x8 ./Core/Src/stm32f4xx_it.o
                0x080014a0                BusFault_Handler
 .text.UsageFault_Handler
                0x080014a8        0x8 ./Core/Src/stm32f4xx_it.o
                0x080014a8                UsageFault_Handler
 .text.DebugMon_Handler
                0x080014b0        0xe ./Core/Src/stm32f4xx_it.o
                0x080014b0                DebugMon_Handler
 .text.EXTI2_IRQHandler
                0x080014be        0xe ./Core/Src/stm32f4xx_it.o
                0x080014be                EXTI2_IRQHandler
 .text.TIM1_UP_TIM10_IRQHandler
                0x080014cc       0x14 ./Core/Src/stm32f4xx_it.o
                0x080014cc                TIM1_UP_TIM10_IRQHandler
 .text.TIM3_IRQHandler
                0x080014e0       0x14 ./Core/Src/stm32f4xx_it.o
                0x080014e0                TIM3_IRQHandler
 .text.TIM4_IRQHandler
                0x080014f4       0x14 ./Core/Src/stm32f4xx_it.o
                0x080014f4                TIM4_IRQHandler
 .text.USART1_IRQHandler
                0x08001508       0x14 ./Core/Src/stm32f4xx_it.o
                0x08001508                USART1_IRQHandler
 .text.DMA2_Stream2_IRQHandler
                0x0800151c       0x14 ./Core/Src/stm32f4xx_it.o
                0x0800151c                DMA2_Stream2_IRQHandler
 .text.SystemInit
                0x08001530       0x24 ./Core/Src/system_stm32f4xx.o
                0x08001530                SystemInit
 .text.Reset_Handler
                0x08001554       0x50 ./Core/Startup/startup_stm32f411ceux.o
                0x08001554                Reset_Handler
 .text.Default_Handler
                0x080015a4        0x2 ./Core/Startup/startup_stm32f411ceux.o
                0x080015a4                RTC_Alarm_IRQHandler
                0x080015a4                SPI4_IRQHandler
                0x080015a4                TIM1_CC_IRQHandler
                0x080015a4                DMA2_Stream5_IRQHandler
                0x080015a4                DMA1_Stream5_IRQHandler
                0x080015a4                PVD_IRQHandler
                0x080015a4                SDIO_IRQHandler
                0x080015a4                TAMP_STAMP_IRQHandler
                0x080015a4                EXTI3_IRQHandler
                0x080015a4                I2C3_ER_IRQHandler
                0x080015a4                EXTI0_IRQHandler
                0x080015a4                I2C2_EV_IRQHandler
                0x080015a4                DMA1_Stream2_IRQHandler
                0x080015a4                FPU_IRQHandler
                0x080015a4                SPI1_IRQHandler
                0x080015a4                TIM1_BRK_TIM9_IRQHandler
                0x080015a4                DMA2_Stream3_IRQHandler
                0x080015a4                USART6_IRQHandler
                0x080015a4                DMA2_Stream0_IRQHandler
                0x080015a4                I2C1_EV_IRQHandler
                0x080015a4                DMA1_Stream6_IRQHandler
                0x080015a4                DMA1_Stream1_IRQHandler
                0x080015a4                RCC_IRQHandler
                0x080015a4                Default_Handler
                0x080015a4                EXTI15_10_IRQHandler
                0x080015a4                ADC_IRQHandler
                0x080015a4                DMA1_Stream7_IRQHandler
                0x080015a4                SPI5_IRQHandler
                0x080015a4                TIM5_IRQHandler
                0x080015a4                DMA2_Stream7_IRQHandler
                0x080015a4                I2C3_EV_IRQHandler
                0x080015a4                EXTI9_5_IRQHandler
                0x080015a4                RTC_WKUP_IRQHandler
                0x080015a4                SPI2_IRQHandler
                0x080015a4                DMA1_Stream0_IRQHandler
                0x080015a4                EXTI4_IRQHandler
                0x080015a4                WWDG_IRQHandler
                0x080015a4                TIM2_IRQHandler
                0x080015a4                OTG_FS_WKUP_IRQHandler
                0x080015a4                TIM1_TRG_COM_TIM11_IRQHandler
                0x080015a4                EXTI1_IRQHandler
                0x080015a4                USART2_IRQHandler
                0x080015a4                I2C2_ER_IRQHandler
                0x080015a4                DMA2_Stream1_IRQHandler
                0x080015a4                FLASH_IRQHandler
                0x080015a4                DMA2_Stream4_IRQHandler
                0x080015a4                OTG_FS_IRQHandler
                0x080015a4                SPI3_IRQHandler
                0x080015a4                DMA1_Stream4_IRQHandler
                0x080015a4                I2C1_ER_IRQHandler
                0x080015a4                DMA2_Stream6_IRQHandler
                0x080015a4                DMA1_Stream3_IRQHandler
 *fill*         0x080015a6        0x2 
 .text.NRF24_DelayMicroSeconds
                0x080015a8       0x44 ./Drivers/ECUAL/NRF24/NRF.o
                0x080015a8                NRF24_DelayMicroSeconds
 .text.NRF24_csn
                0x080015ec       0x40 ./Drivers/ECUAL/NRF24/NRF.o
                0x080015ec                NRF24_csn
 .text.NRF24_ce
                0x0800162c       0x40 ./Drivers/ECUAL/NRF24/NRF.o
                0x0800162c                NRF24_ce
 .text.NRF24_read_register
                0x0800166c       0x50 ./Drivers/ECUAL/NRF24/NRF.o
                0x0800166c                NRF24_read_register
 .text.NRF24_read_registerN
                0x080016bc       0x50 ./Drivers/ECUAL/NRF24/NRF.o
                0x080016bc                NRF24_read_registerN
 .text.NRF24_write_register
                0x0800170c       0x44 ./Drivers/ECUAL/NRF24/NRF.o
                0x0800170c                NRF24_write_register
 .text.NRF24_write_registerN
                0x08001750       0x50 ./Drivers/ECUAL/NRF24/NRF.o
                0x08001750                NRF24_write_registerN
 .text.NRF24_write_payload
                0x080017a0       0x44 ./Drivers/ECUAL/NRF24/NRF.o
                0x080017a0                NRF24_write_payload
 .text.NRF24_read_payload
                0x080017e4       0x60 ./Drivers/ECUAL/NRF24/NRF.o
                0x080017e4                NRF24_read_payload
 .text.NRF24_flush_tx
                0x08001844       0x10 ./Drivers/ECUAL/NRF24/NRF.o
                0x08001844                NRF24_flush_tx
 .text.NRF24_flush_rx
                0x08001854       0x10 ./Drivers/ECUAL/NRF24/NRF.o
                0x08001854                NRF24_flush_rx
 .text.NRF24_get_status
                0x08001864       0x1a ./Drivers/ECUAL/NRF24/NRF.o
                0x08001864                NRF24_get_status
 *fill*         0x0800187e        0x2 
 .text.NRF24_begin
                0x08001880      0x1b8 ./Drivers/ECUAL/NRF24/NRF.o
                0x08001880                NRF24_begin
 .text.NRF24_startListening
                0x08001a38       0x4c ./Drivers/ECUAL/NRF24/NRF.o
                0x08001a38                NRF24_startListening
 .text.NRF24_stopListening
                0x08001a84       0x16 ./Drivers/ECUAL/NRF24/NRF.o
                0x08001a84                NRF24_stopListening
 *fill*         0x08001a9a        0x2 
 .text.NRF24_write
                0x08001a9c       0x98 ./Drivers/ECUAL/NRF24/NRF.o
                0x08001a9c                NRF24_write
 .text.NRF24_available
                0x08001b34       0x10 ./Drivers/ECUAL/NRF24/NRF.o
                0x08001b34                NRF24_available
 .text.NRF24_read
                0x08001b44       0x40 ./Drivers/ECUAL/NRF24/NRF.o
                0x08001b44                NRF24_read
 .text.NRF24_openWritingPipe
                0x08001b84       0x48 ./Drivers/ECUAL/NRF24/NRF.o
                0x08001b84                NRF24_openWritingPipe
 .text.NRF24_openReadingPipe
                0x08001bcc       0x9c ./Drivers/ECUAL/NRF24/NRF.o
                0x08001bcc                NRF24_openReadingPipe
 .text.NRF24_setRetries
                0x08001c68       0x36 ./Drivers/ECUAL/NRF24/NRF.o
                0x08001c68                NRF24_setRetries
 .text.NRF24_setChannel
                0x08001c9e       0x2a ./Drivers/ECUAL/NRF24/NRF.o
                0x08001c9e                NRF24_setChannel
 .text.NRF24_setPayloadSize
                0x08001cc8       0x30 ./Drivers/ECUAL/NRF24/NRF.o
                0x08001cc8                NRF24_setPayloadSize
 .text.NRF24_getPayloadSize
                0x08001cf8       0x18 ./Drivers/ECUAL/NRF24/NRF.o
                0x08001cf8                NRF24_getPayloadSize
 .text.NRF24_getDynamicPayloadSize
                0x08001d10       0x10 ./Drivers/ECUAL/NRF24/NRF.o
                0x08001d10                NRF24_getDynamicPayloadSize
 .text.NRF24_enableAckPayload
                0x08001d20       0x5a ./Drivers/ECUAL/NRF24/NRF.o
                0x08001d20                NRF24_enableAckPayload
 *fill*         0x08001d7a        0x2 
 .text.NRF24_enableDynamicPayloads
                0x08001d7c       0x64 ./Drivers/ECUAL/NRF24/NRF.o
                0x08001d7c                NRF24_enableDynamicPayloads
 .text.NRF24_disableDynamicPayloads
                0x08001de0       0x30 ./Drivers/ECUAL/NRF24/NRF.o
                0x08001de0                NRF24_disableDynamicPayloads
 .text.NRF24_setAutoAck
                0x08001e10       0x2a ./Drivers/ECUAL/NRF24/NRF.o
                0x08001e10                NRF24_setAutoAck
 .text.NRF24_setPALevel
                0x08001e3a       0x72 ./Drivers/ECUAL/NRF24/NRF.o
                0x08001e3a                NRF24_setPALevel
 .text.NRF24_setDataRate
                0x08001eac       0x8c ./Drivers/ECUAL/NRF24/NRF.o
                0x08001eac                NRF24_setDataRate
 .text.NRF24_setCRCLength
                0x08001f38       0x50 ./Drivers/ECUAL/NRF24/NRF.o
                0x08001f38                NRF24_setCRCLength
 .text.NRF24_ActivateRXInterrupt
                0x08001f88       0x2a ./Drivers/ECUAL/NRF24/NRF.o
                0x08001f88                NRF24_ActivateRXInterrupt
 .text.NRF24_powerDown
                0x08001fb2       0x1e ./Drivers/ECUAL/NRF24/NRF.o
                0x08001fb2                NRF24_powerDown
 .text.NRF24_availablePipe
                0x08001fd0       0x60 ./Drivers/ECUAL/NRF24/NRF.o
                0x08001fd0                NRF24_availablePipe
 .text.NRF24_startWrite
                0x08002030       0x5e ./Drivers/ECUAL/NRF24/NRF.o
                0x08002030                NRF24_startWrite
 .text.NRF24_writeAckPayload
                0x0800208e       0x54 ./Drivers/ECUAL/NRF24/NRF.o
                0x0800208e                NRF24_writeAckPayload
 .text.NRF24_whatHappened
                0x080020e2       0x66 ./Drivers/ECUAL/NRF24/NRF.o
                0x080020e2                NRF24_whatHappened
 .text.NRF24_resetStatus
                0x08002148       0x10 ./Drivers/ECUAL/NRF24/NRF.o
                0x08002148                NRF24_resetStatus
 .text.NRF24_ACTIVATE_cmd
                0x08002158       0x34 ./Drivers/ECUAL/NRF24/NRF.o
                0x08002158                NRF24_ACTIVATE_cmd
 .text.HAL_Init
                0x0800218c       0x44 ./Drivers/STM32F4xx_HAL_Driver/Src/stm32f4xx_hal.o
                0x0800218c                HAL_Init
 .text.HAL_IncTick
                0x080021d0       0x28 ./Drivers/STM32F4xx_HAL_Driver/Src/stm32f4xx_hal.o
                0x080021d0                HAL_IncTick
 .text.HAL_GetTick
                0x080021f8       0x18 ./Drivers/STM32F4xx_HAL_Driver/Src/stm32f4xx_hal.o
                0x080021f8                HAL_GetTick
 .text.HAL_Delay
                0x08002210       0x48 ./Drivers/STM32F4xx_HAL_Driver/Src/stm32f4xx_hal.o
                0x08002210                HAL_Delay
 .text.__NVIC_SetPriorityGrouping
                0x08002258       0x48 ./Drivers/STM32F4xx_HAL_Driver/Src/stm32f4xx_hal_cortex.o
 .text.__NVIC_GetPriorityGrouping
                0x080022a0       0x1c ./Drivers/STM32F4xx_HAL_Driver/Src/stm32f4xx_hal_cortex.o
 .text.__NVIC_EnableIRQ
                0x080022bc       0x3c ./Drivers/STM32F4xx_HAL_Driver/Src/stm32f4xx_hal_cortex.o
 .text.__NVIC_SetPriority
                0x080022f8       0x54 ./Drivers/STM32F4xx_HAL_Driver/Src/stm32f4xx_hal_cortex.o
 .text.NVIC_EncodePriority
                0x0800234c       0x66 ./Drivers/STM32F4xx_HAL_Driver/Src/stm32f4xx_hal_cortex.o
 .text.HAL_NVIC_SetPriorityGrouping
                0x080023b2       0x16 ./Drivers/STM32F4xx_HAL_Driver/Src/stm32f4xx_hal_cortex.o
                0x080023b2                HAL_NVIC_SetPriorityGrouping
 .text.HAL_NVIC_SetPriority
                0x080023c8       0x38 ./Drivers/STM32F4xx_HAL_Driver/Src/stm32f4xx_hal_cortex.o
                0x080023c8                HAL_NVIC_SetPriority
 .text.HAL_NVIC_EnableIRQ
                0x08002400       0x1c ./Drivers/STM32F4xx_HAL_Driver/Src/stm32f4xx_hal_cortex.o
                0x08002400                HAL_NVIC_EnableIRQ
 .text.HAL_DMA_Init
                0x0800241c      0x15c ./Drivers/STM32F4xx_HAL_Driver/Src/stm32f4xx_hal_dma.o
                0x0800241c                HAL_DMA_Init
 .text.HAL_DMA_Start_IT
                0x08002578       0xb0 ./Drivers/STM32F4xx_HAL_Driver/Src/stm32f4xx_hal_dma.o
                0x08002578                HAL_DMA_Start_IT
 .text.HAL_DMA_Abort
                0x08002628       0xe0 ./Drivers/STM32F4xx_HAL_Driver/Src/stm32f4xx_hal_dma.o
                0x08002628                HAL_DMA_Abort
 .text.HAL_DMA_Abort_IT
                0x08002708       0x44 ./Drivers/STM32F4xx_HAL_Driver/Src/stm32f4xx_hal_dma.o
                0x08002708                HAL_DMA_Abort_IT
 .text.HAL_DMA_IRQHandler
                0x0800274c      0x314 ./Drivers/STM32F4xx_HAL_Driver/Src/stm32f4xx_hal_dma.o
                0x0800274c                HAL_DMA_IRQHandler
 .text.DMA_SetConfig
                0x08002a60       0x5c ./Drivers/STM32F4xx_HAL_Driver/Src/stm32f4xx_hal_dma.o
 .text.DMA_CalcBaseAndBitshift
                0x08002abc       0x6c ./Drivers/STM32F4xx_HAL_Driver/Src/stm32f4xx_hal_dma.o
 .text.DMA_CheckFifoParam
                0x08002b28       0xf8 ./Drivers/STM32F4xx_HAL_Driver/Src/stm32f4xx_hal_dma.o
 .text.HAL_GPIO_Init
                0x08002c20      0x308 ./Drivers/STM32F4xx_HAL_Driver/Src/stm32f4xx_hal_gpio.o
                0x08002c20                HAL_GPIO_Init
 .text.HAL_GPIO_WritePin
                0x08002f28       0x32 ./Drivers/STM32F4xx_HAL_Driver/Src/stm32f4xx_hal_gpio.o
                0x08002f28                HAL_GPIO_WritePin
 *fill*         0x08002f5a        0x2 
 .text.HAL_GPIO_EXTI_IRQHandler
                0x08002f5c       0x30 ./Drivers/STM32F4xx_HAL_Driver/Src/stm32f4xx_hal_gpio.o
                0x08002f5c                HAL_GPIO_EXTI_IRQHandler
 .text.HAL_RCC_OscConfig
                0x08002f8c      0x4f0 ./Drivers/STM32F4xx_HAL_Driver/Src/stm32f4xx_hal_rcc.o
                0x08002f8c                HAL_RCC_OscConfig
 .text.HAL_RCC_ClockConfig
                0x0800347c      0x1cc ./Drivers/STM32F4xx_HAL_Driver/Src/stm32f4xx_hal_rcc.o
                0x0800347c                HAL_RCC_ClockConfig
 .text.HAL_RCC_GetSysClockFreq
                0x08003648      0x18c ./Drivers/STM32F4xx_HAL_Driver/Src/stm32f4xx_hal_rcc.o
                0x08003648                HAL_RCC_GetSysClockFreq
 .text.HAL_RCC_GetHCLKFreq
                0x080037d4       0x18 ./Drivers/STM32F4xx_HAL_Driver/Src/stm32f4xx_hal_rcc.o
                0x080037d4                HAL_RCC_GetHCLKFreq
 .text.HAL_RCC_GetPCLK1Freq
                0x080037ec       0x28 ./Drivers/STM32F4xx_HAL_Driver/Src/stm32f4xx_hal_rcc.o
                0x080037ec                HAL_RCC_GetPCLK1Freq
 .text.HAL_RCC_GetPCLK2Freq
                0x08003814       0x28 ./Drivers/STM32F4xx_HAL_Driver/Src/stm32f4xx_hal_rcc.o
                0x08003814                HAL_RCC_GetPCLK2Freq
 .text.HAL_RCC_GetClockConfig
                0x0800383c       0x64 ./Drivers/STM32F4xx_HAL_Driver/Src/stm32f4xx_hal_rcc.o
                0x0800383c                HAL_RCC_GetClockConfig
 .text.HAL_SPI_Init
                0x080038a0      0x112 ./Drivers/STM32F4xx_HAL_Driver/Src/stm32f4xx_hal_spi.o
                0x080038a0                HAL_SPI_Init
 .text.HAL_SPI_Transmit
                0x080039b2      0x286 ./Drivers/STM32F4xx_HAL_Driver/Src/stm32f4xx_hal_spi.o
                0x080039b2                HAL_SPI_Transmit
 .text.HAL_SPI_Receive
                0x08003c38      0x230 ./Drivers/STM32F4xx_HAL_Driver/Src/stm32f4xx_hal_spi.o
                0x08003c38                HAL_SPI_Receive
 .text.HAL_SPI_TransmitReceive
                0x08003e68      0x360 ./Drivers/STM32F4xx_HAL_Driver/Src/stm32f4xx_hal_spi.o
                0x08003e68                HAL_SPI_TransmitReceive
 .text.SPI_WaitFlagStateUntilTimeout
                0x080041c8      0x110 ./Drivers/STM32F4xx_HAL_Driver/Src/stm32f4xx_hal_spi.o
 .text.SPI_EndRxTransaction
                0x080042d8       0xca ./Drivers/STM32F4xx_HAL_Driver/Src/stm32f4xx_hal_spi.o
 *fill*         0x080043a2        0x2 
 .text.SPI_EndRxTxTransaction
                0x080043a4       0xa8 ./Drivers/STM32F4xx_HAL_Driver/Src/stm32f4xx_hal_spi.o
 .text.HAL_TIM_Base_Init
                0x0800444c       0x9e ./Drivers/STM32F4xx_HAL_Driver/Src/stm32f4xx_hal_tim.o
                0x0800444c                HAL_TIM_Base_Init
 *fill*         0x080044ea        0x2 
 .text.HAL_TIM_Base_Start_IT
                0x080044ec       0xc4 ./Drivers/STM32F4xx_HAL_Driver/Src/stm32f4xx_hal_tim.o
                0x080044ec                HAL_TIM_Base_Start_IT
 .text.HAL_TIM_IRQHandler
                0x080045b0      0x1e0 ./Drivers/STM32F4xx_HAL_Driver/Src/stm32f4xx_hal_tim.o
                0x080045b0                HAL_TIM_IRQHandler
 .text.HAL_TIM_SlaveConfigSynchro
                0x08004790       0x84 ./Drivers/STM32F4xx_HAL_Driver/Src/stm32f4xx_hal_tim.o
                0x08004790                HAL_TIM_SlaveConfigSynchro
 .text.HAL_TIM_OC_DelayElapsedCallback
                0x08004814       0x14 ./Drivers/STM32F4xx_HAL_Driver/Src/stm32f4xx_hal_tim.o
                0x08004814                HAL_TIM_OC_DelayElapsedCallback
 .text.HAL_TIM_IC_CaptureCallback
                0x08004828       0x14 ./Drivers/STM32F4xx_HAL_Driver/Src/stm32f4xx_hal_tim.o
                0x08004828                HAL_TIM_IC_CaptureCallback
 .text.HAL_TIM_PWM_PulseFinishedCallback
                0x0800483c       0x14 ./Drivers/STM32F4xx_HAL_Driver/Src/stm32f4xx_hal_tim.o
                0x0800483c                HAL_TIM_PWM_PulseFinishedCallback
 .text.HAL_TIM_TriggerCallback
                0x08004850       0x14 ./Drivers/STM32F4xx_HAL_Driver/Src/stm32f4xx_hal_tim.o
                0x08004850                HAL_TIM_TriggerCallback
 .text.TIM_Base_SetConfig
                0x08004864      0x118 ./Drivers/STM32F4xx_HAL_Driver/Src/stm32f4xx_hal_tim.o
                0x08004864                TIM_Base_SetConfig
 .text.TIM_SlaveTimer_SetConfig
                0x0800497c      0x122 ./Drivers/STM32F4xx_HAL_Driver/Src/stm32f4xx_hal_tim.o
 .text.TIM_TI1_ConfigInputStage
                0x08004a9e       0x5e ./Drivers/STM32F4xx_HAL_Driver/Src/stm32f4xx_hal_tim.o
 .text.TIM_TI2_ConfigInputStage
                0x08004afc       0x60 ./Drivers/STM32F4xx_HAL_Driver/Src/stm32f4xx_hal_tim.o
 .text.TIM_ETR_SetConfig
                0x08004b5c       0x40 ./Drivers/STM32F4xx_HAL_Driver/Src/stm32f4xx_hal_tim.o
                0x08004b5c                TIM_ETR_SetConfig
 .text.HAL_TIMEx_MasterConfigSynchronization
                0x08004b9c       0xdc ./Drivers/STM32F4xx_HAL_Driver/Src/stm32f4xx_hal_tim_ex.o
                0x08004b9c                HAL_TIMEx_MasterConfigSynchronization
 .text.HAL_TIMEx_CommutCallback
                0x08004c78       0x14 ./Drivers/STM32F4xx_HAL_Driver/Src/stm32f4xx_hal_tim_ex.o
                0x08004c78                HAL_TIMEx_CommutCallback
 .text.HAL_TIMEx_BreakCallback
                0x08004c8c       0x14 ./Drivers/STM32F4xx_HAL_Driver/Src/stm32f4xx_hal_tim_ex.o
                0x08004c8c                HAL_TIMEx_BreakCallback
 .text.HAL_UART_Init
                0x08004ca0       0xa0 ./Drivers/STM32F4xx_HAL_Driver/Src/stm32f4xx_hal_uart.o
                0x08004ca0                HAL_UART_Init
 .text.HAL_UART_Transmit
                0x08004d40      0x116 ./Drivers/STM32F4xx_HAL_Driver/Src/stm32f4xx_hal_uart.o
                0x08004d40                HAL_UART_Transmit
 .text.HAL_UART_Receive_DMA
                0x08004e56       0x4a ./Drivers/STM32F4xx_HAL_Driver/Src/stm32f4xx_hal_uart.o
                0x08004e56                HAL_UART_Receive_DMA
 .text.HAL_UART_IRQHandler
                0x08004ea0      0x524 ./Drivers/STM32F4xx_HAL_Driver/Src/stm32f4xx_hal_uart.o
                0x08004ea0                HAL_UART_IRQHandler
 .text.HAL_UART_TxCpltCallback
                0x080053c4       0x14 ./Drivers/STM32F4xx_HAL_Driver/Src/stm32f4xx_hal_uart.o
                0x080053c4                HAL_UART_TxCpltCallback
 .text.HAL_UART_RxHalfCpltCallback
                0x080053d8       0x14 ./Drivers/STM32F4xx_HAL_Driver/Src/stm32f4xx_hal_uart.o
                0x080053d8                HAL_UART_RxHalfCpltCallback
 .text.HAL_UART_ErrorCallback
                0x080053ec       0x14 ./Drivers/STM32F4xx_HAL_Driver/Src/stm32f4xx_hal_uart.o
                0x080053ec                HAL_UART_ErrorCallback
 .text.HAL_UARTEx_RxEventCallback
                0x08005400       0x18 ./Drivers/STM32F4xx_HAL_Driver/Src/stm32f4xx_hal_uart.o
                0x08005400                HAL_UARTEx_RxEventCallback
 .text.UART_DMAReceiveCplt
                0x08005418      0x12c ./Drivers/STM32F4xx_HAL_Driver/Src/stm32f4xx_hal_uart.o
 .text.UART_DMARxHalfCplt
                0x08005544       0x3c ./Drivers/STM32F4xx_HAL_Driver/Src/stm32f4xx_hal_uart.o
 .text.UART_DMAError
                0x08005580       0x94 ./Drivers/STM32F4xx_HAL_Driver/Src/stm32f4xx_hal_uart.o
 .text.UART_WaitOnFlagUntilTimeout
                0x08005614       0xb2 ./Drivers/STM32F4xx_HAL_Driver/Src/stm32f4xx_hal_uart.o
 *fill*         0x080056c6        0x2 
 .text.UART_Start_Receive_DMA
                0x080056c8      0x134 ./Drivers/STM32F4xx_HAL_Driver/Src/stm32f4xx_hal_uart.o
                0x080056c8                UART_Start_Receive_DMA
 .text.UART_EndTxTransfer
                0x080057fc       0x50 ./Drivers/STM32F4xx_HAL_Driver/Src/stm32f4xx_hal_uart.o
 .text.UART_EndRxTransfer
                0x0800584c       0xc6 ./Drivers/STM32F4xx_HAL_Driver/Src/stm32f4xx_hal_uart.o
 .text.UART_DMAAbortOnError
                0x08005912       0x28 ./Drivers/STM32F4xx_HAL_Driver/Src/stm32f4xx_hal_uart.o
 .text.UART_Transmit_IT
                0x0800593a       0xa0 ./Drivers/STM32F4xx_HAL_Driver/Src/stm32f4xx_hal_uart.o
 .text.UART_EndTransmit_IT
                0x080059da       0x30 ./Drivers/STM32F4xx_HAL_Driver/Src/stm32f4xx_hal_uart.o
 .text.UART_Receive_IT
                0x08005a0a      0x17c ./Drivers/STM32F4xx_HAL_Driver/Src/stm32f4xx_hal_uart.o
 *fill*         0x08005b86        0x2 
 .text.UART_SetConfig
                0x08005b88      0x4e8 ./Drivers/STM32F4xx_HAL_Driver/Src/stm32f4xx_hal_uart.o
 .text.__NVIC_SetPriority
                0x08006070       0x54 ./Middlewares/Third_Party/FreeRTOS/Source/CMSIS_RTOS_V2/cmsis_os2.o
 .text.SysTick_Handler
                0x080060c4       0x20 ./Middlewares/Third_Party/FreeRTOS/Source/CMSIS_RTOS_V2/cmsis_os2.o
                0x080060c4                SysTick_Handler
 .text.SVC_Setup
                0x080060e4       0x12 ./Middlewares/Third_Party/FreeRTOS/Source/CMSIS_RTOS_V2/cmsis_os2.o
 *fill*         0x080060f6        0x2 
 .text.osKernelInitialize
                0x080060f8       0x48 ./Middlewares/Third_Party/FreeRTOS/Source/CMSIS_RTOS_V2/cmsis_os2.o
                0x080060f8                osKernelInitialize
 .text.osKernelStart
                0x08006140       0x4c ./Middlewares/Third_Party/FreeRTOS/Source/CMSIS_RTOS_V2/cmsis_os2.o
                0x08006140                osKernelStart
 .text.osThreadNew
                0x0800618c      0x124 ./Middlewares/Third_Party/FreeRTOS/Source/CMSIS_RTOS_V2/cmsis_os2.o
                0x0800618c                osThreadNew
 .text.osThreadTerminate
                0x080062b0       0x5a ./Middlewares/Third_Party/FreeRTOS/Source/CMSIS_RTOS_V2/cmsis_os2.o
                0x080062b0                osThreadTerminate
 .text.osDelay  0x0800630a       0x36 ./Middlewares/Third_Party/FreeRTOS/Source/CMSIS_RTOS_V2/cmsis_os2.o
                0x0800630a                osDelay
 .text.osEventFlagsNew
                0x08006340       0x7e ./Middlewares/Third_Party/FreeRTOS/Source/CMSIS_RTOS_V2/cmsis_os2.o
                0x08006340                osEventFlagsNew
 *fill*         0x080063be        0x2 
 .text.osEventFlagsSet
                0x080063c0       0x84 ./Middlewares/Third_Party/FreeRTOS/Source/CMSIS_RTOS_V2/cmsis_os2.o
                0x080063c0                osEventFlagsSet
 .text.osEventFlagsWait
                0x08006444       0xca ./Middlewares/Third_Party/FreeRTOS/Source/CMSIS_RTOS_V2/cmsis_os2.o
                0x08006444                osEventFlagsWait
 .text.osMutexNew
                0x0800650e      0x10c ./Middlewares/Third_Party/FreeRTOS/Source/CMSIS_RTOS_V2/cmsis_os2.o
                0x0800650e                osMutexNew
 .text.osMutexAcquire
                0x0800661a       0x96 ./Middlewares/Third_Party/FreeRTOS/Source/CMSIS_RTOS_V2/cmsis_os2.o
                0x0800661a                osMutexAcquire
 .text.osMutexRelease
                0x080066b0       0x7a ./Middlewares/Third_Party/FreeRTOS/Source/CMSIS_RTOS_V2/cmsis_os2.o
                0x080066b0                osMutexRelease
 *fill*         0x0800672a        0x2 
 .text.vApplicationGetIdleTaskMemory
                0x0800672c       0x34 ./Middlewares/Third_Party/FreeRTOS/Source/CMSIS_RTOS_V2/cmsis_os2.o
                0x0800672c                vApplicationGetIdleTaskMemory
 .text.vApplicationGetTimerTaskMemory
                0x08006760       0x34 ./Middlewares/Third_Party/FreeRTOS/Source/CMSIS_RTOS_V2/cmsis_os2.o
                0x08006760                vApplicationGetTimerTaskMemory
 .text.xEventGroupCreateStatic
                0x08006794       0x72 ./Middlewares/Third_Party/FreeRTOS/Source/event_groups.o
                0x08006794                xEventGroupCreateStatic
 .text.xEventGroupCreate
                0x08006806       0x34 ./Middlewares/Third_Party/FreeRTOS/Source/event_groups.o
                0x08006806                xEventGroupCreate
 *fill*         0x0800683a        0x2 
 .text.xEventGroupWaitBits
                0x0800683c      0x1a4 ./Middlewares/Third_Party/FreeRTOS/Source/event_groups.o
                0x0800683c                xEventGroupWaitBits
 .text.xEventGroupSetBits
                0x080069e0      0x118 ./Middlewares/Third_Party/FreeRTOS/Source/event_groups.o
                0x080069e0                xEventGroupSetBits
 .text.vEventGroupSetBitsCallback
                0x08006af8       0x1a ./Middlewares/Third_Party/FreeRTOS/Source/event_groups.o
                0x08006af8                vEventGroupSetBitsCallback
 .text.prvTestWaitCondition
                0x08006b12       0x44 ./Middlewares/Third_Party/FreeRTOS/Source/event_groups.o
 *fill*         0x08006b56        0x2 
 .text.xEventGroupSetBitsFromISR
                0x08006b58       0x28 ./Middlewares/Third_Party/FreeRTOS/Source/event_groups.o
                0x08006b58                xEventGroupSetBitsFromISR
 .text.vListInitialise
                0x08006b80       0x40 ./Middlewares/Third_Party/FreeRTOS/Source/list.o
                0x08006b80                vListInitialise
 .text.vListInitialiseItem
                0x08006bc0       0x1a ./Middlewares/Third_Party/FreeRTOS/Source/list.o
                0x08006bc0                vListInitialiseItem
 .text.vListInsertEnd
                0x08006bda       0x48 ./Middlewares/Third_Party/FreeRTOS/Source/list.o
                0x08006bda                vListInsertEnd
 .text.vListInsert
                0x08006c22       0x72 ./Middlewares/Third_Party/FreeRTOS/Source/list.o
                0x08006c22                vListInsert
 .text.uxListRemove
                0x08006c94       0x54 ./Middlewares/Third_Party/FreeRTOS/Source/list.o
                0x08006c94                uxListRemove
 .text.xQueueGenericReset
                0x08006ce8       0xd4 ./Middlewares/Third_Party/FreeRTOS/Source/queue.o
                0x08006ce8                xQueueGenericReset
 .text.xQueueGenericCreateStatic
                0x08006dbc       0xfa ./Middlewares/Third_Party/FreeRTOS/Source/queue.o
                0x08006dbc                xQueueGenericCreateStatic
 .text.xQueueGenericCreate
                0x08006eb6       0x76 ./Middlewares/Third_Party/FreeRTOS/Source/queue.o
                0x08006eb6                xQueueGenericCreate
 .text.prvInitialiseNewQueue
                0x08006f2c       0x46 ./Middlewares/Third_Party/FreeRTOS/Source/queue.o
 .text.prvInitialiseMutex
                0x08006f72       0x34 ./Middlewares/Third_Party/FreeRTOS/Source/queue.o
 .text.xQueueCreateMutex
                0x08006fa6       0x30 ./Middlewares/Third_Party/FreeRTOS/Source/queue.o
                0x08006fa6                xQueueCreateMutex
 .text.xQueueCreateMutexStatic
                0x08006fd6       0x36 ./Middlewares/Third_Party/FreeRTOS/Source/queue.o
                0x08006fd6                xQueueCreateMutexStatic
 .text.xQueueGiveMutexRecursive
                0x0800700c       0x6a ./Middlewares/Third_Party/FreeRTOS/Source/queue.o
                0x0800700c                xQueueGiveMutexRecursive
 .text.xQueueTakeMutexRecursive
                0x08007076       0x6e ./Middlewares/Third_Party/FreeRTOS/Source/queue.o
                0x08007076                xQueueTakeMutexRecursive
 .text.xQueueGenericSend
                0x080070e4      0x204 ./Middlewares/Third_Party/FreeRTOS/Source/queue.o
                0x080070e4                xQueueGenericSend
 .text.xQueueGenericSendFromISR
                0x080072e8      0x13c ./Middlewares/Third_Party/FreeRTOS/Source/queue.o
                0x080072e8                xQueueGenericSendFromISR
 .text.xQueueReceive
                0x08007424      0x1c4 ./Middlewares/Third_Party/FreeRTOS/Source/queue.o
                0x08007424                xQueueReceive
 .text.xQueueSemaphoreTake
                0x080075e8      0x220 ./Middlewares/Third_Party/FreeRTOS/Source/queue.o
                0x080075e8                xQueueSemaphoreTake
 .text.prvGetDisinheritPriorityAfterTimeout
                0x08007808       0x30 ./Middlewares/Third_Party/FreeRTOS/Source/queue.o
 .text.prvCopyDataToQueue
                0x08007838       0xd4 ./Middlewares/Third_Party/FreeRTOS/Source/queue.o
 .text.prvCopyDataFromQueue
                0x0800790c       0x4c ./Middlewares/Third_Party/FreeRTOS/Source/queue.o
 .text.prvUnlockQueue
                0x08007958       0xa4 ./Middlewares/Third_Party/FreeRTOS/Source/queue.o
 .text.prvIsQueueEmpty
                0x080079fc       0x2c ./Middlewares/Third_Party/FreeRTOS/Source/queue.o
 .text.prvIsQueueFull
                0x08007a28       0x30 ./Middlewares/Third_Party/FreeRTOS/Source/queue.o
 .text.vQueueAddToRegistry
                0x08007a58       0x54 ./Middlewares/Third_Party/FreeRTOS/Source/queue.o
                0x08007a58                vQueueAddToRegistry
 .text.vQueueWaitForMessageRestricted
                0x08007aac       0x68 ./Middlewares/Third_Party/FreeRTOS/Source/queue.o
                0x08007aac                vQueueWaitForMessageRestricted
 .text.xTaskCreateStatic
                0x08007b14       0xc0 ./Middlewares/Third_Party/FreeRTOS/Source/tasks.o
                0x08007b14                xTaskCreateStatic
 .text.xTaskCreate
                0x08007bd4       0x8a ./Middlewares/Third_Party/FreeRTOS/Source/tasks.o
                0x08007bd4                xTaskCreate
 .text.prvInitialiseNewTask
                0x08007c5e      0x12c ./Middlewares/Third_Party/FreeRTOS/Source/tasks.o
 *fill*         0x08007d8a        0x2 
 .text.prvAddNewTaskToReadyList
                0x08007d8c       0xe0 ./Middlewares/Third_Party/FreeRTOS/Source/tasks.o
 .text.vTaskDelete
                0x08007e6c       0xe8 ./Middlewares/Third_Party/FreeRTOS/Source/tasks.o
                0x08007e6c                vTaskDelete
 .text.vTaskDelay
                0x08007f54       0x6c ./Middlewares/Third_Party/FreeRTOS/Source/tasks.o
                0x08007f54                vTaskDelay
 .text.eTaskGetState
                0x08007fc0       0xd0 ./Middlewares/Third_Party/FreeRTOS/Source/tasks.o
                0x08007fc0                eTaskGetState
 .text.vTaskStartScheduler
                0x08008090       0xd4 ./Middlewares/Third_Party/FreeRTOS/Source/tasks.o
                0x08008090                vTaskStartScheduler
 .text.vTaskSuspendAll
                0x08008164       0x1c ./Middlewares/Third_Party/FreeRTOS/Source/tasks.o
                0x08008164                vTaskSuspendAll
 .text.xTaskResumeAll
                0x08008180      0x13c ./Middlewares/Third_Party/FreeRTOS/Source/tasks.o
                0x08008180                xTaskResumeAll
 .text.xTaskGetTickCount
                0x080082bc       0x20 ./Middlewares/Third_Party/FreeRTOS/Source/tasks.o
                0x080082bc                xTaskGetTickCount
 .text.xTaskIncrementTick
                0x080082dc      0x174 ./Middlewares/Third_Party/FreeRTOS/Source/tasks.o
                0x080082dc                xTaskIncrementTick
 .text.vTaskSwitchContext
                0x08008450       0xf4 ./Middlewares/Third_Party/FreeRTOS/Source/tasks.o
                0x08008450                vTaskSwitchContext
 .text.vTaskPlaceOnEventList
                0x08008544       0x4c ./Middlewares/Third_Party/FreeRTOS/Source/tasks.o
                0x08008544                vTaskPlaceOnEventList
 .text.vTaskPlaceOnUnorderedEventList
                0x08008590       0x7c ./Middlewares/Third_Party/FreeRTOS/Source/tasks.o
                0x08008590                vTaskPlaceOnUnorderedEventList
 .text.vTaskPlaceOnEventListRestricted
                0x0800860c       0x58 ./Middlewares/Third_Party/FreeRTOS/Source/tasks.o
                0x0800860c                vTaskPlaceOnEventListRestricted
 .text.xTaskRemoveFromEventList
                0x08008664       0xc8 ./Middlewares/Third_Party/FreeRTOS/Source/tasks.o
                0x08008664                xTaskRemoveFromEventList
 .text.vTaskRemoveFromUnorderedEventList
                0x0800872c       0xc8 ./Middlewares/Third_Party/FreeRTOS/Source/tasks.o
                0x0800872c                vTaskRemoveFromUnorderedEventList
 .text.vTaskInternalSetTimeOutState
                0x080087f4       0x2c ./Middlewares/Third_Party/FreeRTOS/Source/tasks.o
                0x080087f4                vTaskInternalSetTimeOutState
 .text.xTaskCheckForTimeOut
                0x08008820       0xc8 ./Middlewares/Third_Party/FreeRTOS/Source/tasks.o
                0x08008820                xTaskCheckForTimeOut
 .text.vTaskMissedYield
                0x080088e8       0x18 ./Middlewares/Third_Party/FreeRTOS/Source/tasks.o
                0x080088e8                vTaskMissedYield
 .text.prvIdleTask
                0x08008900       0x34 ./Middlewares/Third_Party/FreeRTOS/Source/tasks.o
 .text.prvInitialiseTaskLists
                0x08008934       0x80 ./Middlewares/Third_Party/FreeRTOS/Source/tasks.o
 .text.prvCheckTasksWaitingTermination
                0x080089b4       0x5c ./Middlewares/Third_Party/FreeRTOS/Source/tasks.o
 .text.prvDeleteTCB
                0x08008a10       0x60 ./Middlewares/Third_Party/FreeRTOS/Source/tasks.o
 .text.prvResetNextTaskUnblockTime
                0x08008a70       0x40 ./Middlewares/Third_Party/FreeRTOS/Source/tasks.o
 .text.xTaskGetCurrentTaskHandle
                0x08008ab0       0x20 ./Middlewares/Third_Party/FreeRTOS/Source/tasks.o
                0x08008ab0                xTaskGetCurrentTaskHandle
 .text.xTaskGetSchedulerState
                0x08008ad0       0x3c ./Middlewares/Third_Party/FreeRTOS/Source/tasks.o
                0x08008ad0                xTaskGetSchedulerState
 .text.xTaskPriorityInherit
                0x08008b0c       0xd0 ./Middlewares/Third_Party/FreeRTOS/Source/tasks.o
                0x08008b0c                xTaskPriorityInherit
 .text.xTaskPriorityDisinherit
                0x08008bdc       0xe0 ./Middlewares/Third_Party/FreeRTOS/Source/tasks.o
                0x08008bdc                xTaskPriorityDisinherit
 .text.vTaskPriorityDisinheritAfterTimeout
                0x08008cbc      0x108 ./Middlewares/Third_Party/FreeRTOS/Source/tasks.o
                0x08008cbc                vTaskPriorityDisinheritAfterTimeout
 .text.uxTaskResetEventItemValue
                0x08008dc4       0x30 ./Middlewares/Third_Party/FreeRTOS/Source/tasks.o
                0x08008dc4                uxTaskResetEventItemValue
 .text.pvTaskIncrementMutexHeldCount
                0x08008df4       0x28 ./Middlewares/Third_Party/FreeRTOS/Source/tasks.o
                0x08008df4                pvTaskIncrementMutexHeldCount
 .text.prvAddCurrentTaskToDelayedList
                0x08008e1c       0xa8 ./Middlewares/Third_Party/FreeRTOS/Source/tasks.o
 .text.xTimerCreateTimerTask
                0x08008ec4       0x94 ./Middlewares/Third_Party/FreeRTOS/Source/timers.o
                0x08008ec4                xTimerCreateTimerTask
 .text.xTimerGenericCommand
                0x08008f58       0x9c ./Middlewares/Third_Party/FreeRTOS/Source/timers.o
                0x08008f58                xTimerGenericCommand
 .text.prvProcessExpiredTimer
                0x08008ff4       0x9c ./Middlewares/Third_Party/FreeRTOS/Source/timers.o
 .text.prvTimerTask
                0x08009090       0x26 ./Middlewares/Third_Party/FreeRTOS/Source/timers.o
 *fill*         0x080090b6        0x2 
 .text.prvProcessTimerOrBlockTask
                0x080090b8       0x9c ./Middlewares/Third_Party/FreeRTOS/Source/timers.o
 .text.prvGetNextExpireTime
                0x08009154       0x48 ./Middlewares/Third_Party/FreeRTOS/Source/timers.o
 .text.prvSampleTimeNow
                0x0800919c       0x40 ./Middlewares/Third_Party/FreeRTOS/Source/timers.o
 .text.prvInsertTimerInActiveList
                0x080091dc       0x84 ./Middlewares/Third_Party/FreeRTOS/Source/timers.o
 .text.prvProcessReceivedCommands
                0x08009260      0x1cc ./Middlewares/Third_Party/FreeRTOS/Source/timers.o
 .text.prvSwitchTimerLists
                0x0800942c       0xcc ./Middlewares/Third_Party/FreeRTOS/Source/timers.o
 .text.prvCheckForValidListAndQueue
                0x080094f8       0x80 ./Middlewares/Third_Party/FreeRTOS/Source/timers.o
 .text.xTimerPendFunctionCallFromISR
                0x08009578       0x40 ./Middlewares/Third_Party/FreeRTOS/Source/timers.o
                0x08009578                xTimerPendFunctionCallFromISR
 .text.pxPortInitialiseStack
                0x080095b8       0x68 ./Middlewares/Third_Party/FreeRTOS/Source/portable/GCC/ARM_CM4F/port.o
                0x080095b8                pxPortInitialiseStack
 .text.prvTaskExitError
                0x08009620       0x5c ./Middlewares/Third_Party/FreeRTOS/Source/portable/GCC/ARM_CM4F/port.o
 *fill*         0x0800967c        0x4 
 .text.SVC_Handler
                0x08009680       0x28 ./Middlewares/Third_Party/FreeRTOS/Source/portable/GCC/ARM_CM4F/port.o
                0x08009680                SVC_Handler
 .text.prvPortStartFirstTask
                0x080096a8       0x28 ./Middlewares/Third_Party/FreeRTOS/Source/portable/GCC/ARM_CM4F/port.o
 .text.xPortStartScheduler
                0x080096d0      0x148 ./Middlewares/Third_Party/FreeRTOS/Source/portable/GCC/ARM_CM4F/port.o
                0x080096d0                xPortStartScheduler
 .text.vPortEnterCritical
                0x08009818       0x64 ./Middlewares/Third_Party/FreeRTOS/Source/portable/GCC/ARM_CM4F/port.o
                0x08009818                vPortEnterCritical
 .text.vPortExitCritical
                0x0800987c       0x54 ./Middlewares/Third_Party/FreeRTOS/Source/portable/GCC/ARM_CM4F/port.o
                0x0800987c                vPortExitCritical
 .text.PendSV_Handler
                0x080098d0       0x68 ./Middlewares/Third_Party/FreeRTOS/Source/portable/GCC/ARM_CM4F/port.o
                0x080098d0                PendSV_Handler
 .text.xPortSysTickHandler
                0x08009938       0x44 ./Middlewares/Third_Party/FreeRTOS/Source/portable/GCC/ARM_CM4F/port.o
                0x08009938                xPortSysTickHandler
 .text.vPortSetupTimerInterrupt
                0x0800997c       0x48 ./Middlewares/Third_Party/FreeRTOS/Source/portable/GCC/ARM_CM4F/port.o
                0x0800997c                vPortSetupTimerInterrupt
 .text.vPortEnableVFP
                0x080099c4       0x14 ./Middlewares/Third_Party/FreeRTOS/Source/portable/GCC/ARM_CM4F/port.o
 .text.vPortValidateInterruptPriority
                0x080099d8       0x84 ./Middlewares/Third_Party/FreeRTOS/Source/portable/GCC/ARM_CM4F/port.o
                0x080099d8                vPortValidateInterruptPriority
 .text.pvPortMalloc
                0x08009a5c      0x19c ./Middlewares/Third_Party/FreeRTOS/Source/portable/MemMang/heap_4.o
                0x08009a5c                pvPortMalloc
 .text.vPortFree
                0x08009bf8       0xc8 ./Middlewares/Third_Party/FreeRTOS/Source/portable/MemMang/heap_4.o
                0x08009bf8                vPortFree
 .text.prvHeapInit
                0x08009cc0       0xc4 ./Middlewares/Third_Party/FreeRTOS/Source/portable/MemMang/heap_4.o
 .text.prvInsertBlockIntoFreeList
                0x08009d84       0xb4 ./Middlewares/Third_Party/FreeRTOS/Source/portable/MemMang/heap_4.o
 .text.atoi     0x08009e38        0x8 C:/ST/STM32CubeIDE_1.11.2/STM32CubeIDE/plugins/com.st.stm32cube.ide.mcu.externaltools.gnu-tools-for-stm32.12.3.rel1.win32_1.0.100.202403111256/tools/bin/../lib/gcc/arm-none-eabi/12.3.1/../../../../arm-none-eabi/lib/thumb/v7e-m+fp/hard\libc_nano.a(libc_a-atoi.o)
                0x08009e38                atoi
 .text._strtol_l.constprop.0
                0x08009e40       0xf4 C:/ST/STM32CubeIDE_1.11.2/STM32CubeIDE/plugins/com.st.stm32cube.ide.mcu.externaltools.gnu-tools-for-stm32.12.3.rel1.win32_1.0.100.202403111256/tools/bin/../lib/gcc/arm-none-eabi/12.3.1/../../../../arm-none-eabi/lib/thumb/v7e-m+fp/hard\libc_nano.a(libc_a-strtol.o)
 .text.strtol   0x08009f34       0x14 C:/ST/STM32CubeIDE_1.11.2/STM32CubeIDE/plugins/com.st.stm32cube.ide.mcu.externaltools.gnu-tools-for-stm32.12.3.rel1.win32_1.0.100.202403111256/tools/bin/../lib/gcc/arm-none-eabi/12.3.1/../../../../arm-none-eabi/lib/thumb/v7e-m+fp/hard\libc_nano.a(libc_a-strtol.o)
                0x08009f34                strtol
 .text.memset   0x08009f48       0x10 C:/ST/STM32CubeIDE_1.11.2/STM32CubeIDE/plugins/com.st.stm32cube.ide.mcu.externaltools.gnu-tools-for-stm32.12.3.rel1.win32_1.0.100.202403111256/tools/bin/../lib/gcc/arm-none-eabi/12.3.1/../../../../arm-none-eabi/lib/thumb/v7e-m+fp/hard\libc_nano.a(libc_a-memset.o)
                0x08009f48                memset
 .text.__errno  0x08009f58        0xc C:/ST/STM32CubeIDE_1.11.2/STM32CubeIDE/plugins/com.st.stm32cube.ide.mcu.externaltools.gnu-tools-for-stm32.12.3.rel1.win32_1.0.100.202403111256/tools/bin/../lib/gcc/arm-none-eabi/12.3.1/../../../../arm-none-eabi/lib/thumb/v7e-m+fp/hard\libc_nano.a(libc_a-errno.o)
                0x08009f58                __errno
 .text.__libc_init_array
                0x08009f64       0x48 C:/ST/STM32CubeIDE_1.11.2/STM32CubeIDE/plugins/com.st.stm32cube.ide.mcu.externaltools.gnu-tools-for-stm32.12.3.rel1.win32_1.0.100.202403111256/tools/bin/../lib/gcc/arm-none-eabi/12.3.1/../../../../arm-none-eabi/lib/thumb/v7e-m+fp/hard\libc_nano.a(libc_a-init.o)
                0x08009f64                __libc_init_array
 .text.memcpy   0x08009fac       0x1c C:/ST/STM32CubeIDE_1.11.2/STM32CubeIDE/plugins/com.st.stm32cube.ide.mcu.externaltools.gnu-tools-for-stm32.12.3.rel1.win32_1.0.100.202403111256/tools/bin/../lib/gcc/arm-none-eabi/12.3.1/../../../../arm-none-eabi/lib/thumb/v7e-m+fp/hard\libc_nano.a(libc_a-memcpy-stub.o)
                0x08009fac                memcpy
 *(.glue_7)
 .glue_7        0x08009fc8        0x0 linker stubs
 *(.glue_7t)
 .glue_7t       0x08009fc8        0x0 linker stubs
 *(.eh_frame)
 .eh_frame      0x08009fc8        0x0 C:/ST/STM32CubeIDE_1.11.2/STM32CubeIDE/plugins/com.st.stm32cube.ide.mcu.externaltools.gnu-tools-for-stm32.12.3.rel1.win32_1.0.100.202403111256/tools/bin/../lib/gcc/arm-none-eabi/12.3.1/thumb/v7e-m+fp/hard/crtbegin.o
 *(.init)
 .init          0x08009fc8        0x4 C:/ST/STM32CubeIDE_1.11.2/STM32CubeIDE/plugins/com.st.stm32cube.ide.mcu.externaltools.gnu-tools-for-stm32.12.3.rel1.win32_1.0.100.202403111256/tools/bin/../lib/gcc/arm-none-eabi/12.3.1/thumb/v7e-m+fp/hard/crti.o
                0x08009fc8                _init
 .init          0x08009fcc        0x8 C:/ST/STM32CubeIDE_1.11.2/STM32CubeIDE/plugins/com.st.stm32cube.ide.mcu.externaltools.gnu-tools-for-stm32.12.3.rel1.win32_1.0.100.202403111256/tools/bin/../lib/gcc/arm-none-eabi/12.3.1/thumb/v7e-m+fp/hard/crtn.o
 *(.fini)
 .fini          0x08009fd4        0x4 C:/ST/STM32CubeIDE_1.11.2/STM32CubeIDE/plugins/com.st.stm32cube.ide.mcu.externaltools.gnu-tools-for-stm32.12.3.rel1.win32_1.0.100.202403111256/tools/bin/../lib/gcc/arm-none-eabi/12.3.1/thumb/v7e-m+fp/hard/crti.o
                0x08009fd4                _fini
 .fini          0x08009fd8        0x8 C:/ST/STM32CubeIDE_1.11.2/STM32CubeIDE/plugins/com.st.stm32cube.ide.mcu.externaltools.gnu-tools-for-stm32.12.3.rel1.win32_1.0.100.202403111256/tools/bin/../lib/gcc/arm-none-eabi/12.3.1/thumb/v7e-m+fp/hard/crtn.o
                0x08009fe0                        . = ALIGN (0x4)
                0x08009fe0                        _etext = .

.vfp11_veneer   0x08009fe0        0x0
 .vfp11_veneer  0x08009fe0        0x0 linker stubs

.v4_bx          0x08009fe0        0x0
 .v4_bx         0x08009fe0        0x0 linker stubs

.iplt           0x08009fe0        0x0
 .iplt          0x08009fe0        0x0 C:/ST/STM32CubeIDE_1.11.2/STM32CubeIDE/plugins/com.st.stm32cube.ide.mcu.externaltools.gnu-tools-for-stm32.12.3.rel1.win32_1.0.100.202403111256/tools/bin/../lib/gcc/arm-none-eabi/12.3.1/thumb/v7e-m+fp/hard/crtbegin.o

.rodata         0x08009fe0      0x390
                0x08009fe0                        . = ALIGN (0x4)
 *(.rodata)
 .rodata        0x08009fe0       0x93 ./Core/Src/main.o
 *fill*         0x0800a073        0x1 
 .rodata        0x0800a074       0x30 ./Middlewares/Third_Party/FreeRTOS/Source/tasks.o
 .rodata        0x0800a0a4        0xd ./Middlewares/Third_Party/FreeRTOS/Source/timers.o
 *(.rodata*)
 *fill*         0x0800a0b1        0x3 
 .rodata.defaultTask_attributes
                0x0800a0b4       0x24 ./Core/Src/main.o
                0x0800a0b4                defaultTask_attributes
 .rodata.Startup_Task_attributes
                0x0800a0d8       0x24 ./Core/Src/main.o
                0x0800a0d8                Startup_Task_attributes
 .rodata.Calc_Dis_attributes
                0x0800a0fc       0x24 ./Core/Src/main.o
                0x0800a0fc                Calc_Dis_attributes
 .rodata.Local_Task_attributes
                0x0800a120       0x24 ./Core/Src/main.o
                0x0800a120                Local_Task_attributes
 .rodata.Check_Algo_attributes
                0x0800a144       0x24 ./Core/Src/main.o
                0x0800a144                Check_Algo_attributes
 .rodata.BSW_Algo_attributes
                0x0800a168       0x24 ./Core/Src/main.o
                0x0800a168                BSW_Algo_attributes
 .rodata.DPW_Algo_attributes
                0x0800a18c       0x24 ./Core/Src/main.o
                0x0800a18c                DPW_Algo_attributes
 .rodata.Receiveing_attributes
                0x0800a1b0       0x24 ./Core/Src/main.o
                0x0800a1b0                Receiveing_attributes
 .rodata.FCW_Algo_attributes
                0x0800a1d4       0x24 ./Core/Src/main.o
                0x0800a1d4                FCW_Algo_attributes
 .rodata.EEBL_Algo_attributes
                0x0800a1f8       0x24 ./Core/Src/main.o
                0x0800a1f8                EEBL_Algo_attributes
 .rodata.NRF_Mutex_attributes
                0x0800a21c       0x10 ./Core/Src/main.o
                0x0800a21c                NRF_Mutex_attributes
 .rodata.EventGroup_attributes
                0x0800a22c       0x10 ./Core/Src/main.o
                0x0800a22c                EventGroup_attributes
 .rodata.AHBPrescTable
                0x0800a23c       0x10 ./Core/Src/system_stm32f4xx.o
                0x0800a23c                AHBPrescTable
 .rodata.APBPrescTable
                0x0800a24c        0x8 ./Core/Src/system_stm32f4xx.o
                0x0800a24c                APBPrescTable
 .rodata.NRF24_ADDR_REGS
                0x0800a254        0x7 ./Drivers/ECUAL/NRF24/NRF.o
 *fill*         0x0800a25b        0x1 
 .rodata.RF24_RX_PW_PIPE
                0x0800a25c        0x6 ./Drivers/ECUAL/NRF24/NRF.o
 *fill*         0x0800a262        0x2 
 .rodata.flagBitshiftOffset.0
                0x0800a264        0x8 ./Drivers/STM32F4xx_HAL_Driver/Src/stm32f4xx_hal_dma.o
 .rodata._ctype_
                0x0800a26c      0x101 C:/ST/STM32CubeIDE_1.11.2/STM32CubeIDE/plugins/com.st.stm32cube.ide.mcu.externaltools.gnu-tools-for-stm32.12.3.rel1.win32_1.0.100.202403111256/tools/bin/../lib/gcc/arm-none-eabi/12.3.1/../../../../arm-none-eabi/lib/thumb/v7e-m+fp/hard\libc_nano.a(libc_a-ctype_.o)
                0x0800a26c                _ctype_
                0x0800a370                        . = ALIGN (0x4)
 *fill*         0x0800a36d        0x3 

.ARM.extab      0x0800a370        0x0
                0x0800a370                        . = ALIGN (0x4)
 *(.ARM.extab* .gnu.linkonce.armextab.*)
                0x0800a370                        . = ALIGN (0x4)

.ARM            0x0800a370        0x8
                0x0800a370                        . = ALIGN (0x4)
                0x0800a370                        __exidx_start = .
 *(.ARM.exidx*)
 .ARM.exidx     0x0800a370        0x8 C:/ST/STM32CubeIDE_1.11.2/STM32CubeIDE/plugins/com.st.stm32cube.ide.mcu.externaltools.gnu-tools-for-stm32.12.3.rel1.win32_1.0.100.202403111256/tools/bin/../lib/gcc/arm-none-eabi/12.3.1/thumb/v7e-m+fp/hard\libgcc.a(_udivmoddi4.o)
                0x0800a378                        __exidx_end = .
                0x0800a378                        . = ALIGN (0x4)

.rel.dyn        0x0800a378        0x0
 .rel.iplt      0x0800a378        0x0 C:/ST/STM32CubeIDE_1.11.2/STM32CubeIDE/plugins/com.st.stm32cube.ide.mcu.externaltools.gnu-tools-for-stm32.12.3.rel1.win32_1.0.100.202403111256/tools/bin/../lib/gcc/arm-none-eabi/12.3.1/thumb/v7e-m+fp/hard/crtbegin.o

.preinit_array  0x0800a378        0x0
                0x0800a378                        . = ALIGN (0x4)
                0x0800a378                        PROVIDE (__preinit_array_start = .)
 *(.preinit_array*)
                0x0800a378                        PROVIDE (__preinit_array_end = .)
                0x0800a378                        . = ALIGN (0x4)

.init_array     0x0800a378        0x4
                0x0800a378                        . = ALIGN (0x4)
                0x0800a378                        PROVIDE (__init_array_start = .)
 *(SORT_BY_NAME(.init_array.*))
 *(.init_array*)
 .init_array    0x0800a378        0x4 C:/ST/STM32CubeIDE_1.11.2/STM32CubeIDE/plugins/com.st.stm32cube.ide.mcu.externaltools.gnu-tools-for-stm32.12.3.rel1.win32_1.0.100.202403111256/tools/bin/../lib/gcc/arm-none-eabi/12.3.1/thumb/v7e-m+fp/hard/crtbegin.o
                0x0800a37c                        PROVIDE (__init_array_end = .)
                0x0800a37c                        . = ALIGN (0x4)

.fini_array     0x0800a37c        0x4
                0x0800a37c                        . = ALIGN (0x4)
                [!provide]                        PROVIDE (__fini_array_start = .)
 *(SORT_BY_NAME(.fini_array.*))
 *(.fini_array*)
 .fini_array    0x0800a37c        0x4 C:/ST/STM32CubeIDE_1.11.2/STM32CubeIDE/plugins/com.st.stm32cube.ide.mcu.externaltools.gnu-tools-for-stm32.12.3.rel1.win32_1.0.100.202403111256/tools/bin/../lib/gcc/arm-none-eabi/12.3.1/thumb/v7e-m+fp/hard/crtbegin.o
                [!provide]                        PROVIDE (__fini_array_end = .)
                0x0800a380                        . = ALIGN (0x4)
                0x0800a380                        _sidata = LOADADDR (.data)

.data           0x20000000       0x88 load address 0x0800a380
                0x20000000                        . = ALIGN (0x4)
                0x20000000                        _sdata = .
 *(.data)
 *(.data*)
 .data.RxpipeAddrs
                0x20000000        0x8 ./Core/Src/main.o
                0x20000000                RxpipeAddrs
 .data.AckPayload
                0x20000008       0x20 ./Core/Src/main.o
                0x20000008                AckPayload
 .data.SystemCoreClock
                0x20000028        0x4 ./Core/Src/system_stm32f4xx.o
                0x20000028                SystemCoreClock
 .data.uwTickPrio
                0x2000002c        0x4 ./Drivers/STM32F4xx_HAL_Driver/Src/stm32f4xx_hal.o
                0x2000002c                uwTickPrio
 .data.uwTickFreq
                0x20000030        0x1 ./Drivers/STM32F4xx_HAL_Driver/Src/stm32f4xx_hal.o
                0x20000030                uwTickFreq
 *fill*         0x20000031        0x3 
 .data.uxCriticalNesting
                0x20000034        0x4 ./Middlewares/Third_Party/FreeRTOS/Source/portable/GCC/ARM_CM4F/port.o
 .data._impure_ptr
                0x20000038        0x4 C:/ST/STM32CubeIDE_1.11.2/STM32CubeIDE/plugins/com.st.stm32cube.ide.mcu.externaltools.gnu-tools-for-stm32.12.3.rel1.win32_1.0.100.202403111256/tools/bin/../lib/gcc/arm-none-eabi/12.3.1/../../../../arm-none-eabi/lib/thumb/v7e-m+fp/hard\libc_nano.a(libc_a-impure.o)
                0x20000038                _impure_ptr
 .data._impure_data
                0x2000003c       0x4c C:/ST/STM32CubeIDE_1.11.2/STM32CubeIDE/plugins/com.st.stm32cube.ide.mcu.externaltools.gnu-tools-for-stm32.12.3.rel1.win32_1.0.100.202403111256/tools/bin/../lib/gcc/arm-none-eabi/12.3.1/../../../../arm-none-eabi/lib/thumb/v7e-m+fp/hard\libc_nano.a(libc_a-impure.o)
                0x2000003c                _impure_data
 *(.RamFunc)
 *(.RamFunc*)
                0x20000088                        . = ALIGN (0x4)
                0x20000088                        _edata = .

.igot.plt       0x20000088        0x0 load address 0x0800a408
 .igot.plt      0x20000088        0x0 C:/ST/STM32CubeIDE_1.11.2/STM32CubeIDE/plugins/com.st.stm32cube.ide.mcu.externaltools.gnu-tools-for-stm32.12.3.rel1.win32_1.0.100.202403111256/tools/bin/../lib/gcc/arm-none-eabi/12.3.1/thumb/v7e-m+fp/hard/crtbegin.o
                0x20000088                        . = ALIGN (0x4)

.bss            0x20000088     0x572c load address 0x0800a408
                0x20000088                        _sbss = .
                0x20000088                        __bss_start__ = _sbss
 *(.bss)
 .bss           0x20000088       0x1c C:/ST/STM32CubeIDE_1.11.2/STM32CubeIDE/plugins/com.st.stm32cube.ide.mcu.externaltools.gnu-tools-for-stm32.12.3.rel1.win32_1.0.100.202403111256/tools/bin/../lib/gcc/arm-none-eabi/12.3.1/thumb/v7e-m+fp/hard/crtbegin.o
 *(.bss*)
 .bss.hspi1     0x200000a4       0x58 ./Core/Src/main.o
                0x200000a4                hspi1
 .bss.htim3     0x200000fc       0x48 ./Core/Src/main.o
                0x200000fc                htim3
 .bss.htim10    0x20000144       0x48 ./Core/Src/main.o
                0x20000144                htim10
 .bss.huart1    0x2000018c       0x48 ./Core/Src/main.o
                0x2000018c                huart1
 .bss.hdma_usart1_rx
                0x200001d4       0x60 ./Core/Src/main.o
                0x200001d4                hdma_usart1_rx
 .bss.defaultTaskHandle
                0x20000234        0x4 ./Core/Src/main.o
                0x20000234                defaultTaskHandle
 .bss.Startup_TaskHandle
                0x20000238        0x4 ./Core/Src/main.o
                0x20000238                Startup_TaskHandle
 .bss.Calc_DisHandle
                0x2000023c        0x4 ./Core/Src/main.o
                0x2000023c                Calc_DisHandle
 .bss.Local_TaskHandle
                0x20000240        0x4 ./Core/Src/main.o
                0x20000240                Local_TaskHandle
 .bss.Check_AlgoHandle
                0x20000244        0x4 ./Core/Src/main.o
                0x20000244                Check_AlgoHandle
 .bss.BSW_AlgoHandle
                0x20000248        0x4 ./Core/Src/main.o
                0x20000248                BSW_AlgoHandle
 .bss.DPW_AlgoHandle
                0x2000024c        0x4 ./Core/Src/main.o
                0x2000024c                DPW_AlgoHandle
 .bss.ReceiveingHandle
                0x20000250        0x4 ./Core/Src/main.o
                0x20000250                ReceiveingHandle
 .bss.FCW_AlgoHandle
                0x20000254        0x4 ./Core/Src/main.o
                0x20000254                FCW_AlgoHandle
 .bss.EEBL_AlgoHandle
                0x20000258        0x4 ./Core/Src/main.o
                0x20000258                EEBL_AlgoHandle
 .bss.NRF_MutexHandle
                0x2000025c        0x4 ./Core/Src/main.o
                0x2000025c                NRF_MutexHandle
 .bss.EventGroupHandle
                0x20000260        0x4 ./Core/Src/main.o
                0x20000260                EventGroupHandle
 .bss.Distances_Buffer_str
                0x20000264      0x708 ./Core/Src/main.o
                0x20000264                Distances_Buffer_str
 .bss.Distances_Buffer
                0x2000096c      0x2d0 ./Core/Src/main.o
                0x2000096c                Distances_Buffer
 .bss.Obstcales_Detection
                0x20000c3c        0x4 ./Core/Src/main.o
                0x20000c3c                Obstcales_Detection
 .bss.Front_Car_ID
                0x20000c40        0x1 ./Core/Src/main.o
                0x20000c40                Front_Car_ID
 .bss.Back_Car_ID
                0x20000c41        0x1 ./Core/Src/main.o
                0x20000c41                Back_Car_ID
 *fill*         0x20000c42        0x2 
 .bss.Local_AvgDistance.0
                0x20000c44       0x10 ./Core/Src/main.o
 .bss.htim4     0x20000c54       0x48 ./Core/Src/stm32f4xx_hal_timebase_tim.o
                0x20000c54                htim4
 *fill*         0x20000c9c        0x4 
 .bss.pipe0_reading_address
                0x20000ca0        0x8 ./Drivers/ECUAL/NRF24/NRF.o
 .bss.ack_payload_available
                0x20000ca8        0x1 ./Drivers/ECUAL/NRF24/NRF.o
 .bss.ack_payload_length
                0x20000ca9        0x1 ./Drivers/ECUAL/NRF24/NRF.o
 .bss.payload_size
                0x20000caa        0x1 ./Drivers/ECUAL/NRF24/NRF.o
 .bss.dynamic_payloads_enabled
                0x20000cab        0x1 ./Drivers/ECUAL/NRF24/NRF.o
 .bss.wide_band
                0x20000cac        0x1 ./Drivers/ECUAL/NRF24/NRF.o
 *fill*         0x20000cad        0x3 
 .bss.nrf24_PORT
                0x20000cb0        0x4 ./Drivers/ECUAL/NRF24/NRF.o
 .bss.nrf24_CSN_PIN
                0x20000cb4        0x2 ./Drivers/ECUAL/NRF24/NRF.o
 .bss.nrf24_CE_PIN
                0x20000cb6        0x2 ./Drivers/ECUAL/NRF24/NRF.o
 .bss.nrf24_hspi
                0x20000cb8       0x58 ./Drivers/ECUAL/NRF24/NRF.o
 .bss.uwTick    0x20000d10        0x4 ./Drivers/STM32F4xx_HAL_Driver/Src/stm32f4xx_hal.o
                0x20000d10                uwTick
 .bss.KernelState
                0x20000d14        0x4 ./Middlewares/Third_Party/FreeRTOS/Source/CMSIS_RTOS_V2/cmsis_os2.o
 .bss.Idle_TCB.3
                0x20000d18       0x64 ./Middlewares/Third_Party/FreeRTOS/Source/CMSIS_RTOS_V2/cmsis_os2.o
 .bss.Idle_Stack.2
                0x20000d7c      0x200 ./Middlewares/Third_Party/FreeRTOS/Source/CMSIS_RTOS_V2/cmsis_os2.o
 .bss.Timer_TCB.1
                0x20000f7c       0x64 ./Middlewares/Third_Party/FreeRTOS/Source/CMSIS_RTOS_V2/cmsis_os2.o
 .bss.Timer_Stack.0
                0x20000fe0      0x400 ./Middlewares/Third_Party/FreeRTOS/Source/CMSIS_RTOS_V2/cmsis_os2.o
 .bss.xQueueRegistry
                0x200013e0       0x40 ./Middlewares/Third_Party/FreeRTOS/Source/queue.o
                0x200013e0                xQueueRegistry
 .bss.pxCurrentTCB
                0x20001420        0x4 ./Middlewares/Third_Party/FreeRTOS/Source/tasks.o
                0x20001420                pxCurrentTCB
 .bss.pxReadyTasksLists
                0x20001424      0x460 ./Middlewares/Third_Party/FreeRTOS/Source/tasks.o
 .bss.xDelayedTaskList1
                0x20001884       0x14 ./Middlewares/Third_Party/FreeRTOS/Source/tasks.o
 .bss.xDelayedTaskList2
                0x20001898       0x14 ./Middlewares/Third_Party/FreeRTOS/Source/tasks.o
 .bss.pxDelayedTaskList
                0x200018ac        0x4 ./Middlewares/Third_Party/FreeRTOS/Source/tasks.o
 .bss.pxOverflowDelayedTaskList
                0x200018b0        0x4 ./Middlewares/Third_Party/FreeRTOS/Source/tasks.o
 .bss.xPendingReadyList
                0x200018b4       0x14 ./Middlewares/Third_Party/FreeRTOS/Source/tasks.o
 .bss.xTasksWaitingTermination
                0x200018c8       0x14 ./Middlewares/Third_Party/FreeRTOS/Source/tasks.o
 .bss.uxDeletedTasksWaitingCleanUp
                0x200018dc        0x4 ./Middlewares/Third_Party/FreeRTOS/Source/tasks.o
 .bss.xSuspendedTaskList
                0x200018e0       0x14 ./Middlewares/Third_Party/FreeRTOS/Source/tasks.o
 .bss.uxCurrentNumberOfTasks
                0x200018f4        0x4 ./Middlewares/Third_Party/FreeRTOS/Source/tasks.o
 .bss.xTickCount
                0x200018f8        0x4 ./Middlewares/Third_Party/FreeRTOS/Source/tasks.o
 .bss.uxTopReadyPriority
                0x200018fc        0x4 ./Middlewares/Third_Party/FreeRTOS/Source/tasks.o
 .bss.xSchedulerRunning
                0x20001900        0x4 ./Middlewares/Third_Party/FreeRTOS/Source/tasks.o
 .bss.xPendedTicks
                0x20001904        0x4 ./Middlewares/Third_Party/FreeRTOS/Source/tasks.o
 .bss.xYieldPending
                0x20001908        0x4 ./Middlewares/Third_Party/FreeRTOS/Source/tasks.o
 .bss.xNumOfOverflows
                0x2000190c        0x4 ./Middlewares/Third_Party/FreeRTOS/Source/tasks.o
 .bss.uxTaskNumber
                0x20001910        0x4 ./Middlewares/Third_Party/FreeRTOS/Source/tasks.o
 .bss.xNextTaskUnblockTime
                0x20001914        0x4 ./Middlewares/Third_Party/FreeRTOS/Source/tasks.o
 .bss.xIdleTaskHandle
                0x20001918        0x4 ./Middlewares/Third_Party/FreeRTOS/Source/tasks.o
 .bss.uxSchedulerSuspended
                0x2000191c        0x4 ./Middlewares/Third_Party/FreeRTOS/Source/tasks.o
 .bss.ulTaskSwitchedInTime
                0x20001920        0x4 ./Middlewares/Third_Party/FreeRTOS/Source/tasks.o
 .bss.ulTotalRunTime
                0x20001924        0x4 ./Middlewares/Third_Party/FreeRTOS/Source/tasks.o
 .bss.xActiveTimerList1
                0x20001928       0x14 ./Middlewares/Third_Party/FreeRTOS/Source/timers.o
 .bss.xActiveTimerList2
                0x2000193c       0x14 ./Middlewares/Third_Party/FreeRTOS/Source/timers.o
 .bss.pxCurrentTimerList
                0x20001950        0x4 ./Middlewares/Third_Party/FreeRTOS/Source/timers.o
 .bss.pxOverflowTimerList
                0x20001954        0x4 ./Middlewares/Third_Party/FreeRTOS/Source/timers.o
 .bss.xTimerQueue
                0x20001958        0x4 ./Middlewares/Third_Party/FreeRTOS/Source/timers.o
 .bss.xTimerTaskHandle
                0x2000195c        0x4 ./Middlewares/Third_Party/FreeRTOS/Source/timers.o
 .bss.xLastTime.2
                0x20001960        0x4 ./Middlewares/Third_Party/FreeRTOS/Source/timers.o
 .bss.ucStaticTimerQueueStorage.1
                0x20001964       0xa0 ./Middlewares/Third_Party/FreeRTOS/Source/timers.o
 .bss.xStaticTimerQueue.0
                0x20001a04       0x50 ./Middlewares/Third_Party/FreeRTOS/Source/timers.o
 .bss.ucMaxSysCallPriority
                0x20001a54        0x1 ./Middlewares/Third_Party/FreeRTOS/Source/portable/GCC/ARM_CM4F/port.o
 *fill*         0x20001a55        0x3 
 .bss.ulMaxPRIGROUPValue
                0x20001a58        0x4 ./Middlewares/Third_Party/FreeRTOS/Source/portable/GCC/ARM_CM4F/port.o
 .bss.ucHeap    0x20001a5c     0x3c00 ./Middlewares/Third_Party/FreeRTOS/Source/portable/MemMang/heap_4.o
 .bss.xStart    0x2000565c        0x8 ./Middlewares/Third_Party/FreeRTOS/Source/portable/MemMang/heap_4.o
 .bss.pxEnd     0x20005664        0x4 ./Middlewares/Third_Party/FreeRTOS/Source/portable/MemMang/heap_4.o
 .bss.xFreeBytesRemaining
                0x20005668        0x4 ./Middlewares/Third_Party/FreeRTOS/Source/portable/MemMang/heap_4.o
 .bss.xMinimumEverFreeBytesRemaining
                0x2000566c        0x4 ./Middlewares/Third_Party/FreeRTOS/Source/portable/MemMang/heap_4.o
 .bss.xNumberOfSuccessfulAllocations
                0x20005670        0x4 ./Middlewares/Third_Party/FreeRTOS/Source/portable/MemMang/heap_4.o
 .bss.xNumberOfSuccessfulFrees
                0x20005674        0x4 ./Middlewares/Third_Party/FreeRTOS/Source/portable/MemMang/heap_4.o
 .bss.xBlockAllocatedBit
                0x20005678        0x4 ./Middlewares/Third_Party/FreeRTOS/Source/portable/MemMang/heap_4.o
 .bss.__sf      0x2000567c      0x138 C:/ST/STM32CubeIDE_1.11.2/STM32CubeIDE/plugins/com.st.stm32cube.ide.mcu.externaltools.gnu-tools-for-stm32.12.3.rel1.win32_1.0.100.202403111256/tools/bin/../lib/gcc/arm-none-eabi/12.3.1/../../../../arm-none-eabi/lib/thumb/v7e-m+fp/hard\libc_nano.a(libc_a-findfp.o)
                0x2000567c                __sf
 *(COMMON)
                0x200057b4                        . = ALIGN (0x4)
                0x200057b4                        _ebss = .
                0x200057b4                        __bss_end__ = _ebss

._user_heap_stack
                0x200057b4      0x604 load address 0x0800a408
                0x200057b8                        . = ALIGN (0x8)
 *fill*         0x200057b4        0x4 
                [!provide]                        PROVIDE (end = .)
                0x200057b8                        PROVIDE (_end = .)
                0x200059b8                        . = (. + _Min_Heap_Size)
 *fill*         0x200057b8      0x200 
                0x20005db8                        . = (. + _Min_Stack_Size)
 *fill*         0x200059b8      0x400 
                0x20005db8                        . = ALIGN (0x8)

/DISCARD/
 libc.a(*)
 libm.a(*)
 libgcc.a(*)

.ARM.attributes
                0x00000000       0x30
 *(.ARM.attributes)
 .ARM.attributes
                0x00000000       0x22 C:/ST/STM32CubeIDE_1.11.2/STM32CubeIDE/plugins/com.st.stm32cube.ide.mcu.externaltools.gnu-tools-for-stm32.12.3.rel1.win32_1.0.100.202403111256/tools/bin/../lib/gcc/arm-none-eabi/12.3.1/thumb/v7e-m+fp/hard/crti.o
 .ARM.attributes
                0x00000022       0x34 C:/ST/STM32CubeIDE_1.11.2/STM32CubeIDE/plugins/com.st.stm32cube.ide.mcu.externaltools.gnu-tools-for-stm32.12.3.rel1.win32_1.0.100.202403111256/tools/bin/../lib/gcc/arm-none-eabi/12.3.1/thumb/v7e-m+fp/hard/crtbegin.o
 .ARM.attributes
                0x00000056       0x34 ./Core/Src/freertos.o
 .ARM.attributes
                0x0000008a       0x34 ./Core/Src/main.o
 .ARM.attributes
                0x000000be       0x34 ./Core/Src/stm32f4xx_hal_msp.o
 .ARM.attributes
                0x000000f2       0x34 ./Core/Src/stm32f4xx_hal_timebase_tim.o
 .ARM.attributes
                0x00000126       0x34 ./Core/Src/stm32f4xx_it.o
 .ARM.attributes
                0x0000015a       0x34 ./Core/Src/system_stm32f4xx.o
 .ARM.attributes
                0x0000018e       0x21 ./Core/Startup/startup_stm32f411ceux.o
 .ARM.attributes
                0x000001af       0x34 ./Drivers/ECUAL/NRF24/NRF.o
 .ARM.attributes
                0x000001e3       0x34 ./Drivers/STM32F4xx_HAL_Driver/Src/stm32f4xx_hal.o
 .ARM.attributes
                0x00000217       0x34 ./Drivers/STM32F4xx_HAL_Driver/Src/stm32f4xx_hal_cortex.o
 .ARM.attributes
                0x0000024b       0x34 ./Drivers/STM32F4xx_HAL_Driver/Src/stm32f4xx_hal_dma.o
 .ARM.attributes
                0x0000027f       0x34 ./Drivers/STM32F4xx_HAL_Driver/Src/stm32f4xx_hal_gpio.o
 .ARM.attributes
                0x000002b3       0x34 ./Drivers/STM32F4xx_HAL_Driver/Src/stm32f4xx_hal_rcc.o
 .ARM.attributes
                0x000002e7       0x34 ./Drivers/STM32F4xx_HAL_Driver/Src/stm32f4xx_hal_spi.o
 .ARM.attributes
                0x0000031b       0x34 ./Drivers/STM32F4xx_HAL_Driver/Src/stm32f4xx_hal_tim.o
 .ARM.attributes
                0x0000034f       0x34 ./Drivers/STM32F4xx_HAL_Driver/Src/stm32f4xx_hal_tim_ex.o
 .ARM.attributes
                0x00000383       0x34 ./Drivers/STM32F4xx_HAL_Driver/Src/stm32f4xx_hal_uart.o
 .ARM.attributes
                0x000003b7       0x34 ./Middlewares/Third_Party/FreeRTOS/Source/CMSIS_RTOS_V2/cmsis_os2.o
 .ARM.attributes
                0x000003eb       0x34 ./Middlewares/Third_Party/FreeRTOS/Source/event_groups.o
 .ARM.attributes
                0x0000041f       0x34 ./Middlewares/Third_Party/FreeRTOS/Source/list.o
 .ARM.attributes
                0x00000453       0x34 ./Middlewares/Third_Party/FreeRTOS/Source/queue.o
 .ARM.attributes
                0x00000487       0x34 ./Middlewares/Third_Party/FreeRTOS/Source/tasks.o
 .ARM.attributes
                0x000004bb       0x34 ./Middlewares/Third_Party/FreeRTOS/Source/timers.o
 .ARM.attributes
                0x000004ef       0x34 ./Middlewares/Third_Party/FreeRTOS/Source/portable/GCC/ARM_CM4F/port.o
 .ARM.attributes
                0x00000523       0x34 ./Middlewares/Third_Party/FreeRTOS/Source/portable/MemMang/heap_4.o
 .ARM.attributes
                0x00000557       0x34 C:/ST/STM32CubeIDE_1.11.2/STM32CubeIDE/plugins/com.st.stm32cube.ide.mcu.externaltools.gnu-tools-for-stm32.12.3.rel1.win32_1.0.100.202403111256/tools/bin/../lib/gcc/arm-none-eabi/12.3.1/../../../../arm-none-eabi/lib/thumb/v7e-m+fp/hard\libc_nano.a(libc_a-atoi.o)
 .ARM.attributes
                0x0000058b       0x34 C:/ST/STM32CubeIDE_1.11.2/STM32CubeIDE/plugins/com.st.stm32cube.ide.mcu.externaltools.gnu-tools-for-stm32.12.3.rel1.win32_1.0.100.202403111256/tools/bin/../lib/gcc/arm-none-eabi/12.3.1/../../../../arm-none-eabi/lib/thumb/v7e-m+fp/hard\libc_nano.a(libc_a-strtol.o)
 .ARM.attributes
                0x000005bf       0x34 C:/ST/STM32CubeIDE_1.11.2/STM32CubeIDE/plugins/com.st.stm32cube.ide.mcu.externaltools.gnu-tools-for-stm32.12.3.rel1.win32_1.0.100.202403111256/tools/bin/../lib/gcc/arm-none-eabi/12.3.1/../../../../arm-none-eabi/lib/thumb/v7e-m+fp/hard\libc_nano.a(libc_a-ctype_.o)
 .ARM.attributes
                0x000005f3       0x34 C:/ST/STM32CubeIDE_1.11.2/STM32CubeIDE/plugins/com.st.stm32cube.ide.mcu.externaltools.gnu-tools-for-stm32.12.3.rel1.win32_1.0.100.202403111256/tools/bin/../lib/gcc/arm-none-eabi/12.3.1/../../../../arm-none-eabi/lib/thumb/v7e-m+fp/hard\libc_nano.a(libc_a-findfp.o)
 .ARM.attributes
                0x00000627       0x34 C:/ST/STM32CubeIDE_1.11.2/STM32CubeIDE/plugins/com.st.stm32cube.ide.mcu.externaltools.gnu-tools-for-stm32.12.3.rel1.win32_1.0.100.202403111256/tools/bin/../lib/gcc/arm-none-eabi/12.3.1/../../../../arm-none-eabi/lib/thumb/v7e-m+fp/hard\libc_nano.a(libc_a-memset.o)
 .ARM.attributes
                0x0000065b       0x34 C:/ST/STM32CubeIDE_1.11.2/STM32CubeIDE/plugins/com.st.stm32cube.ide.mcu.externaltools.gnu-tools-for-stm32.12.3.rel1.win32_1.0.100.202403111256/tools/bin/../lib/gcc/arm-none-eabi/12.3.1/../../../../arm-none-eabi/lib/thumb/v7e-m+fp/hard\libc_nano.a(libc_a-impure.o)
 .ARM.attributes
                0x0000068f       0x34 C:/ST/STM32CubeIDE_1.11.2/STM32CubeIDE/plugins/com.st.stm32cube.ide.mcu.externaltools.gnu-tools-for-stm32.12.3.rel1.win32_1.0.100.202403111256/tools/bin/../lib/gcc/arm-none-eabi/12.3.1/../../../../arm-none-eabi/lib/thumb/v7e-m+fp/hard\libc_nano.a(libc_a-errno.o)
 .ARM.attributes
                0x000006c3       0x34 C:/ST/STM32CubeIDE_1.11.2/STM32CubeIDE/plugins/com.st.stm32cube.ide.mcu.externaltools.gnu-tools-for-stm32.12.3.rel1.win32_1.0.100.202403111256/tools/bin/../lib/gcc/arm-none-eabi/12.3.1/../../../../arm-none-eabi/lib/thumb/v7e-m+fp/hard\libc_nano.a(libc_a-init.o)
 .ARM.attributes
                0x000006f7       0x34 C:/ST/STM32CubeIDE_1.11.2/STM32CubeIDE/plugins/com.st.stm32cube.ide.mcu.externaltools.gnu-tools-for-stm32.12.3.rel1.win32_1.0.100.202403111256/tools/bin/../lib/gcc/arm-none-eabi/12.3.1/../../../../arm-none-eabi/lib/thumb/v7e-m+fp/hard\libc_nano.a(libc_a-memcpy-stub.o)
 .ARM.attributes
                0x0000072b       0x22 C:/ST/STM32CubeIDE_1.11.2/STM32CubeIDE/plugins/com.st.stm32cube.ide.mcu.externaltools.gnu-tools-for-stm32.12.3.rel1.win32_1.0.100.202403111256/tools/bin/../lib/gcc/arm-none-eabi/12.3.1/thumb/v7e-m+fp/hard\libgcc.a(_aeabi_uldivmod.o)
 .ARM.attributes
                0x0000074d       0x34 C:/ST/STM32CubeIDE_1.11.2/STM32CubeIDE/plugins/com.st.stm32cube.ide.mcu.externaltools.gnu-tools-for-stm32.12.3.rel1.win32_1.0.100.202403111256/tools/bin/../lib/gcc/arm-none-eabi/12.3.1/thumb/v7e-m+fp/hard\libgcc.a(_udivmoddi4.o)
 .ARM.attributes
                0x00000781       0x22 C:/ST/STM32CubeIDE_1.11.2/STM32CubeIDE/plugins/com.st.stm32cube.ide.mcu.externaltools.gnu-tools-for-stm32.12.3.rel1.win32_1.0.100.202403111256/tools/bin/../lib/gcc/arm-none-eabi/12.3.1/thumb/v7e-m+fp/hard\libgcc.a(_dvmd_tls.o)
 .ARM.attributes
                0x000007a3       0x22 C:/ST/STM32CubeIDE_1.11.2/STM32CubeIDE/plugins/com.st.stm32cube.ide.mcu.externaltools.gnu-tools-for-stm32.12.3.rel1.win32_1.0.100.202403111256/tools/bin/../lib/gcc/arm-none-eabi/12.3.1/thumb/v7e-m+fp/hard/crtn.o
OUTPUT(ADAS_BlackPill.elf elf32-littlearm)
LOAD linker stubs
LOAD C:/ST/STM32CubeIDE_1.11.2/STM32CubeIDE/plugins/com.st.stm32cube.ide.mcu.externaltools.gnu-tools-for-stm32.12.3.rel1.win32_1.0.100.202403111256/tools/bin/../lib/gcc/arm-none-eabi/12.3.1/../../../../arm-none-eabi/lib/thumb/v7e-m+fp/hard\libc.a
LOAD C:/ST/STM32CubeIDE_1.11.2/STM32CubeIDE/plugins/com.st.stm32cube.ide.mcu.externaltools.gnu-tools-for-stm32.12.3.rel1.win32_1.0.100.202403111256/tools/bin/../lib/gcc/arm-none-eabi/12.3.1/../../../../arm-none-eabi/lib/thumb/v7e-m+fp/hard\libm.a
LOAD C:/ST/STM32CubeIDE_1.11.2/STM32CubeIDE/plugins/com.st.stm32cube.ide.mcu.externaltools.gnu-tools-for-stm32.12.3.rel1.win32_1.0.100.202403111256/tools/bin/../lib/gcc/arm-none-eabi/12.3.1/thumb/v7e-m+fp/hard\libgcc.a

.debug_info     0x00000000    0x1be26
 .debug_info    0x00000000       0xb7 ./Core/Src/freertos.o
 .debug_info    0x000000b7     0x2306 ./Core/Src/main.o
 .debug_info    0x000023bd     0x124f ./Core/Src/stm32f4xx_hal_msp.o
 .debug_info    0x0000360c      0xb83 ./Core/Src/stm32f4xx_hal_timebase_tim.o
 .debug_info    0x0000418f      0x9d4 ./Core/Src/stm32f4xx_it.o
 .debug_info    0x00004b63      0x53e ./Core/Src/system_stm32f4xx.o
 .debug_info    0x000050a1       0x30 ./Core/Startup/startup_stm32f411ceux.o
 .debug_info    0x000050d1     0x1509 ./Drivers/ECUAL/NRF24/NRF.o
 .debug_info    0x000065da      0x8c4 ./Drivers/STM32F4xx_HAL_Driver/Src/stm32f4xx_hal.o
 .debug_info    0x00006e9e      0xcc7 ./Drivers/STM32F4xx_HAL_Driver/Src/stm32f4xx_hal_cortex.o
 .debug_info    0x00007b65      0x8e6 ./Drivers/STM32F4xx_HAL_Driver/Src/stm32f4xx_hal_dma.o
 .debug_info    0x0000844b      0x6f9 ./Drivers/STM32F4xx_HAL_Driver/Src/stm32f4xx_hal_gpio.o
 .debug_info    0x00008b44      0x8f2 ./Drivers/STM32F4xx_HAL_Driver/Src/stm32f4xx_hal_rcc.o
 .debug_info    0x00009436     0x1606 ./Drivers/STM32F4xx_HAL_Driver/Src/stm32f4xx_hal_spi.o
 .debug_info    0x0000aa3c     0x2996 ./Drivers/STM32F4xx_HAL_Driver/Src/stm32f4xx_hal_tim.o
 .debug_info    0x0000d3d2     0x14d4 ./Drivers/STM32F4xx_HAL_Driver/Src/stm32f4xx_hal_tim_ex.o
 .debug_info    0x0000e8a6     0x2f56 ./Drivers/STM32F4xx_HAL_Driver/Src/stm32f4xx_hal_uart.o
 .debug_info    0x000117fc     0x3a0c ./Middlewares/Third_Party/FreeRTOS/Source/CMSIS_RTOS_V2/cmsis_os2.o
 .debug_info    0x00015208      0xbd1 ./Middlewares/Third_Party/FreeRTOS/Source/event_groups.o
 .debug_info    0x00015dd9      0x2af ./Middlewares/Third_Party/FreeRTOS/Source/list.o
 .debug_info    0x00016088     0x1b79 ./Middlewares/Third_Party/FreeRTOS/Source/queue.o
 .debug_info    0x00017c01     0x23d0 ./Middlewares/Third_Party/FreeRTOS/Source/tasks.o
 .debug_info    0x00019fd1     0x14a2 ./Middlewares/Third_Party/FreeRTOS/Source/timers.o
 .debug_info    0x0001b473      0x4de ./Middlewares/Third_Party/FreeRTOS/Source/portable/GCC/ARM_CM4F/port.o
 .debug_info    0x0001b951      0x4d5 ./Middlewares/Third_Party/FreeRTOS/Source/portable/MemMang/heap_4.o

.debug_abbrev   0x00000000     0x3d5b
 .debug_abbrev  0x00000000       0x61 ./Core/Src/freertos.o
 .debug_abbrev  0x00000061      0x332 ./Core/Src/main.o
 .debug_abbrev  0x00000393      0x249 ./Core/Src/stm32f4xx_hal_msp.o
 .debug_abbrev  0x000005dc      0x207 ./Core/Src/stm32f4xx_hal_timebase_tim.o
 .debug_abbrev  0x000007e3      0x1b0 ./Core/Src/stm32f4xx_it.o
 .debug_abbrev  0x00000993      0x11a ./Core/Src/system_stm32f4xx.o
 .debug_abbrev  0x00000aad       0x24 ./Core/Startup/startup_stm32f411ceux.o
 .debug_abbrev  0x00000ad1      0x33d ./Drivers/ECUAL/NRF24/NRF.o
 .debug_abbrev  0x00000e0e      0x24b ./Drivers/STM32F4xx_HAL_Driver/Src/stm32f4xx_hal.o
 .debug_abbrev  0x00001059      0x328 ./Drivers/STM32F4xx_HAL_Driver/Src/stm32f4xx_hal_cortex.o
 .debug_abbrev  0x00001381      0x221 ./Drivers/STM32F4xx_HAL_Driver/Src/stm32f4xx_hal_dma.o
 .debug_abbrev  0x000015a2      0x1d3 ./Drivers/STM32F4xx_HAL_Driver/Src/stm32f4xx_hal_gpio.o
 .debug_abbrev  0x00001775      0x2b5 ./Drivers/STM32F4xx_HAL_Driver/Src/stm32f4xx_hal_rcc.o
 .debug_abbrev  0x00001a2a      0x280 ./Drivers/STM32F4xx_HAL_Driver/Src/stm32f4xx_hal_spi.o
 .debug_abbrev  0x00001caa      0x28b ./Drivers/STM32F4xx_HAL_Driver/Src/stm32f4xx_hal_tim.o
 .debug_abbrev  0x00001f35      0x296 ./Drivers/STM32F4xx_HAL_Driver/Src/stm32f4xx_hal_tim_ex.o
 .debug_abbrev  0x000021cb      0x31b ./Drivers/STM32F4xx_HAL_Driver/Src/stm32f4xx_hal_uart.o
 .debug_abbrev  0x000024e6      0x539 ./Middlewares/Third_Party/FreeRTOS/Source/CMSIS_RTOS_V2/cmsis_os2.o
 .debug_abbrev  0x00002a1f      0x322 ./Middlewares/Third_Party/FreeRTOS/Source/event_groups.o
 .debug_abbrev  0x00002d41       0xf5 ./Middlewares/Third_Party/FreeRTOS/Source/list.o
 .debug_abbrev  0x00002e36      0x3b6 ./Middlewares/Third_Party/FreeRTOS/Source/queue.o
 .debug_abbrev  0x000031ec      0x3a4 ./Middlewares/Third_Party/FreeRTOS/Source/tasks.o
 .debug_abbrev  0x00003590      0x352 ./Middlewares/Third_Party/FreeRTOS/Source/timers.o
 .debug_abbrev  0x000038e2      0x25c ./Middlewares/Third_Party/FreeRTOS/Source/portable/GCC/ARM_CM4F/port.o
 .debug_abbrev  0x00003b3e      0x21d ./Middlewares/Third_Party/FreeRTOS/Source/portable/MemMang/heap_4.o

.debug_aranges  0x00000000     0x1960
 .debug_aranges
                0x00000000       0x30 ./Core/Src/freertos.o
 .debug_aranges
                0x00000030       0xd0 ./Core/Src/main.o
 .debug_aranges
                0x00000100       0x50 ./Core/Src/stm32f4xx_hal_msp.o
 .debug_aranges
                0x00000150       0x30 ./Core/Src/stm32f4xx_hal_timebase_tim.o
 .debug_aranges
                0x00000180       0x78 ./Core/Src/stm32f4xx_it.o
 .debug_aranges
                0x000001f8       0x28 ./Core/Src/system_stm32f4xx.o
 .debug_aranges
                0x00000220       0x28 ./Core/Startup/startup_stm32f411ceux.o
 .debug_aranges
                0x00000248      0x1c0 ./Drivers/ECUAL/NRF24/NRF.o
 .debug_aranges
                0x00000408       0xf0 ./Drivers/STM32F4xx_HAL_Driver/Src/stm32f4xx_hal.o
 .debug_aranges
                0x000004f8      0x120 ./Drivers/STM32F4xx_HAL_Driver/Src/stm32f4xx_hal_cortex.o
 .debug_aranges
                0x00000618       0x90 ./Drivers/STM32F4xx_HAL_Driver/Src/stm32f4xx_hal_dma.o
 .debug_aranges
                0x000006a8       0x58 ./Drivers/STM32F4xx_HAL_Driver/Src/stm32f4xx_hal_gpio.o
 .debug_aranges
                0x00000700       0x88 ./Drivers/STM32F4xx_HAL_Driver/Src/stm32f4xx_hal_rcc.o
 .debug_aranges
                0x00000788      0x1d0 ./Drivers/STM32F4xx_HAL_Driver/Src/stm32f4xx_hal_spi.o
 .debug_aranges
                0x00000958      0x3d0 ./Drivers/STM32F4xx_HAL_Driver/Src/stm32f4xx_hal_tim.o
 .debug_aranges
                0x00000d28      0x168 ./Drivers/STM32F4xx_HAL_Driver/Src/stm32f4xx_hal_tim_ex.o
 .debug_aranges
                0x00000e90      0x208 ./Drivers/STM32F4xx_HAL_Driver/Src/stm32f4xx_hal_uart.o
 .debug_aranges
                0x00001098      0x2b8 ./Middlewares/Third_Party/FreeRTOS/Source/CMSIS_RTOS_V2/cmsis_os2.o
 .debug_aranges
                0x00001350       0x90 ./Middlewares/Third_Party/FreeRTOS/Source/event_groups.o
 .debug_aranges
                0x000013e0       0x40 ./Middlewares/Third_Party/FreeRTOS/Source/list.o
 .debug_aranges
                0x00001420      0x158 ./Middlewares/Third_Party/FreeRTOS/Source/queue.o
 .debug_aranges
                0x00001578      0x220 ./Middlewares/Third_Party/FreeRTOS/Source/tasks.o
 .debug_aranges
                0x00001798       0xf0 ./Middlewares/Third_Party/FreeRTOS/Source/timers.o
 .debug_aranges
                0x00001888       0x80 ./Middlewares/Third_Party/FreeRTOS/Source/portable/GCC/ARM_CM4F/port.o
 .debug_aranges
                0x00001908       0x58 ./Middlewares/Third_Party/FreeRTOS/Source/portable/MemMang/heap_4.o

.debug_rnglists
                0x00000000     0x13b4
 .debug_rnglists
                0x00000000       0x1f ./Core/Src/freertos.o
 .debug_rnglists
                0x0000001f       0xa1 ./Core/Src/main.o
 .debug_rnglists
                0x000000c0       0x3a ./Core/Src/stm32f4xx_hal_msp.o
 .debug_rnglists
                0x000000fa       0x20 ./Core/Src/stm32f4xx_hal_timebase_tim.o
 .debug_rnglists
                0x0000011a       0x55 ./Core/Src/stm32f4xx_it.o
 .debug_rnglists
                0x0000016f       0x1a ./Core/Src/system_stm32f4xx.o
 .debug_rnglists
                0x00000189       0x19 ./Core/Startup/startup_stm32f411ceux.o
 .debug_rnglists
                0x000001a2      0x14f ./Drivers/ECUAL/NRF24/NRF.o
 .debug_rnglists
                0x000002f1       0xaf ./Drivers/STM32F4xx_HAL_Driver/Src/stm32f4xx_hal.o
 .debug_rnglists