Archive member included to satisfy reference by file (symbol)

D:/PROGRAMS_INSTALLATION/STM32CubeIDE_1.14.1/STM32CubeIDE/plugins/com.st.stm32cube.ide.mcu.externaltools.gnu-tools-for-stm32.11.3.rel1.win32_1.1.100.202309141235/tools/bin/../lib/gcc/arm-none-eabi/11.3.1/../../../../arm-none-eabi/lib/thumb/v7-m/nofp\libc_nano.a(libc_a-atoi.o)
                              ./Core/Src/main.o (atoi)
D:/PROGRAMS_INSTALLATION/STM32CubeIDE_1.14.1/STM32CubeIDE/plugins/com.st.stm32cube.ide.mcu.externaltools.gnu-tools-for-stm32.11.3.rel1.win32_1.1.100.202309141235/tools/bin/../lib/gcc/arm-none-eabi/11.3.1/../../../../arm-none-eabi/lib/thumb/v7-m/nofp\libc_nano.a(libc_a-exit.o)
                              D:/PROGRAMS_INSTALLATION/STM32CubeIDE_1.14.1/STM32CubeIDE/plugins/com.st.stm32cube.ide.mcu.externaltools.gnu-tools-for-stm32.11.3.rel1.win32_1.1.100.202309141235/tools/bin/../lib/gcc/arm-none-eabi/11.3.1/../../../../arm-none-eabi/lib/thumb/v7-m/nofp/crt0.o (exit)
D:/PROGRAMS_INSTALLATION/STM32CubeIDE_1.14.1/STM32CubeIDE/plugins/com.st.stm32cube.ide.mcu.externaltools.gnu-tools-for-stm32.11.3.rel1.win32_1.1.100.202309141235/tools/bin/../lib/gcc/arm-none-eabi/11.3.1/../../../../arm-none-eabi/lib/thumb/v7-m/nofp\libc_nano.a(libc_a-strtol.o)
                              D:/PROGRAMS_INSTALLATION/STM32CubeIDE_1.14.1/STM32CubeIDE/plugins/com.st.stm32cube.ide.mcu.externaltools.gnu-tools-for-stm32.11.3.rel1.win32_1.1.100.202309141235/tools/bin/../lib/gcc/arm-none-eabi/11.3.1/../../../../arm-none-eabi/lib/thumb/v7-m/nofp\libc_nano.a(libc_a-atoi.o) (_strtol_r)
D:/PROGRAMS_INSTALLATION/STM32CubeIDE_1.14.1/STM32CubeIDE/plugins/com.st.stm32cube.ide.mcu.externaltools.gnu-tools-for-stm32.11.3.rel1.win32_1.1.100.202309141235/tools/bin/../lib/gcc/arm-none-eabi/11.3.1/../../../../arm-none-eabi/lib/thumb/v7-m/nofp\libc_nano.a(libc_a-ctype_.o)
                              D:/PROGRAMS_INSTALLATION/STM32CubeIDE_1.14.1/STM32CubeIDE/plugins/com.st.stm32cube.ide.mcu.externaltools.gnu-tools-for-stm32.11.3.rel1.win32_1.1.100.202309141235/tools/bin/../lib/gcc/arm-none-eabi/11.3.1/../../../../arm-none-eabi/lib/thumb/v7-m/nofp\libc_nano.a(libc_a-strtol.o) (_ctype_)
D:/PROGRAMS_INSTALLATION/STM32CubeIDE_1.14.1/STM32CubeIDE/plugins/com.st.stm32cube.ide.mcu.externaltools.gnu-tools-for-stm32.11.3.rel1.win32_1.1.100.202309141235/tools/bin/../lib/gcc/arm-none-eabi/11.3.1/../../../../arm-none-eabi/lib/thumb/v7-m/nofp\libc_nano.a(libc_a-findfp.o)
                              D:/PROGRAMS_INSTALLATION/STM32CubeIDE_1.14.1/STM32CubeIDE/plugins/com.st.stm32cube.ide.mcu.externaltools.gnu-tools-for-stm32.11.3.rel1.win32_1.1.100.202309141235/tools/bin/../lib/gcc/arm-none-eabi/11.3.1/../../../../arm-none-eabi/lib/thumb/v7-m/nofp\libc_nano.a(libc_a-exit.o) (__stdio_exit_handler)
D:/PROGRAMS_INSTALLATION/STM32CubeIDE_1.14.1/STM32CubeIDE/plugins/com.st.stm32cube.ide.mcu.externaltools.gnu-tools-for-stm32.11.3.rel1.win32_1.1.100.202309141235/tools/bin/../lib/gcc/arm-none-eabi/11.3.1/../../../../arm-none-eabi/lib/thumb/v7-m/nofp\libc_nano.a(libc_a-fwalk.o)
                              D:/PROGRAMS_INSTALLATION/STM32CubeIDE_1.14.1/STM32CubeIDE/plugins/com.st.stm32cube.ide.mcu.externaltools.gnu-tools-for-stm32.11.3.rel1.win32_1.1.100.202309141235/tools/bin/../lib/gcc/arm-none-eabi/11.3.1/../../../../arm-none-eabi/lib/thumb/v7-m/nofp\libc_nano.a(libc_a-findfp.o) (_fwalk_sglue)
D:/PROGRAMS_INSTALLATION/STM32CubeIDE_1.14.1/STM32CubeIDE/plugins/com.st.stm32cube.ide.mcu.externaltools.gnu-tools-for-stm32.11.3.rel1.win32_1.1.100.202309141235/tools/bin/../lib/gcc/arm-none-eabi/11.3.1/../../../../arm-none-eabi/lib/thumb/v7-m/nofp\libc_nano.a(libc_a-sprintf.o)
                              ./Middlewares/Third_Party/FreeRTOS/Source/tasks.o (sprintf)
D:/PROGRAMS_INSTALLATION/STM32CubeIDE_1.14.1/STM32CubeIDE/plugins/com.st.stm32cube.ide.mcu.externaltools.gnu-tools-for-stm32.11.3.rel1.win32_1.1.100.202309141235/tools/bin/../lib/gcc/arm-none-eabi/11.3.1/../../../../arm-none-eabi/lib/thumb/v7-m/nofp\libc_nano.a(libc_a-stdio.o)
                              D:/PROGRAMS_INSTALLATION/STM32CubeIDE_1.14.1/STM32CubeIDE/plugins/com.st.stm32cube.ide.mcu.externaltools.gnu-tools-for-stm32.11.3.rel1.win32_1.1.100.202309141235/tools/bin/../lib/gcc/arm-none-eabi/11.3.1/../../../../arm-none-eabi/lib/thumb/v7-m/nofp\libc_nano.a(libc_a-findfp.o) (__sread)
D:/PROGRAMS_INSTALLATION/STM32CubeIDE_1.14.1/STM32CubeIDE/plugins/com.st.stm32cube.ide.mcu.externaltools.gnu-tools-for-stm32.11.3.rel1.win32_1.1.100.202309141235/tools/bin/../lib/gcc/arm-none-eabi/11.3.1/../../../../arm-none-eabi/lib/thumb/v7-m/nofp\libc_nano.a(libc_a-memset.o)
                              D:/PROGRAMS_INSTALLATION/STM32CubeIDE_1.14.1/STM32CubeIDE/plugins/com.st.stm32cube.ide.mcu.externaltools.gnu-tools-for-stm32.11.3.rel1.win32_1.1.100.202309141235/tools/bin/../lib/gcc/arm-none-eabi/11.3.1/../../../../arm-none-eabi/lib/thumb/v7-m/nofp/crt0.o (memset)
[...]
Memory Configuration

Name             Origin             Length             Attributes
RAM              0x0000000020000000 0x0000000000005000 xrw
FLASH            0x0000000008000000 0x0000000000010000 xr
*default*        0x0000000000000000 0xffffffffffffffff

Linker script and memory map

LOAD D:/PROGRAMS_INSTALLATION/STM32CubeIDE_1.14.1/STM32CubeIDE/plugins/com.st.stm32cube.ide.mcu.externaltools.gnu-tools-for-stm32.11.3.rel1.win32_1.1.100.202309141235/tools/bin/../lib/gcc/arm-none-eabi/11.3.1/thumb/v7-m/nofp/crti.o
LOAD D:/PROGRAMS_INSTALLATION/STM32CubeIDE_1.14.1/STM32CubeIDE/plugins/com.st.stm32cube.ide.mcu.externaltools.gnu-tools-for-stm32.11.3.rel1.win32_1.1.100.202309141235/tools/bin/../lib/gcc/arm-none-eabi/11.3.1/thumb/v7-m/nofp/crtbegin.o
LOAD D:/PROGRAMS_INSTALLATION/STM32CubeIDE_1.14.1/STM32CubeIDE/plugins/com.st.stm32cube.ide.mcu.externaltools.gnu-tools-for-stm32.11.3.rel1.win32_1.1.100.202309141235/tools/bin/../lib/gcc/arm-none-eabi/11.3.1/../../../../arm-none-eabi/lib/thumb/v7-m/nofp/crt0.o
LOAD ./Core/Src/freertos.o
LOAD ./Core/Src/main.o
LOAD ./Core/Src/stm32f1xx_hal_msp.o
LOAD ./Core/Src/stm32f1xx_hal_timebase_tim.o
LOAD ./Core/Src/stm32f1xx_it.o
LOAD ./Core/Src/syscalls.o
LOAD ./Core/Src/sysmem.o
LOAD ./Core/Src/system_stm32f1xx.o
LOAD ./Core/Startup/startup_stm32f103c8tx.o
LOAD ./Drivers/ECUAL/NRF24/NRF.o
LOAD ./Drivers/STM32F1xx_HAL_Driver/Src/stm32f1xx_hal.o
LOAD ./Drivers/STM32F1xx_HAL_Driver/Src/stm32f1xx_hal_cortex.o
LOAD ./Drivers/STM32F1xx_HAL_Driver/Src/stm32f1xx_hal_dma.o
LOAD ./Drivers/STM32F1xx_HAL_Driver/Src/stm32f1xx_hal_exti.o
LOAD ./Drivers/STM32F1xx_HAL_Driver/Src/stm32f1xx_hal_flash.o
LOAD ./Drivers/STM32F1xx_HAL_Driver/Src/stm32f1xx_hal_flash_ex.o
LOAD ./Drivers/STM32F1xx_HAL_Driver/Src/stm32f1xx_hal_gpio.o
LOAD ./Drivers/STM32F1xx_HAL_Driver/Src/stm32f1xx_hal_gpio_ex.o
LOAD ./Drivers/STM32F1xx_HAL_Driver/Src/stm32f1xx_hal_pwr.o
LOAD ./Drivers/STM32F1xx_HAL_Driver/Src/stm32f1xx_hal_rcc.o
LOAD ./Drivers/STM32F1xx_HAL_Driver/Src/stm32f1xx_hal_rcc_ex.o
LOAD ./Drivers/STM32F1xx_HAL_Driver/Src/stm32f1xx_hal_spi.o
LOAD ./Drivers/STM32F1xx_HAL_Driver/Src/stm32f1xx_hal_tim.o
LOAD ./Drivers/STM32F1xx_HAL_Driver/Src/stm32f1xx_hal_tim_ex.o
LOAD ./Drivers/STM32F1xx_HAL_Driver/Src/stm32f1xx_hal_uart.o
LOAD ./Middlewares/Third_Party/FreeRTOS/Source/CMSIS_RTOS_V2/cmsis_os2.o
LOAD ./Middlewares/Third_Party/FreeRTOS/Source/croutine.o
LOAD ./Middlewares/Third_Party/FreeRTOS/Source/event_groups.o
LOAD ./Middlewares/Third_Party/FreeRTOS/Source/list.o
LOAD ./Middlewares/Third_Party/FreeRTOS/Source/queue.o
LOAD ./Middlewares/Third_Party/FreeRTOS/Source/stream_buffer.o
LOAD ./Middlewares/Third_Party/FreeRTOS/Source/tasks.o
LOAD ./Middlewares/Third_Party/FreeRTOS/Source/timers.o
LOAD ./Middlewares/Third_Party/FreeRTOS/Source/portable/GCC/ARM_CM3/port.o
LOAD ./Middlewares/Third_Party/FreeRTOS/Source/portable/MemMang/heap_4.o
START GROUP
LOAD D:/PROGRAMS_INSTALLATION/STM32CubeIDE_1.14.1/STM32CubeIDE/plugins/com.st.stm32cube.ide.mcu.externaltools.gnu-tools-for-stm32.11.3.rel1.win32_1.1.100.202309141235/tools/bin/../lib/gcc/arm-none-eabi/11.3.1/../../../../arm-none-eabi/lib/thumb/v7-m/nofp\libc_nano.a
LOAD D:/PROGRAMS_INSTALLATION/STM32CubeIDE_1.14.1/STM32CubeIDE/plugins/com.st.stm32cube.ide.mcu.externaltools.gnu-tools-for-stm32.11.3.rel1.win32_1.1.100.202309141235/tools/bin/../lib/gcc/arm-none-eabi/11.3.1/../../../../arm-none-eabi/lib/thumb/v7-m/nofp\libm.a
END GROUP
START GROUP
LOAD D:/PROGRAMS_INSTALLATION/STM32CubeIDE_1.14.1/STM32CubeIDE/plugins/com.st.stm32cube.ide.mcu.externaltools.gnu-tools-for-stm32.11.3.rel1.win32_1.1.100.202309141235/tools/bin/../lib/gcc/arm-none-eabi/11.3.1/thumb/v7-m/nofp\libgcc.a
LOAD D:/PROGRAMS_INSTALLATION/STM32CubeIDE_1.14.1/STM32CubeIDE/plugins/com.st.stm32cube.ide.mcu.externaltools.gnu-tools-for-stm32.11.3.rel1.win32_1.1.100.202309141235/tools/bin/../lib/gcc/arm-none-eabi/11.3.1/../../../../arm-none-eabi/lib/thumb/v7-m/nofp\libc_nano.a
END GROUP
START GROUP
LOAD D:/PROGRAMS_INSTALLATION/STM32CubeIDE_1.14.1/STM32CubeIDE/plugins/com.st.stm32cube.ide.mcu.externaltools.gnu-tools-for-stm32.11.3.rel1.win32_1.1.100.202309141235/tools/bin/../lib/gcc/arm-none-eabi/11.3.1/thumb/v7-m/nofp\libgcc.a
LOAD D:/PROGRAMS_INSTALLATION/STM32CubeIDE_1.14.1/STM32CubeIDE/plugins/com.st.stm32cube.ide.mcu.externaltools.gnu-tools-for-stm32.11.3.rel1.win32_1.1.100.202309141235/tools/bin/../lib/gcc/arm-none-eabi/11.3.1/../../../../arm-none-eabi/lib/thumb/v7-m/nofp\libc_nano.a
LOAD D:/PROGRAMS_INSTALLATION/STM32CubeIDE_1.14.1/STM32CubeIDE/plugins/com.st.stm32cube.ide.mcu.externaltools.gnu-tools-for-stm32.11.3.rel1.win32_1.1.100.202309141235/tools/bin/../lib/gcc/arm-none-eabi/11.3.1/../../../../arm-none-eabi/lib/thumb/v7-m/nofp\libnosys.a
END GROUP
START GROUP
LOAD D:/PROGRAMS_INSTALLATION/STM32CubeIDE_1.14.1/STM32CubeIDE/plugins/com.st.stm32cube.ide.mcu.externaltools.gnu-tools-for-stm32.11.3.rel1.win32_1.1.100.202309141235/tools/bin/../lib/gcc/arm-none-eabi/11.3.1/thumb/v7-m/nofp\libgcc.a
LOAD D:/PROGRAMS_INSTALLATION/STM32CubeIDE_1.14.1/STM32CubeIDE/plugins/com.st.stm32cube.ide.mcu.externaltools.gnu-tools-for-stm32.11.3.rel1.win32_1.1.100.202309141235/tools/bin/../lib/gcc/arm-none-eabi/11.3.1/../../../../arm-none-eabi/lib/thumb/v7-m/nofp\libc_nano.a
LOAD D:/PROGRAMS_INSTALLATION/STM32CubeIDE_1.14.1/STM32CubeIDE/plugins/com.st.stm32cube.ide.mcu.externaltools.gnu-tools-for-stm32.11.3.rel1.win32_1.1.100.202309141235/tools/bin/../lib/gcc/arm-none-eabi/11.3.1/../../../../arm-none-eabi/lib/thumb/v7-m/nofp\libnosys.a
END GROUP
LOAD D:/PROGRAMS_INSTALLATION/STM32CubeIDE_1.14.1/STM32CubeIDE/plugins/com.st.stm32cube.ide.mcu.externaltools.gnu-tools-for-stm32.11.3.rel1.win32_1.1.100.202309141235/tools/bin/../lib/gcc/arm-none-eabi/11.3.1/thumb/v7-m/nofp/crtend.o
LOAD D:/PROGRAMS_INSTALLATION/STM32CubeIDE_1.14.1/STM32CubeIDE/plugins/com.st.stm32cube.ide.mcu.externaltools.gnu-tools-for-stm32.11.3.rel1.win32_1.1.100.202309141235/tools/bin/../lib/gcc/arm-none-eabi/11.3.1/thumb/v7-m/nofp/crtn.o
                0x0000000020005000                _estack = (ORIGIN (RAM) + LENGTH (RAM))
                0x0000000000000200                _Min_Heap_Size = 0x200
                0x0000000000000400                _Min_Stack_Size = 0x400

.isr_vector     0x0000000008000000      0x10c
                0x0000000008000000                . = ALIGN (0x4)
 *(.isr_vector)
 .isr_vector    0x0000000008000000      0x10c ./Core/Startup/startup_stm32f103c8tx.o
                0x0000000008000000                g_pfnVectors
                0x000000000800010c                . = ALIGN (0x4)

.text           0x0000000008000110     0x85dc
                0x0000000008000110                . = ALIGN (0x4)
 *(.text)
 .text          0x0000000008000110       0x40 D:/PROGRAMS_INSTALLATION/STM32CubeIDE_1.14.1/STM32CubeIDE/plugins/com.st.stm32cube.ide.mcu.externaltools.gnu-tools-for-stm32.11.3.rel1.win32_1.1.100.202309141235/tools/bin/../lib/gcc/arm-none-eabi/11.3.1/thumb/v7-m/nofp/crtbegin.o
 *(.text*)
 .text.configureTimerForRunTimeStats
                0x0000000008000150       0x14 ./Core/Src/freertos.o
                0x0000000008000150                configureTimerForRunTimeStats
 .text.getRunTimeCounterValue
                0x0000000008000164       0x14 ./Core/Src/freertos.o
                0x0000000008000164                getRunTimeCounterValue
 .text.vApplicationIdleHook
                0x0000000008000178        0xc ./Core/Src/freertos.o
                0x0000000008000178                vApplicationIdleHook
 .text.main     0x0000000008000184      0x150 ./Core/Src/main.o
                0x0000000008000184                main
 .text.SystemClock_Config
                0x00000000080002d4       0x8a ./Core/Src/main.o
                0x00000000080002d4                SystemClock_Config
 *fill*         0x000000000800035e        0x2 
 .text.MX_SPI1_Init
                0x0000000008000360       0x6c ./Core/Src/main.o
 .text.MX_TIM3_Init
                0x00000000080003cc       0xa0 ./Core/Src/main.o
 .text.MX_USART1_UART_Init
                0x000000000800046c       0x54 ./Core/Src/main.o
 .text.MX_DMA_Init
                0x00000000080004c0       0x3c ./Core/Src/main.o
 .text.MX_GPIO_Init
                0x00000000080004fc       0xa8 ./Core/Src/main.o
 .text.HAL_GPIO_EXTI_Callback
                0x00000000080005a4       0x14 ./Core/Src/main.o
                0x00000000080005a4                HAL_GPIO_EXTI_Callback
 .text.HAL_UART_RxCpltCallback
                0x00000000080005b8       0x20 ./Core/Src/main.o
                0x00000000080005b8                HAL_UART_RxCpltCallback
 .text._CalcAvgDistance
                0x00000000080005d8       0xd4 ./Core/Src/main.o
                0x00000000080005d8                _CalcAvgDistance
 .text.Init_Task
                0x00000000080006ac       0xb0 ./Core/Src/main.o
                0x00000000080006ac                Init_Task
 .text.Distance_Calc
                0x000000000800075c       0x74 ./Core/Src/main.o
                0x000000000800075c                Distance_Calc
 .text.Localization
                0x00000000080007d0       0xac ./Core/Src/main.o
                0x00000000080007d0                Localization
 .text.Algo_Check
                0x000000000800087c       0x70 ./Core/Src/main.o
                0x000000000800087c                Algo_Check
 .text.BSW_Check
                0x00000000080008ec       0xc0 ./Core/Src/main.o
                0x00000000080008ec                BSW_Check
 .text.DPW_Check
                0x00000000080009ac       0xc4 ./Core/Src/main.o
                0x00000000080009ac                DPW_Check
 .text.WirelessReceive
                0x0000000008000a70      0x20c ./Core/Src/main.o
                0x0000000008000a70                WirelessReceive
 .text.FCW_Task
                0x0000000008000c7c       0x20 ./Core/Src/main.o
                0x0000000008000c7c                FCW_Task
 .text.EEBL_Task
                0x0000000008000c9c       0x20 ./Core/Src/main.o
                0x0000000008000c9c                EEBL_Task
 .text.HAL_TIM_PeriodElapsedCallback
                0x0000000008000cbc       0x24 ./Core/Src/main.o
                0x0000000008000cbc                HAL_TIM_PeriodElapsedCallback
 .text.Error_Handler
                0x0000000008000ce0        0xa ./Core/Src/main.o
                0x0000000008000ce0                Error_Handler
 *fill*         0x0000000008000cea        0x2 
 .text.HAL_MspInit
                0x0000000008000cec       0x70 ./Core/Src/stm32f1xx_hal_msp.o
                0x0000000008000cec                HAL_MspInit
 .text.HAL_SPI_MspInit
                0x0000000008000d5c       0x94 ./Core/Src/stm32f1xx_hal_msp.o
                0x0000000008000d5c                HAL_SPI_MspInit
 .text.HAL_TIM_Base_MspInit
                0x0000000008000df0       0x4c ./Core/Src/stm32f1xx_hal_msp.o
                0x0000000008000df0                HAL_TIM_Base_MspInit
 .text.HAL_UART_MspInit
                0x0000000008000e3c       0xec ./Core/Src/stm32f1xx_hal_msp.o
                0x0000000008000e3c                HAL_UART_MspInit
 .text.HAL_InitTick
                0x0000000008000f28       0xfc ./Core/Src/stm32f1xx_hal_timebase_tim.o
                0x0000000008000f28                HAL_InitTick
 .text.NMI_Handler
                0x0000000008001024        0x6 ./Core/Src/stm32f1xx_it.o
                0x0000000008001024                NMI_Handler
 .text.HardFault_Handler
                0x000000000800102a        0x6 ./Core/Src/stm32f1xx_it.o
                0x000000000800102a                HardFault_Handler
 .text.MemManage_Handler
                0x0000000008001030        0x6 ./Core/Src/stm32f1xx_it.o
                0x0000000008001030                MemManage_Handler
 .text.BusFault_Handler
                0x0000000008001036        0x6 ./Core/Src/stm32f1xx_it.o
                0x0000000008001036                BusFault_Handler
 .text.UsageFault_Handler
                0x000000000800103c        0x6 ./Core/Src/stm32f1xx_it.o
                0x000000000800103c                UsageFault_Handler
 .text.DebugMon_Handler
                0x0000000008001042        0xc ./Core/Src/stm32f1xx_it.o
                0x0000000008001042                DebugMon_Handler
 .text.EXTI2_IRQHandler
                0x000000000800104e        0xe ./Core/Src/stm32f1xx_it.o
                0x000000000800104e                EXTI2_IRQHandler
 .text.DMA1_Channel5_IRQHandler
                0x000000000800105c       0x14 ./Core/Src/stm32f1xx_it.o
                0x000000000800105c                DMA1_Channel5_IRQHandler
 .text.TIM3_IRQHandler
                0x0000000008001070       0x20 ./Core/Src/stm32f1xx_it.o
                0x0000000008001070                TIM3_IRQHandler
 .text.TIM4_IRQHandler
                0x0000000008001090       0x14 ./Core/Src/stm32f1xx_it.o
                0x0000000008001090                TIM4_IRQHandler
 .text.SystemInit
                0x00000000080010a4        0xc ./Core/Src/system_stm32f1xx.o
                0x00000000080010a4                SystemInit
 .text.Reset_Handler
                0x00000000080010b0       0x48 ./Core/Startup/startup_stm32f103c8tx.o
                0x00000000080010b0                Reset_Handler
 .text.Default_Handler
                0x00000000080010f8        0x2 ./Core/Startup/startup_stm32f103c8tx.o
                0x00000000080010f8                RTC_Alarm_IRQHandler
                0x00000000080010f8                TIM1_CC_IRQHandler
                0x00000000080010f8                PVD_IRQHandler
                0x00000000080010f8                EXTI3_IRQHandler
                0x00000000080010f8                EXTI0_IRQHandler
                0x00000000080010f8                I2C2_EV_IRQHandler
                0x00000000080010f8                ADC1_2_IRQHandler
                0x00000000080010f8                SPI1_IRQHandler
                0x00000000080010f8                TAMPER_IRQHandler
                0x00000000080010f8                DMA1_Channel4_IRQHandler
                0x00000000080010f8                USART3_IRQHandler
                0x00000000080010f8                RTC_IRQHandler
                0x00000000080010f8                DMA1_Channel7_IRQHandler
                0x00000000080010f8                CAN1_RX1_IRQHandler
                0x00000000080010f8                I2C1_EV_IRQHandler
                0x00000000080010f8                DMA1_Channel6_IRQHandler
                0x00000000080010f8                RCC_IRQHandler
                0x00000000080010f8                TIM1_TRG_COM_IRQHandler
                0x00000000080010f8                DMA1_Channel1_IRQHandler
                0x00000000080010f8                Default_Handler
                0x00000000080010f8                EXTI15_10_IRQHandler
                0x00000000080010f8                EXTI9_5_IRQHandler
                0x00000000080010f8                SPI2_IRQHandler
                0x00000000080010f8                EXTI4_IRQHandler
                0x00000000080010f8                USB_LP_CAN1_RX0_IRQHandler
                0x00000000080010f8                USB_HP_CAN1_TX_IRQHandler
                0x00000000080010f8                DMA1_Channel3_IRQHandler
                0x00000000080010f8                TIM1_UP_IRQHandler
                0x00000000080010f8                WWDG_IRQHandler
                0x00000000080010f8                TIM2_IRQHandler
                0x00000000080010f8                TIM1_BRK_IRQHandler
                0x00000000080010f8                EXTI1_IRQHandler
                0x00000000080010f8                USART2_IRQHandler
                0x00000000080010f8                I2C2_ER_IRQHandler
                0x00000000080010f8                DMA1_Channel2_IRQHandler
                0x00000000080010f8                CAN1_SCE_IRQHandler
                0x00000000080010f8                FLASH_IRQHandler
                0x00000000080010f8                USART1_IRQHandler
                0x00000000080010f8                I2C1_ER_IRQHandler
                0x00000000080010f8                USBWakeUp_IRQHandler
 *fill*         0x00000000080010fa        0x2 
 .text.NRF24_DelayMicroSeconds
                0x00000000080010fc       0x40 ./Drivers/ECUAL/NRF24/NRF.o
                0x00000000080010fc                NRF24_DelayMicroSeconds
 .text.NRF24_csn
                0x000000000800113c       0x40 ./Drivers/ECUAL/NRF24/NRF.o
                0x000000000800113c                NRF24_csn
 .text.NRF24_ce
                0x000000000800117c       0x40 ./Drivers/ECUAL/NRF24/NRF.o
                0x000000000800117c                NRF24_ce
 .text.NRF24_read_register
                0x00000000080011bc       0x50 ./Drivers/ECUAL/NRF24/NRF.o
                0x00000000080011bc                NRF24_read_register
 .text.NRF24_read_registerN
                0x000000000800120c       0x50 ./Drivers/ECUAL/NRF24/NRF.o
                0x000000000800120c                NRF24_read_registerN
 .text.NRF24_write_register
                0x000000000800125c       0x44 ./Drivers/ECUAL/NRF24/NRF.o
                0x000000000800125c                NRF24_write_register
 .text.NRF24_write_registerN
                0x00000000080012a0       0x50 ./Drivers/ECUAL/NRF24/NRF.o
                0x00000000080012a0                NRF24_write_registerN
 .text.NRF24_write_payload
                0x00000000080012f0       0x44 ./Drivers/ECUAL/NRF24/NRF.o
                0x00000000080012f0                NRF24_write_payload
 .text.NRF24_read_payload
                0x0000000008001334       0x60 ./Drivers/ECUAL/NRF24/NRF.o
                0x0000000008001334                NRF24_read_payload
 .text.NRF24_flush_tx
                0x0000000008001394       0x10 ./Drivers/ECUAL/NRF24/NRF.o
                0x0000000008001394                NRF24_flush_tx
 .text.NRF24_flush_rx
                0x00000000080013a4       0x10 ./Drivers/ECUAL/NRF24/NRF.o
                0x00000000080013a4                NRF24_flush_rx
 .text.NRF24_get_status
                0x00000000080013b4       0x1a ./Drivers/ECUAL/NRF24/NRF.o
                0x00000000080013b4                NRF24_get_status
 *fill*         0x00000000080013ce        0x2 
 .text.NRF24_begin
                0x00000000080013d0      0x1b8 ./Drivers/ECUAL/NRF24/NRF.o
                0x00000000080013d0                NRF24_begin
 .text.NRF24_startListening
                0x0000000008001588       0x4c ./Drivers/ECUAL/NRF24/NRF.o
                0x0000000008001588                NRF24_startListening
 .text.NRF24_stopListening
                0x00000000080015d4       0x16 ./Drivers/ECUAL/NRF24/NRF.o
                0x00000000080015d4                NRF24_stopListening
 *fill*         0x00000000080015ea        0x2 
 .text.NRF24_write
                0x00000000080015ec       0x98 ./Drivers/ECUAL/NRF24/NRF.o
                0x00000000080015ec                NRF24_write
 .text.NRF24_available
                0x0000000008001684       0x10 ./Drivers/ECUAL/NRF24/NRF.o
                0x0000000008001684                NRF24_available
 .text.NRF24_read
                0x0000000008001694       0x40 ./Drivers/ECUAL/NRF24/NRF.o
                0x0000000008001694                NRF24_read
 .text.NRF24_openWritingPipe
                0x00000000080016d4       0x48 ./Drivers/ECUAL/NRF24/NRF.o
                0x00000000080016d4                NRF24_openWritingPipe
 .text.NRF24_openReadingPipe
                0x000000000800171c       0x9c ./Drivers/ECUAL/NRF24/NRF.o
                0x000000000800171c                NRF24_openReadingPipe
 .text.NRF24_setRetries
                0x00000000080017b8       0x36 ./Drivers/ECUAL/NRF24/NRF.o
                0x00000000080017b8                NRF24_setRetries
 .text.NRF24_setChannel
                0x00000000080017ee       0x2a ./Drivers/ECUAL/NRF24/NRF.o
                0x00000000080017ee                NRF24_setChannel
 .text.NRF24_setPayloadSize
                0x0000000008001818       0x2c ./Drivers/ECUAL/NRF24/NRF.o
                0x0000000008001818                NRF24_setPayloadSize
 .text.NRF24_getPayloadSize
                0x0000000008001844       0x14 ./Drivers/ECUAL/NRF24/NRF.o
                0x0000000008001844                NRF24_getPayloadSize
 .text.NRF24_getDynamicPayloadSize
                0x0000000008001858       0x10 ./Drivers/ECUAL/NRF24/NRF.o
                0x0000000008001858                NRF24_getDynamicPayloadSize
 .text.NRF24_enableAckPayload
                0x0000000008001868       0x5a ./Drivers/ECUAL/NRF24/NRF.o
                0x0000000008001868                NRF24_enableAckPayload
 *fill*         0x00000000080018c2        0x2 
 .text.NRF24_enableDynamicPayloads
                0x00000000080018c4       0x64 ./Drivers/ECUAL/NRF24/NRF.o
                0x00000000080018c4                NRF24_enableDynamicPayloads
 .text.NRF24_disableDynamicPayloads
                0x0000000008001928       0x30 ./Drivers/ECUAL/NRF24/NRF.o
                0x0000000008001928                NRF24_disableDynamicPayloads
 .text.NRF24_setAutoAck
                0x0000000008001958       0x2a ./Drivers/ECUAL/NRF24/NRF.o
                0x0000000008001958                NRF24_setAutoAck
 .text.NRF24_setPALevel
                0x0000000008001982       0x72 ./Drivers/ECUAL/NRF24/NRF.o
                0x0000000008001982                NRF24_setPALevel
 .text.NRF24_setDataRate
                0x00000000080019f4       0x8c ./Drivers/ECUAL/NRF24/NRF.o
                0x00000000080019f4                NRF24_setDataRate
 .text.NRF24_setCRCLength
                0x0000000008001a80       0x50 ./Drivers/ECUAL/NRF24/NRF.o
                0x0000000008001a80                NRF24_setCRCLength
 .text.NRF24_ActivateRXInterrupt
                0x0000000008001ad0       0x2a ./Drivers/ECUAL/NRF24/NRF.o
                0x0000000008001ad0                NRF24_ActivateRXInterrupt
 .text.NRF24_powerDown
                0x0000000008001afa       0x1e ./Drivers/ECUAL/NRF24/NRF.o
                0x0000000008001afa                NRF24_powerDown
 .text.NRF24_availablePipe
                0x0000000008001b18       0x60 ./Drivers/ECUAL/NRF24/NRF.o
                0x0000000008001b18                NRF24_availablePipe
 .text.NRF24_startWrite
                0x0000000008001b78       0x5e ./Drivers/ECUAL/NRF24/NRF.o
                0x0000000008001b78                NRF24_startWrite
 .text.NRF24_writeAckPayload
                0x0000000008001bd6       0x54 ./Drivers/ECUAL/NRF24/NRF.o
                0x0000000008001bd6                NRF24_writeAckPayload
 .text.NRF24_whatHappened
                0x0000000008001c2a       0x66 ./Drivers/ECUAL/NRF24/NRF.o
                0x0000000008001c2a                NRF24_whatHappened
 .text.NRF24_resetStatus
                0x0000000008001c90       0x10 ./Drivers/ECUAL/NRF24/NRF.o
                0x0000000008001c90                NRF24_resetStatus
 .text.NRF24_ACTIVATE_cmd
                0x0000000008001ca0       0x34 ./Drivers/ECUAL/NRF24/NRF.o
                0x0000000008001ca0                NRF24_ACTIVATE_cmd
 .text.HAL_Init
                0x0000000008001cd4       0x2c ./Drivers/STM32F1xx_HAL_Driver/Src/stm32f1xx_hal.o
                0x0000000008001cd4                HAL_Init
 .text.HAL_IncTick
                0x0000000008001d00       0x24 ./Drivers/STM32F1xx_HAL_Driver/Src/stm32f1xx_hal.o
                0x0000000008001d00                HAL_IncTick
 .text.HAL_GetTick
                0x0000000008001d24       0x14 ./Drivers/STM32F1xx_HAL_Driver/Src/stm32f1xx_hal.o
                0x0000000008001d24                HAL_GetTick
 .text.HAL_Delay
                0x0000000008001d38       0x48 ./Drivers/STM32F1xx_HAL_Driver/Src/stm32f1xx_hal.o
                0x0000000008001d38                HAL_Delay
 .text.__NVIC_SetPriorityGrouping
                0x0000000008001d80       0x48 ./Drivers/STM32F1xx_HAL_Driver/Src/stm32f1xx_hal_cortex.o
 .text.__NVIC_GetPriorityGrouping
                0x0000000008001dc8       0x1c ./Drivers/STM32F1xx_HAL_Driver/Src/stm32f1xx_hal_cortex.o
 .text.__NVIC_EnableIRQ
                0x0000000008001de4       0x38 ./Drivers/STM32F1xx_HAL_Driver/Src/stm32f1xx_hal_cortex.o
 .text.__NVIC_SetPriority
                0x0000000008001e1c       0x54 ./Drivers/STM32F1xx_HAL_Driver/Src/stm32f1xx_hal_cortex.o
 .text.NVIC_EncodePriority
                0x0000000008001e70       0x64 ./Drivers/STM32F1xx_HAL_Driver/Src/stm32f1xx_hal_cortex.o
 .text.HAL_NVIC_SetPriorityGrouping
                0x0000000008001ed4       0x16 ./Drivers/STM32F1xx_HAL_Driver/Src/stm32f1xx_hal_cortex.o
                0x0000000008001ed4                HAL_NVIC_SetPriorityGrouping
 .text.HAL_NVIC_SetPriority
                0x0000000008001eea       0x38 ./Drivers/STM32F1xx_HAL_Driver/Src/stm32f1xx_hal_cortex.o
                0x0000000008001eea                HAL_NVIC_SetPriority
 .text.HAL_NVIC_EnableIRQ
                0x0000000008001f22       0x1c ./Drivers/STM32F1xx_HAL_Driver/Src/stm32f1xx_hal_cortex.o
                0x0000000008001f22                HAL_NVIC_EnableIRQ
 *fill*         0x0000000008001f3e        0x2 
 .text.HAL_DMA_Init
                0x0000000008001f40       0xb4 ./Drivers/STM32F1xx_HAL_Driver/Src/stm32f1xx_hal_dma.o
                0x0000000008001f40                HAL_DMA_Init
 .text.HAL_DMA_Start_IT
                0x0000000008001ff4       0xc0 ./Drivers/STM32F1xx_HAL_Driver/Src/stm32f1xx_hal_dma.o
                0x0000000008001ff4                HAL_DMA_Start_IT
 .text.HAL_DMA_IRQHandler
                0x00000000080020b4      0x20c ./Drivers/STM32F1xx_HAL_Driver/Src/stm32f1xx_hal_dma.o
                0x00000000080020b4                HAL_DMA_IRQHandler
 .text.DMA_SetConfig
                0x00000000080022c0       0x5a ./Drivers/STM32F1xx_HAL_Driver/Src/stm32f1xx_hal_dma.o
 *fill*         0x000000000800231a        0x2 
 .text.HAL_GPIO_Init
                0x000000000800231c      0x308 ./Drivers/STM32F1xx_HAL_Driver/Src/stm32f1xx_hal_gpio.o
                0x000000000800231c                HAL_GPIO_Init
 .text.HAL_GPIO_WritePin
                0x0000000008002624       0x30 ./Drivers/STM32F1xx_HAL_Driver/Src/stm32f1xx_hal_gpio.o
                0x0000000008002624                HAL_GPIO_WritePin
 .text.HAL_GPIO_EXTI_IRQHandler
                0x0000000008002654       0x30 ./Drivers/STM32F1xx_HAL_Driver/Src/stm32f1xx_hal_gpio.o
                0x0000000008002654                HAL_GPIO_EXTI_IRQHandler
 .text.HAL_RCC_OscConfig
                0x0000000008002684      0x504 ./Drivers/STM32F1xx_HAL_Driver/Src/stm32f1xx_hal_rcc.o
                0x0000000008002684                HAL_RCC_OscConfig
 .text.HAL_RCC_ClockConfig
                0x0000000008002b88      0x1d4 ./Drivers/STM32F1xx_HAL_Driver/Src/stm32f1xx_hal_rcc.o
                0x0000000008002b88                HAL_RCC_ClockConfig
 .text.HAL_RCC_GetSysClockFreq
                0x0000000008002d5c       0xa8 ./Drivers/STM32F1xx_HAL_Driver/Src/stm32f1xx_hal_rcc.o
                0x0000000008002d5c                HAL_RCC_GetSysClockFreq
 .text.HAL_RCC_GetHCLKFreq
                0x0000000008002e04       0x14 ./Drivers/STM32F1xx_HAL_Driver/Src/stm32f1xx_hal_rcc.o
                0x0000000008002e04                HAL_RCC_GetHCLKFreq
 .text.HAL_RCC_GetPCLK1Freq
                0x0000000008002e18       0x28 ./Drivers/STM32F1xx_HAL_Driver/Src/stm32f1xx_hal_rcc.o
                0x0000000008002e18                HAL_RCC_GetPCLK1Freq
 .text.HAL_RCC_GetPCLK2Freq
                0x0000000008002e40       0x28 ./Drivers/STM32F1xx_HAL_Driver/Src/stm32f1xx_hal_rcc.o
                0x0000000008002e40                HAL_RCC_GetPCLK2Freq
 .text.HAL_RCC_GetClockConfig
                0x0000000008002e68       0x60 ./Drivers/STM32F1xx_HAL_Driver/Src/stm32f1xx_hal_rcc.o
                0x0000000008002e68                HAL_RCC_GetClockConfig
 .text.RCC_Delay
                0x0000000008002ec8       0x3c ./Drivers/STM32F1xx_HAL_Driver/Src/stm32f1xx_hal_rcc.o
 .text.HAL_SPI_Init
                0x0000000008002f04      0x108 ./Drivers/STM32F1xx_HAL_Driver/Src/stm32f1xx_hal_spi.o
                0x0000000008002f04                HAL_SPI_Init
 .text.HAL_SPI_Transmit
                0x000000000800300c      0x286 ./Drivers/STM32F1xx_HAL_Driver/Src/stm32f1xx_hal_spi.o
                0x000000000800300c                HAL_SPI_Transmit
 .text.HAL_SPI_Receive
                0x0000000008003292      0x230 ./Drivers/STM32F1xx_HAL_Driver/Src/stm32f1xx_hal_spi.o
                0x0000000008003292                HAL_SPI_Receive
 .text.HAL_SPI_TransmitReceive
                0x00000000080034c2      0x360 ./Drivers/STM32F1xx_HAL_Driver/Src/stm32f1xx_hal_spi.o
                0x00000000080034c2                HAL_SPI_TransmitReceive
 *fill*         0x0000000008003822        0x2 
 .text.SPI_WaitFlagStateUntilTimeout
                0x0000000008003824      0x110 ./Drivers/STM32F1xx_HAL_Driver/Src/stm32f1xx_hal_spi.o
 .text.SPI_EndRxTransaction
                0x0000000008003934       0xa4 ./Drivers/STM32F1xx_HAL_Driver/Src/stm32f1xx_hal_spi.o
 .text.SPI_EndRxTxTransaction
                0x00000000080039d8       0x3c ./Drivers/STM32F1xx_HAL_Driver/Src/stm32f1xx_hal_spi.o
 .text.HAL_TIM_Base_Init
                0x0000000008003a14       0x9e ./Drivers/STM32F1xx_HAL_Driver/Src/stm32f1xx_hal_tim.o
                0x0000000008003a14                HAL_TIM_Base_Init
 *fill*         0x0000000008003ab2        0x2 
 .text.HAL_TIM_Base_Start_IT
                0x0000000008003ab4       0xa4 ./Drivers/STM32F1xx_HAL_Driver/Src/stm32f1xx_hal_tim.o
                0x0000000008003ab4                HAL_TIM_Base_Start_IT
 .text.HAL_TIM_IRQHandler
                0x0000000008003b58      0x210 ./Drivers/STM32F1xx_HAL_Driver/Src/stm32f1xx_hal_tim.o
                0x0000000008003b58                HAL_TIM_IRQHandler
 .text.HAL_TIM_SlaveConfigSynchro
                0x0000000008003d68       0x84 ./Drivers/STM32F1xx_HAL_Driver/Src/stm32f1xx_hal_tim.o
                0x0000000008003d68                HAL_TIM_SlaveConfigSynchro
 .text.HAL_TIM_OC_DelayElapsedCallback
                0x0000000008003dec       0x12 ./Drivers/STM32F1xx_HAL_Driver/Src/stm32f1xx_hal_tim.o
                0x0000000008003dec                HAL_TIM_OC_DelayElapsedCallback
 .text.HAL_TIM_IC_CaptureCallback
                0x0000000008003dfe       0x12 ./Drivers/STM32F1xx_HAL_Driver/Src/stm32f1xx_hal_tim.o
                0x0000000008003dfe                HAL_TIM_IC_CaptureCallback
 .text.HAL_TIM_PWM_PulseFinishedCallback
                0x0000000008003e10       0x12 ./Drivers/STM32F1xx_HAL_Driver/Src/stm32f1xx_hal_tim.o
                0x0000000008003e10                HAL_TIM_PWM_PulseFinishedCallback
 .text.HAL_TIM_TriggerCallback
                0x0000000008003e22       0x12 ./Drivers/STM32F1xx_HAL_Driver/Src/stm32f1xx_hal_tim.o
                0x0000000008003e22                HAL_TIM_TriggerCallback
 .text.TIM_Base_SetConfig
                0x0000000008003e34       0xc4 ./Drivers/STM32F1xx_HAL_Driver/Src/stm32f1xx_hal_tim.o
                0x0000000008003e34                TIM_Base_SetConfig
 .text.TIM_SlaveTimer_SetConfig
                0x0000000008003ef8      0x122 ./Drivers/STM32F1xx_HAL_Driver/Src/stm32f1xx_hal_tim.o
 .text.TIM_TI1_ConfigInputStage
                0x000000000800401a       0x5c ./Drivers/STM32F1xx_HAL_Driver/Src/stm32f1xx_hal_tim.o
 .text.TIM_TI2_ConfigInputStage
                0x0000000008004076       0x5e ./Drivers/STM32F1xx_HAL_Driver/Src/stm32f1xx_hal_tim.o
 .text.TIM_ETR_SetConfig
                0x00000000080040d4       0x3e ./Drivers/STM32F1xx_HAL_Driver/Src/stm32f1xx_hal_tim.o
                0x00000000080040d4                TIM_ETR_SetConfig
 *fill*         0x0000000008004112        0x2 
 .text.HAL_TIMEx_MasterConfigSynchronization
                0x0000000008004114       0xbc ./Drivers/STM32F1xx_HAL_Driver/Src/stm32f1xx_hal_tim_ex.o
                0x0000000008004114                HAL_TIMEx_MasterConfigSynchronization
 .text.HAL_TIMEx_CommutCallback
                0x00000000080041d0       0x12 ./Drivers/STM32F1xx_HAL_Driver/Src/stm32f1xx_hal_tim_ex.o
                0x00000000080041d0                HAL_TIMEx_CommutCallback
 .text.HAL_TIMEx_BreakCallback
                0x00000000080041e2       0x12 ./Drivers/STM32F1xx_HAL_Driver/Src/stm32f1xx_hal_tim_ex.o
                0x00000000080041e2                HAL_TIMEx_BreakCallback
 .text.HAL_UART_Init
                0x00000000080041f4       0xa0 ./Drivers/STM32F1xx_HAL_Driver/Src/stm32f1xx_hal_uart.o
                0x00000000080041f4                HAL_UART_Init
 .text.HAL_UART_Receive_DMA
                0x0000000008004294       0x4a ./Drivers/STM32F1xx_HAL_Driver/Src/stm32f1xx_hal_uart.o
                0x0000000008004294                HAL_UART_Receive_DMA
 .text.HAL_UART_RxHalfCpltCallback
                0x00000000080042de       0x12 ./Drivers/STM32F1xx_HAL_Driver/Src/stm32f1xx_hal_uart.o
                0x00000000080042de                HAL_UART_RxHalfCpltCallback
 .text.HAL_UART_ErrorCallback
                0x00000000080042f0       0x12 ./Drivers/STM32F1xx_HAL_Driver/Src/stm32f1xx_hal_uart.o
                0x00000000080042f0                HAL_UART_ErrorCallback
 .text.HAL_UARTEx_RxEventCallback
                0x0000000008004302       0x16 ./Drivers/STM32F1xx_HAL_Driver/Src/stm32f1xx_hal_uart.o
                0x0000000008004302                HAL_UARTEx_RxEventCallback
 .text.UART_DMAReceiveCplt
                0x0000000008004318      0x12c ./Drivers/STM32F1xx_HAL_Driver/Src/stm32f1xx_hal_uart.o
 .text.UART_DMARxHalfCplt
                0x0000000008004444       0x3c ./Drivers/STM32F1xx_HAL_Driver/Src/stm32f1xx_hal_uart.o
 .text.UART_DMAError
                0x0000000008004480       0x94 ./Drivers/STM32F1xx_HAL_Driver/Src/stm32f1xx_hal_uart.o
 .text.UART_Start_Receive_DMA
                0x0000000008004514      0x134 ./Drivers/STM32F1xx_HAL_Driver/Src/stm32f1xx_hal_uart.o
                0x0000000008004514                UART_Start_Receive_DMA
 .text.UART_EndTxTransfer
                0x0000000008004648       0x4e ./Drivers/STM32F1xx_HAL_Driver/Src/stm32f1xx_hal_uart.o
 .text.UART_EndRxTransfer
                0x0000000008004696       0xc4 ./Drivers/STM32F1xx_HAL_Driver/Src/stm32f1xx_hal_uart.o
 *fill*         0x000000000800475a        0x2 
 .text.UART_SetConfig
                0x000000000800475c      0x11c ./Drivers/STM32F1xx_HAL_Driver/Src/stm32f1xx_hal_uart.o
 .text.osKernelInitialize
                0x0000000008004878       0x64 ./Middlewares/Third_Party/FreeRTOS/Source/CMSIS_RTOS_V2/cmsis_os2.o
                0x0000000008004878                osKernelInitialize
 .text.osKernelStart
                0x00000000080048dc       0x68 ./Middlewares/Third_Party/FreeRTOS/Source/CMSIS_RTOS_V2/cmsis_os2.o
                0x00000000080048dc                osKernelStart
 .text.osThreadNew
                0x0000000008004944      0x154 ./Middlewares/Third_Party/FreeRTOS/Source/CMSIS_RTOS_V2/cmsis_os2.o
                0x0000000008004944                osThreadNew
 .text.osThreadTerminate
                0x0000000008004a98       0x80 ./Middlewares/Third_Party/FreeRTOS/Source/CMSIS_RTOS_V2/cmsis_os2.o
                0x0000000008004a98                osThreadTerminate
 .text.osDelay  0x0000000008004b18       0x5c ./Middlewares/Third_Party/FreeRTOS/Source/CMSIS_RTOS_V2/cmsis_os2.o
                0x0000000008004b18                osDelay
 .text.osEventFlagsNew
                0x0000000008004b74       0xa4 ./Middlewares/Third_Party/FreeRTOS/Source/CMSIS_RTOS_V2/cmsis_os2.o
                0x0000000008004b74                osEventFlagsNew
 .text.osEventFlagsSet
                0x0000000008004c18       0xb0 ./Middlewares/Third_Party/FreeRTOS/Source/CMSIS_RTOS_V2/cmsis_os2.o
                0x0000000008004c18                osEventFlagsSet
 .text.osEventFlagsWait
                0x0000000008004cc8       0xec ./Middlewares/Third_Party/FreeRTOS/Source/CMSIS_RTOS_V2/cmsis_os2.o
                0x0000000008004cc8                osEventFlagsWait
 .text.osMutexNew
                0x0000000008004db4      0x134 ./Middlewares/Third_Party/FreeRTOS/Source/CMSIS_RTOS_V2/cmsis_os2.o
                0x0000000008004db4                osMutexNew
 .text.osMutexAcquire
                0x0000000008004ee8       0xbc ./Middlewares/Third_Party/FreeRTOS/Source/CMSIS_RTOS_V2/cmsis_os2.o
                0x0000000008004ee8                osMutexAcquire
 .text.osMutexRelease
                0x0000000008004fa4       0xa0 ./Middlewares/Third_Party/FreeRTOS/Source/CMSIS_RTOS_V2/cmsis_os2.o
                0x0000000008004fa4                osMutexRelease
 .text.vApplicationGetIdleTaskMemory
                0x0000000008005044       0x30 ./Middlewares/Third_Party/FreeRTOS/Source/CMSIS_RTOS_V2/cmsis_os2.o
                0x0000000008005044                vApplicationGetIdleTaskMemory
 .text.vApplicationGetTimerTaskMemory
                0x0000000008005074       0x34 ./Middlewares/Third_Party/FreeRTOS/Source/CMSIS_RTOS_V2/cmsis_os2.o
                0x0000000008005074                vApplicationGetTimerTaskMemory
 .text.xEventGroupCreateStatic
                0x00000000080050a8       0x6e ./Middlewares/Third_Party/FreeRTOS/Source/event_groups.o
                0x00000000080050a8                xEventGroupCreateStatic
 .text.xEventGroupCreate
                0x0000000008005116       0x34 ./Middlewares/Third_Party/FreeRTOS/Source/event_groups.o
                0x0000000008005116                xEventGroupCreate
 *fill*         0x000000000800514a        0x2 
 .text.xEventGroupWaitBits
                0x000000000800514c      0x19c ./Middlewares/Third_Party/FreeRTOS/Source/event_groups.o
                0x000000000800514c                xEventGroupWaitBits
 .text.xEventGroupSetBits
                0x00000000080052e8      0x116 ./Middlewares/Third_Party/FreeRTOS/Source/event_groups.o
                0x00000000080052e8                xEventGroupSetBits
 .text.vEventGroupSetBitsCallback
                0x00000000080053fe       0x1a ./Middlewares/Third_Party/FreeRTOS/Source/event_groups.o
                0x00000000080053fe                vEventGroupSetBitsCallback
 .text.prvTestWaitCondition
                0x0000000008005418       0x42 ./Middlewares/Third_Party/FreeRTOS/Source/event_groups.o
 *fill*         0x000000000800545a        0x2 
 .text.xEventGroupSetBitsFromISR
                0x000000000800545c       0x28 ./Middlewares/Third_Party/FreeRTOS/Source/event_groups.o
                0x000000000800545c                xEventGroupSetBitsFromISR
 .text.vListInitialise
                0x0000000008005484       0x3e ./Middlewares/Third_Party/FreeRTOS/Source/list.o
                0x0000000008005484                vListInitialise
 .text.vListInitialiseItem
                0x00000000080054c2       0x18 ./Middlewares/Third_Party/FreeRTOS/Source/list.o
                0x00000000080054c2                vListInitialiseItem
 .text.vListInsertEnd
                0x00000000080054da       0x46 ./Middlewares/Third_Party/FreeRTOS/Source/list.o
                0x00000000080054da                vListInsertEnd
 .text.vListInsert
                0x0000000008005520       0x70 ./Middlewares/Third_Party/FreeRTOS/Source/list.o
                0x0000000008005520                vListInsert
 .text.uxListRemove
                0x0000000008005590       0x52 ./Middlewares/Third_Party/FreeRTOS/Source/list.o
                0x0000000008005590                uxListRemove
 *fill*         0x00000000080055e2        0x2 
 .text.xQueueGenericReset
                0x00000000080055e4       0xd0 ./Middlewares/Third_Party/FreeRTOS/Source/queue.o
                0x00000000080055e4                xQueueGenericReset
 .text.xQueueGenericCreateStatic
                0x00000000080056b4       0xee ./Middlewares/Third_Party/FreeRTOS/Source/queue.o
                0x00000000080056b4                xQueueGenericCreateStatic
 .text.xQueueGenericCreate
                0x00000000080057a2       0x7c ./Middlewares/Third_Party/FreeRTOS/Source/queue.o
                0x00000000080057a2                xQueueGenericCreate
 .text.prvInitialiseNewQueue
                0x000000000800581e       0x46 ./Middlewares/Third_Party/FreeRTOS/Source/queue.o
 .text.prvInitialiseMutex
                0x0000000008005864       0x34 ./Middlewares/Third_Party/FreeRTOS/Source/queue.o
 .text.xQueueCreateMutex
                0x0000000008005898       0x30 ./Middlewares/Third_Party/FreeRTOS/Source/queue.o
                0x0000000008005898                xQueueCreateMutex
 .text.xQueueCreateMutexStatic
                0x00000000080058c8       0x36 ./Middlewares/Third_Party/FreeRTOS/Source/queue.o
                0x00000000080058c8                xQueueCreateMutexStatic
 .text.xQueueGiveMutexRecursive
                0x00000000080058fe       0x68 ./Middlewares/Third_Party/FreeRTOS/Source/queue.o
                0x00000000080058fe                xQueueGiveMutexRecursive
 .text.xQueueTakeMutexRecursive
                0x0000000008005966       0x6c ./Middlewares/Third_Party/FreeRTOS/Source/queue.o
                0x0000000008005966                xQueueTakeMutexRecursive
 *fill*         0x00000000080059d2        0x2 
 .text.xQueueGenericSend
                0x00000000080059d4      0x1fc ./Middlewares/Third_Party/FreeRTOS/Source/queue.o
                0x00000000080059d4                xQueueGenericSend
 .text.xQueueGenericSendFromISR
                0x0000000008005bd0      0x130 ./Middlewares/Third_Party/FreeRTOS/Source/queue.o
                0x0000000008005bd0                xQueueGenericSendFromISR
 .text.xQueueReceive
                0x0000000008005d00      0x1c0 ./Middlewares/Third_Party/FreeRTOS/Source/queue.o
                0x0000000008005d00                xQueueReceive
 .text.xQueueSemaphoreTake
                0x0000000008005ec0      0x218 ./Middlewares/Third_Party/FreeRTOS/Source/queue.o
                0x0000000008005ec0                xQueueSemaphoreTake
 .text.prvGetDisinheritPriorityAfterTimeout
                0x00000000080060d8       0x2e ./Middlewares/Third_Party/FreeRTOS/Source/queue.o
 .text.prvCopyDataToQueue
                0x0000000008006106       0xd4 ./Middlewares/Third_Party/FreeRTOS/Source/queue.o
 .text.prvCopyDataFromQueue
                0x00000000080061da       0x4c ./Middlewares/Third_Party/FreeRTOS/Source/queue.o
 .text.prvUnlockQueue
                0x0000000008006226       0xa4 ./Middlewares/Third_Party/FreeRTOS/Source/queue.o
 .text.prvIsQueueEmpty
                0x00000000080062ca       0x2c ./Middlewares/Third_Party/FreeRTOS/Source/queue.o
 .text.prvIsQueueFull
                0x00000000080062f6       0x30 ./Middlewares/Third_Party/FreeRTOS/Source/queue.o
 *fill*         0x0000000008006326        0x2 
 .text.vQueueAddToRegistry
                0x0000000008006328       0x50 ./Middlewares/Third_Party/FreeRTOS/Source/queue.o
                0x0000000008006328                vQueueAddToRegistry
 .text.vQueueWaitForMessageRestricted
                0x0000000008006378       0x68 ./Middlewares/Third_Party/FreeRTOS/Source/queue.o
                0x0000000008006378                vQueueWaitForMessageRestricted
 .text.xTaskCreateStatic
                0x00000000080063e0       0xb8 ./Middlewares/Third_Party/FreeRTOS/Source/tasks.o
                0x00000000080063e0                xTaskCreateStatic
 .text.xTaskCreate
                0x0000000008006498       0x8a ./Middlewares/Third_Party/FreeRTOS/Source/tasks.o
                0x0000000008006498                xTaskCreate
 .text.prvInitialiseNewTask
                0x0000000008006522      0x11a ./Middlewares/Third_Party/FreeRTOS/Source/tasks.o
 .text.prvAddNewTaskToReadyList
                0x000000000800663c       0xe0 ./Middlewares/Third_Party/FreeRTOS/Source/tasks.o
 .text.vTaskDelete
                0x000000000800671c       0xe4 ./Middlewares/Third_Party/FreeRTOS/Source/tasks.o
                0x000000000800671c                vTaskDelete
 .text.vTaskDelay
                0x0000000008006800       0x68 ./Middlewares/Third_Party/FreeRTOS/Source/tasks.o
                0x0000000008006800                vTaskDelay
 .text.eTaskGetState
                0x0000000008006868       0xb4 ./Middlewares/Third_Party/FreeRTOS/Source/tasks.o
                0x0000000008006868                eTaskGetState
 .text.vTaskStartScheduler
                0x000000000800691c       0xd0 ./Middlewares/Third_Party/FreeRTOS/Source/tasks.o
                0x000000000800691c                vTaskStartScheduler
 .text.vTaskSuspendAll
                0x00000000080069ec       0x1c ./Middlewares/Third_Party/FreeRTOS/Source/tasks.o
                0x00000000080069ec                vTaskSuspendAll
 .text.xTaskResumeAll
                0x0000000008006a08      0x13c ./Middlewares/Third_Party/FreeRTOS/Source/tasks.o
                0x0000000008006a08                xTaskResumeAll
 .text.xTaskGetTickCount
                0x0000000008006b44       0x1c ./Middlewares/Third_Party/FreeRTOS/Source/tasks.o
                0x0000000008006b44                xTaskGetTickCount
 .text.xTaskIncrementTick
                0x0000000008006b60      0x17c ./Middlewares/Third_Party/FreeRTOS/Source/tasks.o
                0x0000000008006b60                xTaskIncrementTick
 .text.vTaskSwitchContext
                0x0000000008006cdc       0xf0 ./Middlewares/Third_Party/FreeRTOS/Source/tasks.o
                0x0000000008006cdc                vTaskSwitchContext
 .text.vTaskPlaceOnEventList
                0x0000000008006dcc       0x48 ./Middlewares/Third_Party/FreeRTOS/Source/tasks.o
                0x0000000008006dcc                vTaskPlaceOnEventList
 .text.vTaskPlaceOnUnorderedEventList
                0x0000000008006e14       0x78 ./Middlewares/Third_Party/FreeRTOS/Source/tasks.o
                0x0000000008006e14                vTaskPlaceOnUnorderedEventList
 .text.vTaskPlaceOnEventListRestricted
                0x0000000008006e8c       0x58 ./Middlewares/Third_Party/FreeRTOS/Source/tasks.o
                0x0000000008006e8c                vTaskPlaceOnEventListRestricted
 .text.xTaskRemoveFromEventList
                0x0000000008006ee4       0xc8 ./Middlewares/Third_Party/FreeRTOS/Source/tasks.o
                0x0000000008006ee4                xTaskRemoveFromEventList
 .text.vTaskRemoveFromUnorderedEventList
                0x0000000008006fac       0xc4 ./Middlewares/Third_Party/FreeRTOS/Source/tasks.o
                0x0000000008006fac                vTaskRemoveFromUnorderedEventList
 .text.vTaskInternalSetTimeOutState
                0x0000000008007070       0x2c ./Middlewares/Third_Party/FreeRTOS/Source/tasks.o
                0x0000000008007070                vTaskInternalSetTimeOutState
 .text.xTaskCheckForTimeOut
                0x000000000800709c       0xc4 ./Middlewares/Third_Party/FreeRTOS/Source/tasks.o
                0x000000000800709c                xTaskCheckForTimeOut
 .text.vTaskMissedYield
                0x0000000008007160       0x18 ./Middlewares/Third_Party/FreeRTOS/Source/tasks.o
                0x0000000008007160                vTaskMissedYield
 .text.prvIdleTask
                0x0000000008007178       0x34 ./Middlewares/Third_Party/FreeRTOS/Source/tasks.o
 .text.prvInitialiseTaskLists
                0x00000000080071ac       0x80 ./Middlewares/Third_Party/FreeRTOS/Source/tasks.o
 .text.prvCheckTasksWaitingTermination
                0x000000000800722c       0x5c ./Middlewares/Third_Party/FreeRTOS/Source/tasks.o
 .text.prvDeleteTCB
                0x0000000008007288       0x5e ./Middlewares/Third_Party/FreeRTOS/Source/tasks.o
 *fill*         0x00000000080072e6        0x2 
 .text.prvResetNextTaskUnblockTime
                0x00000000080072e8       0x48 ./Middlewares/Third_Party/FreeRTOS/Source/tasks.o
 .text.xTaskGetCurrentTaskHandle
                0x0000000008007330       0x1c ./Middlewares/Third_Party/FreeRTOS/Source/tasks.o
                0x0000000008007330                xTaskGetCurrentTaskHandle
 .text.xTaskGetSchedulerState
                0x000000000800734c       0x3c ./Middlewares/Third_Party/FreeRTOS/Source/tasks.o
                0x000000000800734c                xTaskGetSchedulerState
 .text.xTaskPriorityInherit
                0x0000000008007388       0xdc ./Middlewares/Third_Party/FreeRTOS/Source/tasks.o
                0x0000000008007388                xTaskPriorityInherit
 .text.xTaskPriorityDisinherit
                0x0000000008007464       0xdc ./Middlewares/Third_Party/FreeRTOS/Source/tasks.o
                0x0000000008007464                xTaskPriorityDisinherit
 .text.vTaskPriorityDisinheritAfterTimeout
                0x0000000008007540      0x10c ./Middlewares/Third_Party/FreeRTOS/Source/tasks.o
                0x0000000008007540                vTaskPriorityDisinheritAfterTimeout
 .text.uxTaskResetEventItemValue
                0x000000000800764c       0x30 ./Middlewares/Third_Party/FreeRTOS/Source/tasks.o
                0x000000000800764c                uxTaskResetEventItemValue
 .text.pvTaskIncrementMutexHeldCount
                0x000000000800767c       0x28 ./Middlewares/Third_Party/FreeRTOS/Source/tasks.o
                0x000000000800767c                pvTaskIncrementMutexHeldCount
 .text.prvAddCurrentTaskToDelayedList
                0x00000000080076a4       0xa8 ./Middlewares/Third_Party/FreeRTOS/Source/tasks.o
 .text.xTimerCreateTimerTask
                0x000000000800774c       0x90 ./Middlewares/Third_Party/FreeRTOS/Source/timers.o
                0x000000000800774c                xTimerCreateTimerTask
 .text.xTimerGenericCommand
                0x00000000080077dc       0x9c ./Middlewares/Third_Party/FreeRTOS/Source/timers.o
                0x00000000080077dc                xTimerGenericCommand
 .text.prvProcessExpiredTimer
                0x0000000008007878       0x80 ./Middlewares/Third_Party/FreeRTOS/Source/timers.o
 .text.prvTimerTask
                0x00000000080078f8       0x24 ./Middlewares/Third_Party/FreeRTOS/Source/timers.o
 .text.prvProcessTimerOrBlockTask
                0x000000000800791c       0x9c ./Middlewares/Third_Party/FreeRTOS/Source/timers.o
 .text.prvGetNextExpireTime
                0x00000000080079b8       0x48 ./Middlewares/Third_Party/FreeRTOS/Source/timers.o
 .text.prvSampleTimeNow
                0x0000000008007a00       0x40 ./Middlewares/Third_Party/FreeRTOS/Source/timers.o
 .text.prvInsertTimerInActiveList
                0x0000000008007a40       0x84 ./Middlewares/Third_Party/FreeRTOS/Source/timers.o
 .text.prvProcessReceivedCommands
                0x0000000008007ac4      0x168 ./Middlewares/Third_Party/FreeRTOS/Source/timers.o
 .text.prvSwitchTimerLists
                0x0000000008007c2c       0xc4 ./Middlewares/Third_Party/FreeRTOS/Source/timers.o
 .text.prvCheckForValidListAndQueue
                0x0000000008007cf0       0x80 ./Middlewares/Third_Party/FreeRTOS/Source/timers.o
 .text.xTimerPendFunctionCallFromISR
                0x0000000008007d70       0x40 ./Middlewares/Third_Party/FreeRTOS/Source/timers.o
                0x0000000008007d70                xTimerPendFunctionCallFromISR
 .text.pxPortInitialiseStack
                0x0000000008007db0       0x58 ./Middlewares/Third_Party/FreeRTOS/Source/portable/GCC/ARM_CM3/port.o
                0x0000000008007db0                pxPortInitialiseStack
 .text.prvTaskExitError
                0x0000000008007e08       0x58 ./Middlewares/Third_Party/FreeRTOS/Source/portable/GCC/ARM_CM3/port.o
 .text.SVC_Handler
                0x0000000008007e60       0x28 ./Middlewares/Third_Party/FreeRTOS/Source/portable/GCC/ARM_CM3/port.o
                0x0000000008007e60                SVC_Handler
 .text.prvPortStartFirstTask
                0x0000000008007e88       0x20 ./Middlewares/Third_Party/FreeRTOS/Source/portable/GCC/ARM_CM3/port.o
 .text.xPortStartScheduler
                0x0000000008007ea8       0xe4 ./Middlewares/Third_Party/FreeRTOS/Source/portable/GCC/ARM_CM3/port.o
                0x0000000008007ea8                xPortStartScheduler
 .text.vPortEnterCritical
                0x0000000008007f8c       0x60 ./Middlewares/Third_Party/FreeRTOS/Source/portable/GCC/ARM_CM3/port.o
                0x0000000008007f8c                vPortEnterCritical
 .text.vPortExitCritical
                0x0000000008007fec       0x50 ./Middlewares/Third_Party/FreeRTOS/Source/portable/GCC/ARM_CM3/port.o
                0x0000000008007fec                vPortExitCritical
 *fill*         0x000000000800803c        0x4 
 .text.PendSV_Handler
                0x0000000008008040       0x48 ./Middlewares/Third_Party/FreeRTOS/Source/portable/GCC/ARM_CM3/port.o
                0x0000000008008040                PendSV_Handler
 .text.SysTick_Handler
                0x0000000008008088       0x44 ./Middlewares/Third_Party/FreeRTOS/Source/portable/GCC/ARM_CM3/port.o
                0x0000000008008088                SysTick_Handler
 .text.vPortSetupTimerInterrupt
                0x00000000080080cc       0x44 ./Middlewares/Third_Party/FreeRTOS/Source/portable/GCC/ARM_CM3/port.o
                0x00000000080080cc                vPortSetupTimerInterrupt
 .text.vPortValidateInterruptPriority
                0x0000000008008110       0x7c ./Middlewares/Third_Party/FreeRTOS/Source/portable/GCC/ARM_CM3/port.o
                0x0000000008008110                vPortValidateInterruptPriority
 .text.pvPortMalloc
                0x000000000800818c      0x188 ./Middlewares/Third_Party/FreeRTOS/Source/portable/MemMang/heap_4.o
                0x000000000800818c                pvPortMalloc
 .text.vPortFree
                0x0000000008008314       0xb4 ./Middlewares/Third_Party/FreeRTOS/Source/portable/MemMang/heap_4.o
                0x0000000008008314                vPortFree
 .text.prvHeapInit
                0x00000000080083c8       0xc4 ./Middlewares/Third_Party/FreeRTOS/Source/portable/MemMang/heap_4.o
 .text.prvInsertBlockIntoFreeList
                0x000000000800848c       0xb0 ./Middlewares/Third_Party/FreeRTOS/Source/portable/MemMang/heap_4.o
 .text.atoi     0x000000000800853c        0x8 D:/PROGRAMS_INSTALLATION/STM32CubeIDE_1.14.1/STM32CubeIDE/plugins/com.st.stm32cube.ide.mcu.externaltools.gnu-tools-for-stm32.11.3.rel1.win32_1.1.100.202309141235/tools/bin/../lib/gcc/arm-none-eabi/11.3.1/../../../../arm-none-eabi/lib/thumb/v7-m/nofp\libc_nano.a(libc_a-atoi.o)
                0x000000000800853c                atoi
 .text._strtol_l.constprop.0
                0x0000000008008544       0xfc D:/PROGRAMS_INSTALLATION/STM32CubeIDE_1.14.1/STM32CubeIDE/plugins/com.st.stm32cube.ide.mcu.externaltools.gnu-tools-for-stm32.11.3.rel1.win32_1.1.100.202309141235/tools/bin/../lib/gcc/arm-none-eabi/11.3.1/../../../../arm-none-eabi/lib/thumb/v7-m/nofp\libc_nano.a(libc_a-strtol.o)
 .text.strtol   0x0000000008008640       0x14 D:/PROGRAMS_INSTALLATION/STM32CubeIDE_1.14.1/STM32CubeIDE/plugins/com.st.stm32cube.ide.mcu.externaltools.gnu-tools-for-stm32.11.3.rel1.win32_1.1.100.202309141235/tools/bin/../lib/gcc/arm-none-eabi/11.3.1/../../../../arm-none-eabi/lib/thumb/v7-m/nofp\libc_nano.a(libc_a-strtol.o)
                0x0000000008008640                strtol
 .text.memset   0x0000000008008654       0x10 D:/PROGRAMS_INSTALLATION/STM32CubeIDE_1.14.1/STM32CubeIDE/plugins/com.st.stm32cube.ide.mcu.externaltools.gnu-tools-for-stm32.11.3.rel1.win32_1.1.100.202309141235/tools/bin/../lib/gcc/arm-none-eabi/11.3.1/../../../../arm-none-eabi/lib/thumb/v7-m/nofp\libc_nano.a(libc_a-memset.o)
                0x0000000008008654                memset
 .text.__errno  0x0000000008008664        0xc D:/PROGRAMS_INSTALLATION/STM32CubeIDE_1.14.1/STM32CubeIDE/plugins/com.st.stm32cube.ide.mcu.externaltools.gnu-tools-for-stm32.11.3.rel1.win32_1.1.100.202309141235/tools/bin/../lib/gcc/arm-none-eabi/11.3.1/../../../../arm-none-eabi/lib/thumb/v7-m/nofp\libc_nano.a(libc_a-errno.o)
                0x0000000008008664                __errno
 .text.__libc_init_array
                0x0000000008008670       0x48 D:/PROGRAMS_INSTALLATION/STM32CubeIDE_1.14.1/STM32CubeIDE/plugins/com.st.stm32cube.ide.mcu.externaltools.gnu-tools-for-stm32.11.3.rel1.win32_1.1.100.202309141235/tools/bin/../lib/gcc/arm-none-eabi/11.3.1/../../../../arm-none-eabi/lib/thumb/v7-m/nofp\libc_nano.a(libc_a-init.o)
                0x0000000008008670                __libc_init_array
 .text.memcpy   0x00000000080086b8       0x1c D:/PROGRAMS_INSTALLATION/STM32CubeIDE_1.14.1/STM32CubeIDE/plugins/com.st.stm32cube.ide.mcu.externaltools.gnu-tools-for-stm32.11.3.rel1.win32_1.1.100.202309141235/tools/bin/../lib/gcc/arm-none-eabi/11.3.1/../../../../arm-none-eabi/lib/thumb/v7-m/nofp\libc_nano.a(libc_a-memcpy-stub.o)
                0x00000000080086b8                memcpy
 *(.glue_7)
 .glue_7        0x00000000080086d4        0x0 linker stubs
 *(.glue_7t)
 .glue_7t       0x00000000080086d4        0x0 linker stubs
 *(.eh_frame)
 .eh_frame      0x00000000080086d4        0x0 D:/PROGRAMS_INSTALLATION/STM32CubeIDE_1.14.1/STM32CubeIDE/plugins/com.st.stm32cube.ide.mcu.externaltools.gnu-tools-for-stm32.11.3.rel1.win32_1.1.100.202309141235/tools/bin/../lib/gcc/arm-none-eabi/11.3.1/thumb/v7-m/nofp/crtbegin.o
 *(.init)
 .init          0x00000000080086d4        0x4 D:/PROGRAMS_INSTALLATION/STM32CubeIDE_1.14.1/STM32CubeIDE/plugins/com.st.stm32cube.ide.mcu.externaltools.gnu-tools-for-stm32.11.3.rel1.win32_1.1.100.202309141235/tools/bin/../lib/gcc/arm-none-eabi/11.3.1/thumb/v7-m/nofp/crti.o
                0x00000000080086d4                _init
 .init          0x00000000080086d8        0x8 D:/PROGRAMS_INSTALLATION/STM32CubeIDE_1.14.1/STM32CubeIDE/plugins/com.st.stm32cube.ide.mcu.externaltools.gnu-tools-for-stm32.11.3.rel1.win32_1.1.100.202309141235/tools/bin/../lib/gcc/arm-none-eabi/11.3.1/thumb/v7-m/nofp/crtn.o
 *(.fini)
 .fini          0x00000000080086e0        0x4 D:/PROGRAMS_INSTALLATION/STM32CubeIDE_1.14.1/STM32CubeIDE/plugins/com.st.stm32cube.ide.mcu.externaltools.gnu-tools-for-stm32.11.3.rel1.win32_1.1.100.202309141235/tools/bin/../lib/gcc/arm-none-eabi/11.3.1/thumb/v7-m/nofp/crti.o
                0x00000000080086e0                _fini
 .fini          0x00000000080086e4        0x8 D:/PROGRAMS_INSTALLATION/STM32CubeIDE_1.14.1/STM32CubeIDE/plugins/com.st.stm32cube.ide.mcu.externaltools.gnu-tools-for-stm32.11.3.rel1.win32_1.1.100.202309141235/tools/bin/../lib/gcc/arm-none-eabi/11.3.1/thumb/v7-m/nofp/crtn.o
                0x00000000080086ec                . = ALIGN (0x4)
                0x00000000080086ec                _etext = .

.vfp11_veneer   0x00000000080086ec        0x0
 .vfp11_veneer  0x00000000080086ec        0x0 linker stubs

.v4_bx          0x00000000080086ec        0x0
 .v4_bx         0x00000000080086ec        0x0 linker stubs

.iplt           0x00000000080086ec        0x0
 .iplt          0x00000000080086ec        0x0 D:/PROGRAMS_INSTALLATION/STM32CubeIDE_1.14.1/STM32CubeIDE/plugins/com.st.stm32cube.ide.mcu.externaltools.gnu-tools-for-stm32.11.3.rel1.win32_1.1.100.202309141235/tools/bin/../lib/gcc/arm-none-eabi/11.3.1/thumb/v7-m/nofp/crtbegin.o

.rodata         0x00000000080086ec      0x354
                0x00000000080086ec                . = ALIGN (0x4)
 *(.rodata)
 .rodata        0x00000000080086ec       0x73 ./Core/Src/main.o
 *fill*         0x000000000800875f        0x1 
 .rodata        0x0000000008008760       0x30 ./Middlewares/Third_Party/FreeRTOS/Source/tasks.o
 .rodata        0x0000000008008790        0xd ./Middlewares/Third_Party/FreeRTOS/Source/timers.o
 *(.rodata*)
 *fill*         0x000000000800879d        0x3 
 .rodata.Startup_Task_attributes
                0x00000000080087a0       0x24 ./Core/Src/main.o
                0x00000000080087a0                Startup_Task_attributes
 .rodata.Calc_Dis_attributes
                0x00000000080087c4       0x24 ./Core/Src/main.o
                0x00000000080087c4                Calc_Dis_attributes
 .rodata.Local_attributes
                0x00000000080087e8       0x24 ./Core/Src/main.o
                0x00000000080087e8                Local_attributes
 .rodata.Check_Algo_attributes
                0x000000000800880c       0x24 ./Core/Src/main.o
                0x000000000800880c                Check_Algo_attributes
 .rodata.BSW_Algo_attributes
                0x0000000008008830       0x24 ./Core/Src/main.o
                0x0000000008008830                BSW_Algo_attributes
 .rodata.DPW_Algo_attributes
                0x0000000008008854       0x24 ./Core/Src/main.o
                0x0000000008008854                DPW_Algo_attributes
 .rodata.Receive_attributes
                0x0000000008008878       0x24 ./Core/Src/main.o
                0x0000000008008878                Receive_attributes
 .rodata.FCW_attributes
                0x000000000800889c       0x24 ./Core/Src/main.o
                0x000000000800889c                FCW_attributes
 .rodata.EEBL_attributes
                0x00000000080088c0       0x24 ./Core/Src/main.o
                0x00000000080088c0                EEBL_attributes
 .rodata.NRF_Mutex_attributes
                0x00000000080088e4       0x10 ./Core/Src/main.o
                0x00000000080088e4                NRF_Mutex_attributes
 .rodata.EventGroup_attributes
                0x00000000080088f4       0x10 ./Core/Src/main.o
                0x00000000080088f4                EventGroup_attributes
 .rodata.AHBPrescTable
                0x0000000008008904       0x10 ./Core/Src/system_stm32f1xx.o
                0x0000000008008904                AHBPrescTable
 .rodata.APBPrescTable
                0x0000000008008914        0x8 ./Core/Src/system_stm32f1xx.o
                0x0000000008008914                APBPrescTable
 .rodata.NRF24_ADDR_REGS
                0x000000000800891c        0x7 ./Drivers/ECUAL/NRF24/NRF.o
 *fill*         0x0000000008008923        0x1 
 .rodata.RF24_RX_PW_PIPE
                0x0000000008008924        0x6 ./Drivers/ECUAL/NRF24/NRF.o
 *fill*         0x000000000800892a        0x2 
 .rodata.aPLLMULFactorTable.1
                0x000000000800892c       0x10 ./Drivers/STM32F1xx_HAL_Driver/Src/stm32f1xx_hal_rcc.o
 .rodata.aPredivFactorTable.0
                0x000000000800893c        0x2 ./Drivers/STM32F1xx_HAL_Driver/Src/stm32f1xx_hal_rcc.o
 .rodata._ctype_
                0x000000000800893e      0x101 D:/PROGRAMS_INSTALLATION/STM32CubeIDE_1.14.1/STM32CubeIDE/plugins/com.st.stm32cube.ide.mcu.externaltools.gnu-tools-for-stm32.11.3.rel1.win32_1.1.100.202309141235/tools/bin/../lib/gcc/arm-none-eabi/11.3.1/../../../../arm-none-eabi/lib/thumb/v7-m/nofp\libc_nano.a(libc_a-ctype_.o)
                0x000000000800893e                _ctype_
                0x0000000008008a40                . = ALIGN (0x4)
 *fill*         0x0000000008008a3f        0x1 

.rel.dyn        0x0000000008008a40        0x0
 .rel.iplt      0x0000000008008a40        0x0 D:/PROGRAMS_INSTALLATION/STM32CubeIDE_1.14.1/STM32CubeIDE/plugins/com.st.stm32cube.ide.mcu.externaltools.gnu-tools-for-stm32.11.3.rel1.win32_1.1.100.202309141235/tools/bin/../lib/gcc/arm-none-eabi/11.3.1/thumb/v7-m/nofp/crtbegin.o

.ARM.extab      0x0000000008008a40        0x0
                0x0000000008008a40                . = ALIGN (0x4)
 *(.ARM.extab* .gnu.linkonce.armextab.*)
                0x0000000008008a40                . = ALIGN (0x4)

.ARM            0x0000000008008a40        0x0
                0x0000000008008a40                . = ALIGN (0x4)
                0x0000000008008a40                __exidx_start = .
 *(.ARM.exidx*)
                0x0000000008008a40                __exidx_end = .
                0x0000000008008a40                . = ALIGN (0x4)

.preinit_array  0x0000000008008a40        0x0
                0x0000000008008a40                . = ALIGN (0x4)
                0x0000000008008a40                PROVIDE (__preinit_array_start = .)
 *(.preinit_array*)
                0x0000000008008a40                PROVIDE (__preinit_array_end = .)
                0x0000000008008a40                . = ALIGN (0x4)

.init_array     0x0000000008008a40        0x4
                0x0000000008008a40                . = ALIGN (0x4)
                0x0000000008008a40                PROVIDE (__init_array_start = .)
 *(SORT_BY_NAME(.init_array.*))
 *(.init_array*)
 .init_array    0x0000000008008a40        0x4 D:/PROGRAMS_INSTALLATION/STM32CubeIDE_1.14.1/STM32CubeIDE/plugins/com.st.stm32cube.ide.mcu.externaltools.gnu-tools-for-stm32.11.3.rel1.win32_1.1.100.202309141235/tools/bin/../lib/gcc/arm-none-eabi/11.3.1/thumb/v7-m/nofp/crtbegin.o
                0x0000000008008a44                PROVIDE (__init_array_end = .)
                0x0000000008008a44                . = ALIGN (0x4)

.fini_array     0x0000000008008a44        0x4
                0x0000000008008a44                . = ALIGN (0x4)
                [!provide]                        PROVIDE (__fini_array_start = .)
 *(SORT_BY_NAME(.fini_array.*))
 *(.fini_array*)
 .fini_array    0x0000000008008a44        0x4 D:/PROGRAMS_INSTALLATION/STM32CubeIDE_1.14.1/STM32CubeIDE/plugins/com.st.stm32cube.ide.mcu.externaltools.gnu-tools-for-stm32.11.3.rel1.win32_1.1.100.202309141235/tools/bin/../lib/gcc/arm-none-eabi/11.3.1/thumb/v7-m/nofp/crtbegin.o
                [!provide]                        PROVIDE (__fini_array_end = .)
                0x0000000008008a48                . = ALIGN (0x4)
                0x0000000008008a48                _sidata = LOADADDR (.data)

.data           0x0000000020000000       0x88 load address 0x0000000008008a48
                0x0000000020000000                . = ALIGN (0x4)
                0x0000000020000000                _sdata = .
 *(.data)
 *(.data*)
 .data.RxpipeAddrs
                0x0000000020000000        0x8 ./Core/Src/main.o
                0x0000000020000000                RxpipeAddrs
 .data.AckPayload
                0x0000000020000008       0x20 ./Core/Src/main.o
                0x0000000020000008                AckPayload
 .data.SystemCoreClock
                0x0000000020000028        0x4 ./Core/Src/system_stm32f1xx.o
                0x0000000020000028                SystemCoreClock
 .data.uwTickPrio
                0x000000002000002c        0x4 ./Drivers/STM32F1xx_HAL_Driver/Src/stm32f1xx_hal.o
                0x000000002000002c                uwTickPrio
 .data.uwTickFreq
                0x0000000020000030        0x1 ./Drivers/STM32F1xx_HAL_Driver/Src/stm32f1xx_hal.o
                0x0000000020000030                uwTickFreq
 *fill*         0x0000000020000031        0x3 
 .data.uxCriticalNesting
                0x0000000020000034        0x4 ./Middlewares/Third_Party/FreeRTOS/Source/portable/GCC/ARM_CM3/port.o
 .data._impure_data
                0x0000000020000038       0x4c D:/PROGRAMS_INSTALLATION/STM32CubeIDE_1.14.1/STM32CubeIDE/plugins/com.st.stm32cube.ide.mcu.externaltools.gnu-tools-for-stm32.11.3.rel1.win32_1.1.100.202309141235/tools/bin/../lib/gcc/arm-none-eabi/11.3.1/../../../../arm-none-eabi/lib/thumb/v7-m/nofp\libc_nano.a(libc_a-impure.o)
                0x0000000020000038                _impure_data
 .data._impure_ptr
                0x0000000020000084        0x4 D:/PROGRAMS_INSTALLATION/STM32CubeIDE_1.14.1/STM32CubeIDE/plugins/com.st.stm32cube.ide.mcu.externaltools.gnu-tools-for-stm32.11.3.rel1.win32_1.1.100.202309141235/tools/bin/../lib/gcc/arm-none-eabi/11.3.1/../../../../arm-none-eabi/lib/thumb/v7-m/nofp\libc_nano.a(libc_a-impure.o)
                0x0000000020000084                _impure_ptr
 *(.RamFunc)
 *(.RamFunc*)
                0x0000000020000088                . = ALIGN (0x4)
                0x0000000020000088                _edata = .

.igot.plt       0x0000000020000088        0x0 load address 0x0000000008008ad0
 .igot.plt      0x0000000020000088        0x0 D:/PROGRAMS_INSTALLATION/STM32CubeIDE_1.14.1/STM32CubeIDE/plugins/com.st.stm32cube.ide.mcu.externaltools.gnu-tools-for-stm32.11.3.rel1.win32_1.1.100.202309141235/tools/bin/../lib/gcc/arm-none-eabi/11.3.1/thumb/v7-m/nofp/crtbegin.o
                0x0000000020000088                . = ALIGN (0x4)

.bss            0x0000000020000088     0x42c4 load address 0x0000000008008ad0
                0x0000000020000088                _sbss = .
                0x0000000020000088                __bss_start__ = _sbss
 *(.bss)
 .bss           0x0000000020000088       0x1c D:/PROGRAMS_INSTALLATION/STM32CubeIDE_1.14.1/STM32CubeIDE/plugins/com.st.stm32cube.ide.mcu.externaltools.gnu-tools-for-stm32.11.3.rel1.win32_1.1.100.202309141235/tools/bin/../lib/gcc/arm-none-eabi/11.3.1/thumb/v7-m/nofp/crtbegin.o
 *(.bss*)
 .bss.hspi1     0x00000000200000a4       0x58 ./Core/Src/main.o
                0x00000000200000a4                hspi1
 .bss.htim3     0x00000000200000fc       0x48 ./Core/Src/main.o
                0x00000000200000fc                htim3
 .bss.huart1    0x0000000020000144       0x48 ./Core/Src/main.o
                0x0000000020000144                huart1
 .bss.hdma_usart1_rx
                0x000000002000018c       0x44 ./Core/Src/main.o
                0x000000002000018c                hdma_usart1_rx
 .bss.Startup_TaskHandle
                0x00000000200001d0        0x4 ./Core/Src/main.o
                0x00000000200001d0                Startup_TaskHandle
 .bss.Calc_DisHandle
                0x00000000200001d4        0x4 ./Core/Src/main.o
                0x00000000200001d4                Calc_DisHandle
 .bss.LocalHandle
                0x00000000200001d8        0x4 ./Core/Src/main.o
                0x00000000200001d8                LocalHandle
 .bss.Check_AlgoHandle
                0x00000000200001dc        0x4 ./Core/Src/main.o
                0x00000000200001dc                Check_AlgoHandle
 .bss.BSW_AlgoHandle
                0x00000000200001e0        0x4 ./Core/Src/main.o
                0x00000000200001e0                BSW_AlgoHandle
 .bss.DPW_AlgoHandle
                0x00000000200001e4        0x4 ./Core/Src/main.o
                0x00000000200001e4                DPW_AlgoHandle
 .bss.ReceiveHandle
                0x00000000200001e8        0x4 ./Core/Src/main.o
                0x00000000200001e8                ReceiveHandle
 .bss.FCWHandle
                0x00000000200001ec        0x4 ./Core/Src/main.o
                0x00000000200001ec                FCWHandle
 .bss.EEBLHandle
                0x00000000200001f0        0x4 ./Core/Src/main.o
                0x00000000200001f0                EEBLHandle
 .bss.NRF_MutexHandle
                0x00000000200001f4        0x4 ./Core/Src/main.o
                0x00000000200001f4                NRF_MutexHandle
 .bss.EventGroupHandle
                0x00000000200001f8        0x4 ./Core/Src/main.o
                0x00000000200001f8                EventGroupHandle
 .bss.Distances_Buffer_str
                0x00000000200001fc      0x708 ./Core/Src/main.o
                0x00000000200001fc                Distances_Buffer_str
 .bss.Distances_Buffer
                0x0000000020000904      0x2d0 ./Core/Src/main.o
                0x0000000020000904                Distances_Buffer
 .bss.My_Direction
                0x0000000020000bd4        0x1 ./Core/Src/main.o
                0x0000000020000bd4                My_Direction
 *fill*         0x0000000020000bd5        0x3 
 .bss.Obstcales_Detection
                0x0000000020000bd8        0x4 ./Core/Src/main.o
                0x0000000020000bd8                Obstcales_Detection
 .bss.Front_Car_ID
                0x0000000020000bdc        0x1 ./Core/Src/main.o
                0x0000000020000bdc                Front_Car_ID
 .bss.Back_Car_ID
                0x0000000020000bdd        0x1 ./Core/Src/main.o
                0x0000000020000bdd                Back_Car_ID
 *fill*         0x0000000020000bde        0x2 
 .bss.Local_AvgDistance.0
                0x0000000020000be0       0x10 ./Core/Src/main.o
 .bss.htim4     0x0000000020000bf0       0x48 ./Core/Src/stm32f1xx_hal_timebase_tim.o
                0x0000000020000bf0                htim4
 .bss.ulHighFrequencyTimerTicks
                0x0000000020000c38        0x4 ./Core/Src/stm32f1xx_it.o
                0x0000000020000c38                ulHighFrequencyTimerTicks
 *fill*         0x0000000020000c3c        0x4 
 .bss.pipe0_reading_address
                0x0000000020000c40        0x8 ./Drivers/ECUAL/NRF24/NRF.o
 .bss.ack_payload_available
                0x0000000020000c48        0x1 ./Drivers/ECUAL/NRF24/NRF.o
 .bss.ack_payload_length
                0x0000000020000c49        0x1 ./Drivers/ECUAL/NRF24/NRF.o
 .bss.payload_size
                0x0000000020000c4a        0x1 ./Drivers/ECUAL/NRF24/NRF.o
 .bss.dynamic_payloads_enabled
                0x0000000020000c4b        0x1 ./Drivers/ECUAL/NRF24/NRF.o
 .bss.wide_band
                0x0000000020000c4c        0x1 ./Drivers/ECUAL/NRF24/NRF.o
 *fill*         0x0000000020000c4d        0x3 
 .bss.nrf24_PORT
                0x0000000020000c50        0x4 ./Drivers/ECUAL/NRF24/NRF.o
 .bss.nrf24_CSN_PIN
                0x0000000020000c54        0x2 ./Drivers/ECUAL/NRF24/NRF.o
 .bss.nrf24_CE_PIN
                0x0000000020000c56        0x2 ./Drivers/ECUAL/NRF24/NRF.o
 .bss.nrf24_hspi
                0x0000000020000c58       0x58 ./Drivers/ECUAL/NRF24/NRF.o
 .bss.uwTick    0x0000000020000cb0        0x4 ./Drivers/STM32F1xx_HAL_Driver/Src/stm32f1xx_hal.o
                0x0000000020000cb0                uwTick
 .bss.KernelState
                0x0000000020000cb4        0x4 ./Middlewares/Third_Party/FreeRTOS/Source/CMSIS_RTOS_V2/cmsis_os2.o
 .bss.Idle_TCB  0x0000000020000cb8       0x64 ./Middlewares/Third_Party/FreeRTOS/Source/CMSIS_RTOS_V2/cmsis_os2.o
 .bss.Idle_Stack
                0x0000000020000d1c      0x200 ./Middlewares/Third_Party/FreeRTOS/Source/CMSIS_RTOS_V2/cmsis_os2.o
 .bss.Timer_TCB
                0x0000000020000f1c       0x64 ./Middlewares/Third_Party/FreeRTOS/Source/CMSIS_RTOS_V2/cmsis_os2.o
 .bss.Timer_Stack
                0x0000000020000f80      0x400 ./Middlewares/Third_Party/FreeRTOS/Source/CMSIS_RTOS_V2/cmsis_os2.o
 .bss.xQueueRegistry
                0x0000000020001380       0x40 ./Middlewares/Third_Party/FreeRTOS/Source/queue.o
                0x0000000020001380                xQueueRegistry
 .bss.pxCurrentTCB
                0x00000000200013c0        0x4 ./Middlewares/Third_Party/FreeRTOS/Source/tasks.o
                0x00000000200013c0                pxCurrentTCB
 .bss.pxReadyTasksLists
                0x00000000200013c4      0x460 ./Middlewares/Third_Party/FreeRTOS/Source/tasks.o
 .bss.xDelayedTaskList1
                0x0000000020001824       0x14 ./Middlewares/Third_Party/FreeRTOS/Source/tasks.o
 .bss.xDelayedTaskList2
                0x0000000020001838       0x14 ./Middlewares/Third_Party/FreeRTOS/Source/tasks.o
 .bss.pxDelayedTaskList
                0x000000002000184c        0x4 ./Middlewares/Third_Party/FreeRTOS/Source/tasks.o
 .bss.pxOverflowDelayedTaskList
                0x0000000020001850        0x4 ./Middlewares/Third_Party/FreeRTOS/Source/tasks.o
 .bss.xPendingReadyList
                0x0000000020001854       0x14 ./Middlewares/Third_Party/FreeRTOS/Source/tasks.o
 .bss.xTasksWaitingTermination
                0x0000000020001868       0x14 ./Middlewares/Third_Party/FreeRTOS/Source/tasks.o
 .bss.uxDeletedTasksWaitingCleanUp
                0x000000002000187c        0x4 ./Middlewares/Third_Party/FreeRTOS/Source/tasks.o
 .bss.xSuspendedTaskList
                0x0000000020001880       0x14 ./Middlewares/Third_Party/FreeRTOS/Source/tasks.o
 .bss.uxCurrentNumberOfTasks
                0x0000000020001894        0x4 ./Middlewares/Third_Party/FreeRTOS/Source/tasks.o
 .bss.xTickCount
                0x0000000020001898        0x4 ./Middlewares/Third_Party/FreeRTOS/Source/tasks.o
 .bss.uxTopReadyPriority
                0x000000002000189c        0x4 ./Middlewares/Third_Party/FreeRTOS/Source/tasks.o
 .bss.xSchedulerRunning
                0x00000000200018a0        0x4 ./Middlewares/Third_Party/FreeRTOS/Source/tasks.o
 .bss.uxPendedTicks
                0x00000000200018a4        0x4 ./Middlewares/Third_Party/FreeRTOS/Source/tasks.o
 .bss.xYieldPending
                0x00000000200018a8        0x4 ./Middlewares/Third_Party/FreeRTOS/Source/tasks.o
 .bss.xNumOfOverflows
                0x00000000200018ac        0x4 ./Middlewares/Third_Party/FreeRTOS/Source/tasks.o
 .bss.uxTaskNumber
                0x00000000200018b0        0x4 ./Middlewares/Third_Party/FreeRTOS/Source/tasks.o
 .bss.xNextTaskUnblockTime
                0x00000000200018b4        0x4 ./Middlewares/Third_Party/FreeRTOS/Source/tasks.o
 .bss.xIdleTaskHandle
                0x00000000200018b8        0x4 ./Middlewares/Third_Party/FreeRTOS/Source/tasks.o
 .bss.uxSchedulerSuspended
                0x00000000200018bc        0x4 ./Middlewares/Third_Party/FreeRTOS/Source/tasks.o
 .bss.ulTaskSwitchedInTime
                0x00000000200018c0        0x4 ./Middlewares/Third_Party/FreeRTOS/Source/tasks.o
 .bss.ulTotalRunTime
                0x00000000200018c4        0x4 ./Middlewares/Third_Party/FreeRTOS/Source/tasks.o
 .bss.xActiveTimerList1
                0x00000000200018c8       0x14 ./Middlewares/Third_Party/FreeRTOS/Source/timers.o
 .bss.xActiveTimerList2
                0x00000000200018dc       0x14 ./Middlewares/Third_Party/FreeRTOS/Source/timers.o
 .bss.pxCurrentTimerList
                0x00000000200018f0        0x4 ./Middlewares/Third_Party/FreeRTOS/Source/timers.o
 .bss.pxOverflowTimerList
                0x00000000200018f4        0x4 ./Middlewares/Third_Party/FreeRTOS/Source/timers.o
 .bss.xTimerQueue
                0x00000000200018f8        0x4 ./Middlewares/Third_Party/FreeRTOS/Source/timers.o
 .bss.xTimerTaskHandle
                0x00000000200018fc        0x4 ./Middlewares/Third_Party/FreeRTOS/Source/timers.o
 .bss.xLastTime.2
                0x0000000020001900        0x4 ./Middlewares/Third_Party/FreeRTOS/Source/timers.o
 .bss.ucStaticTimerQueueStorage.1
                0x0000000020001904       0xa0 ./Middlewares/Third_Party/FreeRTOS/Source/timers.o
 .bss.xStaticTimerQueue.0
                0x00000000200019a4       0x50 ./Middlewares/Third_Party/FreeRTOS/Source/timers.o
 .bss.ucMaxSysCallPriority
                0x00000000200019f4        0x1 ./Middlewares/Third_Party/FreeRTOS/Source/portable/GCC/ARM_CM3/port.o
 *fill*         0x00000000200019f5        0x3 
 .bss.ulMaxPRIGROUPValue
                0x00000000200019f8        0x4 ./Middlewares/Third_Party/FreeRTOS/Source/portable/GCC/ARM_CM3/port.o
 .bss.ucHeap    0x00000000200019fc     0x2800 ./Middlewares/Third_Party/FreeRTOS/Source/portable/MemMang/heap_4.o
 .bss.xStart    0x00000000200041fc        0x8 ./Middlewares/Third_Party/FreeRTOS/Source/portable/MemMang/heap_4.o
 .bss.pxEnd     0x0000000020004204        0x4 ./Middlewares/Third_Party/FreeRTOS/Source/portable/MemMang/heap_4.o
 .bss.xFreeBytesRemaining
                0x0000000020004208        0x4 ./Middlewares/Third_Party/FreeRTOS/Source/portable/MemMang/heap_4.o
 .bss.xMinimumEverFreeBytesRemaining
                0x000000002000420c        0x4 ./Middlewares/Third_Party/FreeRTOS/Source/portable/MemMang/heap_4.o
 .bss.xBlockAllocatedBit
                0x0000000020004210        0x4 ./Middlewares/Third_Party/FreeRTOS/Source/portable/MemMang/heap_4.o
 .bss.__sf      0x0000000020004214      0x138 D:/PROGRAMS_INSTALLATION/STM32CubeIDE_1.14.1/STM32CubeIDE/plugins/com.st.stm32cube.ide.mcu.externaltools.gnu-tools-for-stm32.11.3.rel1.win32_1.1.100.202309141235/tools/bin/../lib/gcc/arm-none-eabi/11.3.1/../../../../arm-none-eabi/lib/thumb/v7-m/nofp\libc_nano.a(libc_a-findfp.o)
                0x0000000020004214                __sf
 *(COMMON)
                0x000000002000434c                . = ALIGN (0x4)
                0x000000002000434c                _ebss = .
                0x000000002000434c                __bss_end__ = _ebss

._user_heap_stack
                0x000000002000434c      0x604 load address 0x0000000008008ad0
                0x0000000020004350                . = ALIGN (0x8)
 *fill*         0x000000002000434c        0x4 
                [!provide]                        PROVIDE (end = .)
                0x0000000020004350                PROVIDE (_end = .)
                0x0000000020004550                . = (. + _Min_Heap_Size)
 *fill*         0x0000000020004350      0x200 
                0x0000000020004950                . = (. + _Min_Stack_Size)
 *fill*         0x0000000020004550      0x400 
                0x0000000020004950                . = ALIGN (0x8)

/DISCARD/
 libc.a(*)
 libm.a(*)
 libgcc.a(*)

.ARM.attributes
                0x0000000000000000       0x29
 *(.ARM.attributes)
 .ARM.attributes
                0x0000000000000000       0x1d D:/PROGRAMS_INSTALLATION/STM32CubeIDE_1.14.1/STM32CubeIDE/plugins/com.st.stm32cube.ide.mcu.externaltools.gnu-tools-for-stm32.11.3.rel1.win32_1.1.100.202309141235/tools/bin/../lib/gcc/arm-none-eabi/11.3.1/thumb/v7-m/nofp/crti.o
 .ARM.attributes
                0x000000000000001d       0x2d D:/PROGRAMS_INSTALLATION/STM32CubeIDE_1.14.1/STM32CubeIDE/plugins/com.st.stm32cube.ide.mcu.externaltools.gnu-tools-for-stm32.11.3.rel1.win32_1.1.100.202309141235/tools/bin/../lib/gcc/arm-none-eabi/11.3.1/thumb/v7-m/nofp/crtbegin.o
 .ARM.attributes
                0x000000000000004a       0x2d ./Core/Src/freertos.o
 .ARM.attributes
                0x0000000000000077       0x2d ./Core/Src/main.o
 .ARM.attributes
                0x00000000000000a4       0x2d ./Core/Src/stm32f1xx_hal_msp.o
 .ARM.attributes
                0x00000000000000d1       0x2d ./Core/Src/stm32f1xx_hal_timebase_tim.o
 .ARM.attributes
                0x00000000000000fe       0x2d ./Core/Src/stm32f1xx_it.o
 .ARM.attributes
                0x000000000000012b       0x2d ./Core/Src/system_stm32f1xx.o
 .ARM.attributes
                0x0000000000000158       0x21 ./Core/Startup/startup_stm32f103c8tx.o
 .ARM.attributes
                0x0000000000000179       0x2d ./Drivers/ECUAL/NRF24/NRF.o
 .ARM.attributes
                0x00000000000001a6       0x2d ./Drivers/STM32F1xx_HAL_Driver/Src/stm32f1xx_hal.o
 .ARM.attributes
                0x00000000000001d3       0x2d ./Drivers/STM32F1xx_HAL_Driver/Src/stm32f1xx_hal_cortex.o
 .ARM.attributes
                0x0000000000000200       0x2d ./Drivers/STM32F1xx_HAL_Driver/Src/stm32f1xx_hal_dma.o
 .ARM.attributes
                0x000000000000022d       0x2d ./Drivers/STM32F1xx_HAL_Driver/Src/stm32f1xx_hal_gpio.o
 .ARM.attributes
                0x000000000000025a       0x2d ./Drivers/STM32F1xx_HAL_Driver/Src/stm32f1xx_hal_rcc.o
 .ARM.attributes
                0x0000000000000287       0x2d ./Drivers/STM32F1xx_HAL_Driver/Src/stm32f1xx_hal_spi.o
 .ARM.attributes
                0x00000000000002b4       0x2d ./Drivers/STM32F1xx_HAL_Driver/Src/stm32f1xx_hal_tim.o
 .ARM.attributes
                0x00000000000002e1       0x2d ./Drivers/STM32F1xx_HAL_Driver/Src/stm32f1xx_hal_tim_ex.o
 .ARM.attributes
                0x000000000000030e       0x2d ./Drivers/STM32F1xx_HAL_Driver/Src/stm32f1xx_hal_uart.o
 .ARM.attributes
                0x000000000000033b       0x2d ./Middlewares/Third_Party/FreeRTOS/Source/CMSIS_RTOS_V2/cmsis_os2.o
 .ARM.attributes
                0x0000000000000368       0x2d ./Middlewares/Third_Party/FreeRTOS/Source/event_groups.o
 .ARM.attributes
                0x0000000000000395       0x2d ./Middlewares/Third_Party/FreeRTOS/Source/list.o
 .ARM.attributes
                0x00000000000003c2       0x2d ./Middlewares/Third_Party/FreeRTOS/Source/queue.o
 .ARM.attributes
                0x00000000000003ef       0x2d ./Middlewares/Third_Party/FreeRTOS/Source/tasks.o
 .ARM.attributes
                0x000000000000041c       0x2d ./Middlewares/Third_Party/FreeRTOS/Source/timers.o
 .ARM.attributes
                0x0000000000000449       0x2d ./Middlewares/Third_Party/FreeRTOS/Source/portable/GCC/ARM_CM3/port.o
 .ARM.attributes
                0x0000000000000476       0x2d ./Middlewares/Third_Party/FreeRTOS/Source/portable/MemMang/heap_4.o
 .ARM.attributes
                0x00000000000004a3       0x2d D:/PROGRAMS_INSTALLATION/STM32CubeIDE_1.14.1/STM32CubeIDE/plugins/com.st.stm32cube.ide.mcu.externaltools.gnu-tools-for-stm32.11.3.rel1.win32_1.1.100.202309141235/tools/bin/../lib/gcc/arm-none-eabi/11.3.1/../../../../arm-none-eabi/lib/thumb/v7-m/nofp\libc_nano.a(libc_a-atoi.o)
 .ARM.attributes
                0x00000000000004d0       0x2d D:/PROGRAMS_INSTALLATION/STM32CubeIDE_1.14.1/STM32CubeIDE/plugins/com.st.stm32cube.ide.mcu.externaltools.gnu-tools-for-stm32.11.3.rel1.win32_1.1.100.202309141235/tools/bin/../lib/gcc/arm-none-eabi/11.3.1/../../../../arm-none-eabi/lib/thumb/v7-m/nofp\libc_nano.a(libc_a-strtol.o)
 .ARM.attributes
                0x00000000000004fd       0x2d D:/PROGRAMS_INSTALLATION/STM32CubeIDE_1.14.1/STM32CubeIDE/plugins/com.st.stm32cube.ide.mcu.externaltools.gnu-tools-for-stm32.11.3.rel1.win32_1.1.100.202309141235/tools/bin/../lib/gcc/arm-none-eabi/11.3.1/../../../../arm-none-eabi/lib/thumb/v7-m/nofp\libc_nano.a(libc_a-ctype_.o)
 .ARM.attributes
                0x000000000000052a       0x2d D:/PROGRAMS_INSTALLATION/STM32CubeIDE_1.14.1/STM32CubeIDE/plugins/com.st.stm32cube.ide.mcu.externaltools.gnu-tools-for-stm32.11.3.rel1.win32_1.1.100.202309141235/tools/bin/../lib/gcc/arm-none-eabi/11.3.1/../../../../arm-none-eabi/lib/thumb/v7-m/nofp\libc_nano.a(libc_a-findfp.o)
 .ARM.attributes
                0x0000000000000557       0x2d D:/PROGRAMS_INSTALLATION/STM32CubeIDE_1.14.1/STM32CubeIDE/plugins/com.st.stm32cube.ide.mcu.externaltools.gnu-tools-for-stm32.11.3.rel1.win32_1.1.100.202309141235/tools/bin/../lib/gcc/arm-none-eabi/11.3.1/../../../../arm-none-eabi/lib/thumb/v7-m/nofp\libc_nano.a(libc_a-memset.o)
 .ARM.attributes
                0x0000000000000584       0x2d D:/PROGRAMS_INSTALLATION/STM32CubeIDE_1.14.1/STM32CubeIDE/plugins/com.st.stm32cube.ide.mcu.externaltools.gnu-tools-for-stm32.11.3.rel1.win32_1.1.100.202309141235/tools/bin/../lib/gcc/arm-none-eabi/11.3.1/../../../../arm-none-eabi/lib/thumb/v7-m/nofp\libc_nano.a(libc_a-impure.o)
 .ARM.attributes
                0x00000000000005b1       0x2d D:/PROGRAMS_INSTALLATION/STM32CubeIDE_1.14.1/STM32CubeIDE/plugins/com.st.stm32cube.ide.mcu.externaltools.gnu-tools-for-stm32.11.3.rel1.win32_1.1.100.202309141235/tools/bin/../lib/gcc/arm-none-eabi/11.3.1/../../../../arm-none-eabi/lib/thumb/v7-m/nofp\libc_nano.a(libc_a-errno.o)
 .ARM.attributes
                0x00000000000005de       0x2d D:/PROGRAMS_INSTALLATION/STM32CubeIDE_1.14.1/STM32CubeIDE/plugins/com.st.stm32cube.ide.mcu.externaltools.gnu-tools-for-stm32.11.3.rel1.win32_1.1.100.202309141235/tools/bin/../lib/gcc/arm-none-eabi/11.3.1/../../../../arm-none-eabi/lib/thumb/v7-m/nofp\libc_nano.a(libc_a-init.o)
 .ARM.attributes
                0x000000000000060b       0x2d D:/PROGRAMS_INSTALLATION/STM32CubeIDE_1.14.1/STM32CubeIDE/plugins/com.st.stm32cube.ide.mcu.externaltools.gnu-tools-for-stm32.11.3.rel1.win32_1.1.100.202309141235/tools/bin/../lib/gcc/arm-none-eabi/11.3.1/../../../../arm-none-eabi/lib/thumb/v7-m/nofp\libc_nano.a(libc_a-memcpy-stub.o)
 .ARM.attributes
                0x0000000000000638       0x1d D:/PROGRAMS_INSTALLATION/STM32CubeIDE_1.14.1/STM32CubeIDE/plugins/com.st.stm32cube.ide.mcu.externaltools.gnu-tools-for-stm32.11.3.rel1.win32_1.1.100.202309141235/tools/bin/../lib/gcc/arm-none-eabi/11.3.1/thumb/v7-m/nofp/crtn.o
OUTPUT(NRF_Module.elf elf32-littlearm)
LOAD linker stubs
LOAD D:/PROGRAMS_INSTALLATION/STM32CubeIDE_1.14.1/STM32CubeIDE/plugins/com.st.stm32cube.ide.mcu.externaltools.gnu-tools-for-stm32.11.3.rel1.win32_1.1.100.202309141235/tools/bin/../lib/gcc/arm-none-eabi/11.3.1/../../../../arm-none-eabi/lib/thumb/v7-m/nofp\libc.a
LOAD D:/PROGRAMS_INSTALLATION/STM32CubeIDE_1.14.1/STM32CubeIDE/plugins/com.st.stm32cube.ide.mcu.externaltools.gnu-tools-for-stm32.11.3.rel1.win32_1.1.100.202309141235/tools/bin/../lib/gcc/arm-none-eabi/11.3.1/../../../../arm-none-eabi/lib/thumb/v7-m/nofp\libm.a
LOAD D:/PROGRAMS_INSTALLATION/STM32CubeIDE_1.14.1/STM32CubeIDE/plugins/com.st.stm32cube.ide.mcu.externaltools.gnu-tools-for-stm32.11.3.rel1.win32_1.1.100.202309141235/tools/bin/../lib/gcc/arm-none-eabi/11.3.1/thumb/v7-m/nofp\libgcc.a

.comment        0x0000000000000000       0x43
 .comment       0x0000000000000000       0x43 D:/PROGRAMS_INSTALLATION/STM32CubeIDE_1.14.1/STM32CubeIDE/plugins/com.st.stm32cube.ide.mcu.externaltools.gnu-tools-for-stm32.11.3.rel1.win32_1.1.100.202309141235/tools/bin/../lib/gcc/arm-none-eabi/11.3.1/thumb/v7-m/nofp/crtbegin.o
                                         0x44 (size before relaxing)
 .comment       0x0000000000000043       0x44 ./Core/Src/freertos.o
 .comment       0x0000000000000043       0x44 ./Core/Src/main.o
 .comment       0x0000000000000043       0x44 ./Core/Src/stm32f1xx_hal_msp.o
 .comment       0x0000000000000043       0x44 ./Core/Src/stm32f1xx_hal_timebase_tim.o
 .comment       0x0000000000000043       0x44 ./Core/Src/stm32f1xx_it.o
 .comment       0x0000000000000043       0x44 ./Core/Src/system_stm32f1xx.o
 .comment       0x0000000000000043       0x44 ./Drivers/ECUAL/NRF24/NRF.o
 .comment       0x0000000000000043       0x44 ./Drivers/STM32F1xx_HAL_Driver/Src/stm32f1xx_hal.o
 .comment       0x0000000000000043       0x44 ./Drivers/STM32F1xx_HAL_Driver/Src/stm32f1xx_hal_cortex.o
 .comment       0x0000000000000043       0x44 ./Drivers/STM32F1xx_HAL_Driver/Src/stm32f1xx_hal_dma.o
 .comment       0x0000000000000043       0x44 ./Drivers/STM32F1xx_HAL_Driver/Src/stm32f1xx_hal_gpio.o
 .comment       0x0000000000000043       0x44 ./Drivers/STM32F1xx_HAL_Driver/Src/stm32f1xx_hal_rcc.o
 .comment       0x0000000000000043       0x44 ./Drivers/STM32F1xx_HAL_Driver/Src/stm32f1xx_hal_spi.o
 .comment       0x0000000000000043       0x44 ./Drivers/STM32F1xx_HAL_Driver/Src/stm32f1xx_hal_tim.o
 .comment       0x0000000000000043       0x44 ./Drivers/STM32F1xx_HAL_Driver/Src/stm32f1xx_hal_tim_ex.o
 .comment       0x0000000000000043       0x44 ./Drivers/STM32F1xx_HAL_Driver/Src/stm32f1xx_hal_uart.o
 .comment       0x0000000000000043       0x44 ./Middlewares/Third_Party/FreeRTOS/Source/CMSIS_RTOS_V2/cmsis_os2.o
 .comment       0x0000000000000043       0x44 ./Middlewares/Third_Party/FreeRTOS/Source/event_groups.o
 .comment       0x0000000000000043       0x44 ./Middlewares/Third_Party/FreeRTOS/Source/list.o
 .comment       0x0000000000000043       0x44 ./Middlewares/Third_Party/FreeRTOS/Source/queue.o
 .comment       0x0000000000000043       0x44 ./Middlewares/Third_Party/FreeRTOS/Source/tasks.o
 .comment       0x0000000000000043       0x44 ./Middlewares/Third_Party/FreeRTOS/Source/timers.o
 .comment       0x0000000000000043       0x44 ./Middlewares/Third_Party/FreeRTOS/Source/portable/GCC/ARM_CM3/port.o
 .comment       0x0000000000000043       0x44 ./Middlewares/Third_Party/FreeRTOS/Source/portable/MemMang/heap_4.o

.debug_info     0x0000000000000000    0x1a8a4
 .debug_info    0x0000000000000000      0x67c ./Core/Src/freertos.o
 .debug_info    0x000000000000067c     0x1fd2 ./Core/Src/main.o
 .debug_info    0x000000000000264e     0x1091 ./Core/Src/stm32f1xx_hal_msp.o
 .debug_info    0x00000000000036df      0x9a8 ./Core/Src/stm32f1xx_hal_timebase_tim.o
 .debug_info    0x0000000000004087      0x6fc ./Core/Src/stm32f1xx_it.o
 .debug_info    0x0000000000004783      0x222 ./Core/Src/system_stm32f1xx.o
 .debug_info    0x00000000000049a5       0x23 ./Core/Startup/startup_stm32f103c8tx.o
 .debug_info    0x00000000000049c8     0x1480 ./Drivers/ECUAL/NRF24/NRF.o
 .debug_info    0x0000000000005e48      0x704 ./Drivers/STM32F1xx_HAL_Driver/Src/stm32f1xx_hal.o
 .debug_info    0x000000000000654c      0xa87 ./Drivers/STM32F1xx_HAL_Driver/Src/stm32f1xx_hal_cortex.o
 .debug_info    0x0000000000006fd3      0x6d2 ./Drivers/STM32F1xx_HAL_Driver/Src/stm32f1xx_hal_dma.o
 .debug_info    0x00000000000076a5      0x5ab ./Drivers/STM32F1xx_HAL_Driver/Src/stm32f1xx_hal_gpio.o
 .debug_info    0x0000000000007c50      0x7d5 ./Drivers/STM32F1xx_HAL_Driver/Src/stm32f1xx_hal_rcc.o
 .debug_info    0x0000000000008425     0x1503 ./Drivers/STM32F1xx_HAL_Driver/Src/stm32f1xx_hal_spi.o
 .debug_info    0x0000000000009928     0x293b ./Drivers/STM32F1xx_HAL_Driver/Src/stm32f1xx_hal_tim.o
 .debug_info    0x000000000000c263     0x149b ./Drivers/STM32F1xx_HAL_Driver/Src/stm32f1xx_hal_tim_ex.o
 .debug_info    0x000000000000d6fe     0x2fa8 ./Drivers/STM32F1xx_HAL_Driver/Src/stm32f1xx_hal_uart.o
 .debug_info    0x00000000000106a6     0x39ee ./Middlewares/Third_Party/FreeRTOS/Source/CMSIS_RTOS_V2/cmsis_os2.o
 .debug_info    0x0000000000014094      0xbb8 ./Middlewares/Third_Party/FreeRTOS/Source/event_groups.o
 .debug_info    0x0000000000014c4c      0x2aa ./Middlewares/Third_Party/FreeRTOS/Source/list.o
 .debug_info    0x0000000000014ef6     0x1abf ./Middlewares/Third_Party/FreeRTOS/Source/queue.o
 .debug_info    0x00000000000169b5     0x22c9 ./Middlewares/Third_Party/FreeRTOS/Source/tasks.o
 .debug_info    0x0000000000018c7e     0x13cf ./Middlewares/Third_Party/FreeRTOS/Source/timers.o
 .debug_info    0x000000000001a04d      0x494 ./Middlewares/Third_Party/FreeRTOS/Source/portable/GCC/ARM_CM3/port.o
 .debug_info    0x000000000001a4e1      0x3c3 ./Middlewares/Third_Party/FreeRTOS/Source/portable/MemMang/heap_4.o

.debug_abbrev   0x0000000000000000     0x3cbe
 .debug_abbrev  0x0000000000000000      0x198 ./Core/Src/freertos.o
 .debug_abbrev  0x0000000000000198      0x330 ./Core/Src/main.o
 .debug_abbrev  0x00000000000004c8      0x249 ./Core/Src/stm32f1xx_hal_msp.o
 .debug_abbrev  0x0000000000000711      0x1f3 ./Core/Src/stm32f1xx_hal_timebase_tim.o
 .debug_abbrev  0x0000000000000904      0x1a9 ./Core/Src/stm32f1xx_it.o
 .debug_abbrev  0x0000000000000aad      0x13f ./Core/Src/system_stm32f1xx.o
 .debug_abbrev  0x0000000000000bec       0x12 ./Core/Startup/startup_stm32f103c8tx.o
 .debug_abbrev  0x0000000000000bfe      0x351 ./Drivers/ECUAL/NRF24/NRF.o
 .debug_abbrev  0x0000000000000f4f      0x201 ./Drivers/STM32F1xx_HAL_Driver/Src/stm32f1xx_hal.o
 .debug_abbrev  0x0000000000001150      0x2f8 ./Drivers/STM32F1xx_HAL_Driver/Src/stm32f1xx_hal_cortex.o
 .debug_abbrev  0x0000000000001448      0x20b ./Drivers/STM32F1xx_HAL_Driver/Src/stm32f1xx_hal_dma.o
 .debug_abbrev  0x0000000000001653      0x1ca ./Drivers/STM32F1xx_HAL_Driver/Src/stm32f1xx_hal_gpio.o
 .debug_abbrev  0x000000000000181d      0x2b3 ./Drivers/STM32F1xx_HAL_Driver/Src/stm32f1xx_hal_rcc.o
 .debug_abbrev  0x0000000000001ad0      0x284 ./Drivers/STM32F1xx_HAL_Driver/Src/stm32f1xx_hal_spi.o
 .debug_abbrev  0x0000000000001d54      0x277 ./Drivers/STM32F1xx_HAL_Driver/Src/stm32f1xx_hal_tim.o
 .debug_abbrev  0x0000000000001fcb      0x282 ./Drivers/STM32F1xx_HAL_Driver/Src/stm32f1xx_hal_tim_ex.o
 .debug_abbrev  0x000000000000224d      0x2f8 ./Drivers/STM32F1xx_HAL_Driver/Src/stm32f1xx_hal_uart.o
 .debug_abbrev  0x0000000000002545      0x44c ./Middlewares/Third_Party/FreeRTOS/Source/CMSIS_RTOS_V2/cmsis_os2.o
 .debug_abbrev  0x0000000000002991      0x322 ./Middlewares/Third_Party/FreeRTOS/Source/event_groups.o
 .debug_abbrev  0x0000000000002cb3       0xf5 ./Middlewares/Third_Party/FreeRTOS/Source/list.o
 .debug_abbrev  0x0000000000002da8      0x3ce ./Middlewares/Third_Party/FreeRTOS/Source/queue.o