../Drivers/ECUAL/NRF24/NRF.c:48:6:NRF24_DelayMicroSeconds	24	static
../Drivers/ECUAL/NRF24/NRF.c:56:6:NRF24_csn	16	static
../Drivers/ECUAL/NRF24/NRF.c:62:6:NRF24_ce	16	static
../Drivers/ECUAL/NRF24/NRF.c:68:9:NRF24_read_register	24	static
../Drivers/ECUAL/NRF24/NRF.c:85:6:NRF24_read_registerN	24	static
../Drivers/ECUAL/NRF24/NRF.c:100:6:NRF24_write_register	24	static
../Drivers/ECUAL/NRF24/NRF.c:113:6:NRF24_write_registerN	24	static
../Drivers/ECUAL/NRF24/NRF.c:126:6:NRF24_write_payload	24	static
../Drivers/ECUAL/NRF24/NRF.c:139:6:NRF24_read_payload	24	static
../Drivers/ECUAL/NRF24/NRF.c:153:6:NRF24_flush_tx	8	static
../Drivers/ECUAL/NRF24/NRF.c:158:6:NRF24_flush_rx	8	static
../Drivers/ECUAL/NRF24/NRF.c:163:9:NRF24_get_status	16	static
../Drivers/ECUAL/NRF24/NRF.c:171:6:NRF24_begin	16	static
../Drivers/ECUAL/NRF24/NRF.c:263:6:NRF24_startListening	8	static
../Drivers/ECUAL/NRF24/NRF.c:280:6:NRF24_stopListening	8	static
../Drivers/ECUAL/NRF24/NRF.c:287:6:NRF24_write	32	static
../Drivers/ECUAL/NRF24/NRF.c:323:6:NRF24_available	8	static
../Drivers/ECUAL/NRF24/NRF.c:328:6:NRF24_read	24	static
../Drivers/ECUAL/NRF24/NRF.c:337:6:NRF24_openWritingPipe	24	static
../Drivers/ECUAL/NRF24/NRF.c:346:6:NRF24_openReadingPipe	24	static
../Drivers/ECUAL/NRF24/NRF.c:374:6:NRF24_setRetries	16	static
../Drivers/ECUAL/NRF24/NRF.c:382:6:NRF24_setChannel	24	static
../Drivers/ECUAL/NRF24/NRF.c:391:6:NRF24_setPayloadSize	24	static
../Drivers/ECUAL/NRF24/NRF.c:400:9:NRF24_getPayloadSize	4	static
../Drivers/ECUAL/NRF24/NRF.c:408:9:NRF24_getDynamicPayloadSize	8	static
../Drivers/ECUAL/NRF24/NRF.c:413:6:NRF24_enableAckPayload	8	static
../Drivers/ECUAL/NRF24/NRF.c:429:6:NRF24_enableDynamicPayloads	8	static
../Drivers/ECUAL/NRF24/NRF.c:446:6:NRF24_disableDynamicPayloads	8	static
../Drivers/ECUAL/NRF24/NRF.c:457:6:NRF24_isNRF_Plus	4	static
../Drivers/ECUAL/NRF24/NRF.c:462:6:NRF24_setAutoAck	16	static
../Drivers/ECUAL/NRF24/NRF.c:470:6:NRF24_setAutoAckPipe	24	static
../Drivers/ECUAL/NRF24/NRF.c:487:6:NRF24_setPALevel	24	static
../Drivers/ECUAL/NRF24/NRF.c:518:15:NRF24_getPALevel	16	static
../Drivers/ECUAL/NRF24/NRF.c:544:6:NRF24_setDataRate	24	static
../Drivers/ECUAL/NRF24/NRF.c:589:17:NRF24_getDataRate	16	static
../Drivers/ECUAL/NRF24/NRF.c:614:6:NRF24_setCRCLength	24	static
../Drivers/ECUAL/NRF24/NRF.c:634:6:NRF24_ActivateRXInterrupt	16	static
../Drivers/ECUAL/NRF24/NRF.c:639:6:NRF24_ActivateTXInterrupt	16	static
../Drivers/ECUAL/NRF24/NRF.c:644:6:NRF24_ActivateMaxInterrupt	16	static
../Drivers/ECUAL/NRF24/NRF.c:650:18:NRF24_getCRCLength	16	static
../Drivers/ECUAL/NRF24/NRF.c:666:6:NRF24_disableCRC	16	static
../Drivers/ECUAL/NRF24/NRF.c:672:6:NRF24_powerUp	8	static
../Drivers/ECUAL/NRF24/NRF.c:677:6:NRF24_powerDown	8	static
../Drivers/ECUAL/NRF24/NRF.c:682:6:NRF24_availablePipe	24	static
../Drivers/ECUAL/NRF24/NRF.c:706:6:NRF24_startWrite	16	static
../Drivers/ECUAL/NRF24/NRF.c:723:6:NRF24_writeAckPayload	24	static
../Drivers/ECUAL/NRF24/NRF.c:734:6:NRF24_isAckPayloadAvailable	16	static
../Drivers/ECUAL/NRF24/NRF.c:741:6:NRF24_whatHappened	32	static
../Drivers/ECUAL/NRF24/NRF.c:752:6:NRF24_testCarrier	8	static
../Drivers/ECUAL/NRF24/NRF.c:757:6:NRF24_testRPD	8	static
../Drivers/ECUAL/NRF24/NRF.c:763:6:NRF24_resetStatus	8	static
../Drivers/ECUAL/NRF24/NRF.c:774:6:NRF24_ACTIVATE_cmd	16	static
../Drivers/ECUAL/NRF24/NRF.c:788:9:NRF24_GetAckPayloadSize	4	static
