../Core/Src/main.c:845:6:Init_Task	88	static
../Core/Src/main.c:1078:6:DPW_Algorithm	40	static
../Core/Src/main.c:916:6:Localization	24	static
../Core/Src/main.c:953:6:Check_Algorithm	8	static
../Core/Src/main.c:1310:6:EEBL_Algorithm	16	static
../Core/Src/main.c:394:6:SystemClock_Config	88	static,ignoring_inline_asm
../Core/Src/main.c:272:5:main	56	static,ignoring_inline_asm
../Core/Src/main.c:680:6:HAL_GPIO_EXTI_Callback	0	static
../Core/Src/main.c:694:6:HAL_UART_RxCpltCallback	0	static
../Core/Src/main.c:709:12:_CalcAvgDistance	20	static
../Core/Src/main.c:883:6:Distance_Calc	24	static
../Core/Src/main.c:743:6:_vSSD1306_ForwardCollisionWarning	24	static
../Core/Src/main.c:1285:6:FCW_Algorithm	8	static
../Core/Src/main.c:754:6:_vSSD1306_BlindSpotWarning	24	static
../Core/Src/main.c:989:6:BSW_Algorithm	32	static
../Core/Src/main.c:779:6:_vSSD1306_EmergencyElectronicBrake	24	static
../Core/Src/main.c:794:6:_vSSD1306_DontPassWarning	24	static
../Core/Src/main.c:1181:6:Wireless_Receiving	48	static
../Core/Src/main.c:1346:6:HAL_TIM_PeriodElapsedCallback	0	static
../Core/Src/main.c:1363:6:Error_Handler	0	static,ignoring_inline_asm
