../Core/Src/main.c:208:5:main	8	static
../Core/Src/main.c:315:6:SystemClock_Config	72	static
../Core/Src/main.c:355:13:MX_SPI1_Init	8	static
../Core/Src/main.c:393:13:MX_TIM3_Init	40	static
../Core/Src/main.c:439:13:MX_USART1_UART_Init	8	static
../Core/Src/main.c:470:13:MX_DMA_Init	16	static
../Core/Src/main.c:488:13:MX_GPIO_Init	32	static
../Core/Src/main.c:523:6:HAL_GPIO_EXTI_Callback	16	static
../Core/Src/main.c:531:6:HAL_UART_RxCpltCallback	16	static
../Core/Src/main.c:537:11:_CalcAvgDistance	32	static
../Core/Src/main.c:570:6:Init_Task	96	static
../Core/Src/main.c:604:6:Distance_Calc	16	static
../Core/Src/main.c:627:6:Localization	32	static
../Core/Src/main.c:662:6:Algo_Check	24	static
../Core/Src/main.c:700:6:BSW_Check	24	static
../Core/Src/main.c:768:6:DPW_Check	24	static
../Core/Src/main.c:836:6:WirelessReceive	64	static
../Core/Src/main.c:938:6:HAL_TIM_PeriodElapsedCallback	16	static
../Core/Src/main.c:955:6:Error_Handler	4	static,ignoring_inline_asm
