../Core/Src/main.c:116:5:main	128	static
../Core/Src/main.c:204:6:SystemClock_Config	72	static
../Core/Src/main.c:244:13:MX_SPI1_Init	8	static
../Core/Src/main.c:282:13:MX_USART1_UART_Init	8	static
../Core/Src/main.c:313:13:MX_DMA_Init	16	static
../Core/Src/main.c:331:13:MX_GPIO_Init	32	static
../Core/Src/main.c:366:6:HAL_GPIO_EXTI_Callback	88	static
../Core/Src/main.c:426:6:Init_Task	96	static
../Core/Src/main.c:459:6:Distance_Calc	16	static
../Core/Src/main.c:477:6:Localization	32	static
../Core/Src/main.c:505:6:Algo_Check	24	static
../Core/Src/main.c:546:6:HAL_TIM_PeriodElapsedCallback	16	static
../Core/Src/main.c:563:6:Error_Handler	4	static,ignoring_inline_asm
